178.104.19.51 - - [11/Apr/2026:17:45:55 +0000] "GET /remote/login HTTP/1.1" 404 598 "-" "Mozilla/5.0 (Windows NT 10.0; Win64; x64) AppleWebKit/537.36 (KHTML, like Gecko) Chrome/131.0.0.0 Safari/537.36"
116.212.132.63 - - [11/Apr/2026:17:46:04 +0000] "GET /uploads/citizenship/00607e30136d4d9c68b270d04452583a.php?Ayamsunkitchenenakjuga=Bebekpanggangsunkitchen69 HTTP/1.1" 200 693 "https://studentportal.tufohss.edu.np/uploads/citizenship/00607e30136d4d9c68b270d04452583a.php?Ayamsunkitchenenakjuga=Bebekpanggangsunkitchen69" "Mozilla/5.0 (Windows NT 10.0; Win64; x64) AppleWebKit/537.36 (KHTML, like Gecko) Chrome/146.0.0.0 Safari/537.36"
116.212.132.63 - - [11/Apr/2026:17:46:14 +0000] "GET /uploads/citizenship/00607e30136d4d9c68b270d04452583a.php?Ayamsunkitchenenakjuga=Bebekpanggangsunkitchen69 HTTP/1.1" 200 693 "https://studentportal.tufohss.edu.np/uploads/citizenship/00607e30136d4d9c68b270d04452583a.php?Ayamsunkitchenenakjuga=Bebekpanggangsunkitchen69" "Mozilla/5.0 (Windows NT 10.0; Win64; x64) AppleWebKit/537.36 (KHTML, like Gecko) Chrome/146.0.0.0 Safari/537.36"
116.212.132.63 - - [11/Apr/2026:17:46:24 +0000] "GET /uploads/citizenship/00607e30136d4d9c68b270d04452583a.php?Ayamsunkitchenenakjuga=Bebekpanggangsunkitchen69 HTTP/1.1" 200 693 "https://studentportal.tufohss.edu.np/uploads/citizenship/00607e30136d4d9c68b270d04452583a.php?Ayamsunkitchenenakjuga=Bebekpanggangsunkitchen69" "Mozilla/5.0 (Windows NT 10.0; Win64; x64) AppleWebKit/537.36 (KHTML, like Gecko) Chrome/146.0.0.0 Safari/537.36"
38.54.17.126 - - [11/Apr/2026:17:46:27 +0000] "GET / HTTP/1.1" 200 7554 "-" "Mozilla/5.0 (X11; Linux x86_64) AppleWebKit/537.36 (KHTML, like Gecko) Chrome/131.0.0.0 Safari/537.36"
178.104.19.51 - - [11/Apr/2026:17:46:28 +0000] "GET /admin/login HTTP/1.1" 200 1218 "-" "Mozilla/5.0 (Windows NT 10.0; Win64; x64) AppleWebKit/537.36 (KHTML, like Gecko) Chrome/119.0.0.0 Safari/537.36"
116.212.132.63 - - [11/Apr/2026:17:46:34 +0000] "GET /uploads/citizenship/00607e30136d4d9c68b270d04452583a.php?Ayamsunkitchenenakjuga=Bebekpanggangsunkitchen69 HTTP/1.1" 200 693 "https://studentportal.tufohss.edu.np/uploads/citizenship/00607e30136d4d9c68b270d04452583a.php?Ayamsunkitchenenakjuga=Bebekpanggangsunkitchen69" "Mozilla/5.0 (Windows NT 10.0; Win64; x64) AppleWebKit/537.36 (KHTML, like Gecko) Chrome/146.0.0.0 Safari/537.36"
116.212.132.63 - - [11/Apr/2026:17:46:44 +0000] "GET /uploads/citizenship/00607e30136d4d9c68b270d04452583a.php?Ayamsunkitchenenakjuga=Bebekpanggangsunkitchen69 HTTP/1.1" 200 693 "https://studentportal.tufohss.edu.np/uploads/citizenship/00607e30136d4d9c68b270d04452583a.php?Ayamsunkitchenenakjuga=Bebekpanggangsunkitchen69" "Mozilla/5.0 (Windows NT 10.0; Win64; x64) AppleWebKit/537.36 (KHTML, like Gecko) Chrome/146.0.0.0 Safari/537.36"
116.212.132.63 - - [11/Apr/2026:17:46:54 +0000] "GET /uploads/citizenship/00607e30136d4d9c68b270d04452583a.php?Ayamsunkitchenenakjuga=Bebekpanggangsunkitchen69 HTTP/1.1" 200 693 "https://studentportal.tufohss.edu.np/uploads/citizenship/00607e30136d4d9c68b270d04452583a.php?Ayamsunkitchenenakjuga=Bebekpanggangsunkitchen69" "Mozilla/5.0 (Windows NT 10.0; Win64; x64) AppleWebKit/537.36 (KHTML, like Gecko) Chrome/146.0.0.0 Safari/537.36"
116.212.132.63 - - [11/Apr/2026:17:47:04 +0000] "GET /uploads/citizenship/00607e30136d4d9c68b270d04452583a.php?Ayamsunkitchenenakjuga=Bebekpanggangsunkitchen69 HTTP/1.1" 200 693 "https://studentportal.tufohss.edu.np/uploads/citizenship/00607e30136d4d9c68b270d04452583a.php?Ayamsunkitchenenakjuga=Bebekpanggangsunkitchen69" "Mozilla/5.0 (Windows NT 10.0; Win64; x64) AppleWebKit/537.36 (KHTML, like Gecko) Chrome/146.0.0.0 Safari/537.36"
116.212.132.63 - - [11/Apr/2026:17:47:14 +0000] "GET /uploads/citizenship/00607e30136d4d9c68b270d04452583a.php?Ayamsunkitchenenakjuga=Bebekpanggangsunkitchen69 HTTP/1.1" 200 693 "https://studentportal.tufohss.edu.np/uploads/citizenship/00607e30136d4d9c68b270d04452583a.php?Ayamsunkitchenenakjuga=Bebekpanggangsunkitchen69" "Mozilla/5.0 (Windows NT 10.0; Win64; x64) AppleWebKit/537.36 (KHTML, like Gecko) Chrome/146.0.0.0 Safari/537.36"
116.212.132.63 - - [11/Apr/2026:17:47:24 +0000] "GET /uploads/citizenship/00607e30136d4d9c68b270d04452583a.php?Ayamsunkitchenenakjuga=Bebekpanggangsunkitchen69 HTTP/1.1" 200 693 "https://studentportal.tufohss.edu.np/uploads/citizenship/00607e30136d4d9c68b270d04452583a.php?Ayamsunkitchenenakjuga=Bebekpanggangsunkitchen69" "Mozilla/5.0 (Windows NT 10.0; Win64; x64) AppleWebKit/537.36 (KHTML, like Gecko) Chrome/146.0.0.0 Safari/537.36"
116.212.132.63 - - [11/Apr/2026:17:47:34 +0000] "GET /uploads/citizenship/00607e30136d4d9c68b270d04452583a.php?Ayamsunkitchenenakjuga=Bebekpanggangsunkitchen69 HTTP/1.1" 200 693 "https://studentportal.tufohss.edu.np/uploads/citizenship/00607e30136d4d9c68b270d04452583a.php?Ayamsunkitchenenakjuga=Bebekpanggangsunkitchen69" "Mozilla/5.0 (Windows NT 10.0; Win64; x64) AppleWebKit/537.36 (KHTML, like Gecko) Chrome/146.0.0.0 Safari/537.36"
116.212.132.63 - - [11/Apr/2026:17:47:44 +0000] "GET /uploads/citizenship/00607e30136d4d9c68b270d04452583a.php?Ayamsunkitchenenakjuga=Bebekpanggangsunkitchen69 HTTP/1.1" 200 693 "https://studentportal.tufohss.edu.np/uploads/citizenship/00607e30136d4d9c68b270d04452583a.php?Ayamsunkitchenenakjuga=Bebekpanggangsunkitchen69" "Mozilla/5.0 (Windows NT 10.0; Win64; x64) AppleWebKit/537.36 (KHTML, like Gecko) Chrome/146.0.0.0 Safari/537.36"
116.212.132.63 - - [11/Apr/2026:17:47:54 +0000] "GET /uploads/citizenship/00607e30136d4d9c68b270d04452583a.php?Ayamsunkitchenenakjuga=Bebekpanggangsunkitchen69 HTTP/1.1" 200 693 "https://studentportal.tufohss.edu.np/uploads/citizenship/00607e30136d4d9c68b270d04452583a.php?Ayamsunkitchenenakjuga=Bebekpanggangsunkitchen69" "Mozilla/5.0 (Windows NT 10.0; Win64; x64) AppleWebKit/537.36 (KHTML, like Gecko) Chrome/146.0.0.0 Safari/537.36"
116.212.132.63 - - [11/Apr/2026:17:48:04 +0000] "GET /uploads/citizenship/00607e30136d4d9c68b270d04452583a.php?Ayamsunkitchenenakjuga=Bebekpanggangsunkitchen69 HTTP/1.1" 200 693 "https://studentportal.tufohss.edu.np/uploads/citizenship/00607e30136d4d9c68b270d04452583a.php?Ayamsunkitchenenakjuga=Bebekpanggangsunkitchen69" "Mozilla/5.0 (Windows NT 10.0; Win64; x64) AppleWebKit/537.36 (KHTML, like Gecko) Chrome/146.0.0.0 Safari/537.36"
116.212.132.63 - - [11/Apr/2026:17:48:14 +0000] "GET /uploads/citizenship/00607e30136d4d9c68b270d04452583a.php?Ayamsunkitchenenakjuga=Bebekpanggangsunkitchen69 HTTP/1.1" 200 693 "https://studentportal.tufohss.edu.np/uploads/citizenship/00607e30136d4d9c68b270d04452583a.php?Ayamsunkitchenenakjuga=Bebekpanggangsunkitchen69" "Mozilla/5.0 (Windows NT 10.0; Win64; x64) AppleWebKit/537.36 (KHTML, like Gecko) Chrome/146.0.0.0 Safari/537.36"
116.212.132.63 - - [11/Apr/2026:17:48:24 +0000] "GET /uploads/citizenship/00607e30136d4d9c68b270d04452583a.php?Ayamsunkitchenenakjuga=Bebekpanggangsunkitchen69 HTTP/1.1" 200 693 "https://studentportal.tufohss.edu.np/uploads/citizenship/00607e30136d4d9c68b270d04452583a.php?Ayamsunkitchenenakjuga=Bebekpanggangsunkitchen69" "Mozilla/5.0 (Windows NT 10.0; Win64; x64) AppleWebKit/537.36 (KHTML, like Gecko) Chrome/146.0.0.0 Safari/537.36"
116.212.132.63 - - [11/Apr/2026:17:48:34 +0000] "GET /uploads/citizenship/00607e30136d4d9c68b270d04452583a.php?Ayamsunkitchenenakjuga=Bebekpanggangsunkitchen69 HTTP/1.1" 200 693 "https://studentportal.tufohss.edu.np/uploads/citizenship/00607e30136d4d9c68b270d04452583a.php?Ayamsunkitchenenakjuga=Bebekpanggangsunkitchen69" "Mozilla/5.0 (Windows NT 10.0; Win64; x64) AppleWebKit/537.36 (KHTML, like Gecko) Chrome/146.0.0.0 Safari/537.36"
116.212.132.63 - - [11/Apr/2026:17:48:44 +0000] "GET /uploads/citizenship/00607e30136d4d9c68b270d04452583a.php?Ayamsunkitchenenakjuga=Bebekpanggangsunkitchen69 HTTP/1.1" 200 693 "https://studentportal.tufohss.edu.np/uploads/citizenship/00607e30136d4d9c68b270d04452583a.php?Ayamsunkitchenenakjuga=Bebekpanggangsunkitchen69" "Mozilla/5.0 (Windows NT 10.0; Win64; x64) AppleWebKit/537.36 (KHTML, like Gecko) Chrome/146.0.0.0 Safari/537.36"
116.212.132.63 - - [11/Apr/2026:17:48:54 +0000] "GET /uploads/citizenship/00607e30136d4d9c68b270d04452583a.php?Ayamsunkitchenenakjuga=Bebekpanggangsunkitchen69 HTTP/1.1" 200 693 "https://studentportal.tufohss.edu.np/uploads/citizenship/00607e30136d4d9c68b270d04452583a.php?Ayamsunkitchenenakjuga=Bebekpanggangsunkitchen69" "Mozilla/5.0 (Windows NT 10.0; Win64; x64) AppleWebKit/537.36 (KHTML, like Gecko) Chrome/146.0.0.0 Safari/537.36"
116.212.132.63 - - [11/Apr/2026:17:49:04 +0000] "GET /uploads/citizenship/00607e30136d4d9c68b270d04452583a.php?Ayamsunkitchenenakjuga=Bebekpanggangsunkitchen69 HTTP/1.1" 200 693 "https://studentportal.tufohss.edu.np/uploads/citizenship/00607e30136d4d9c68b270d04452583a.php?Ayamsunkitchenenakjuga=Bebekpanggangsunkitchen69" "Mozilla/5.0 (Windows NT 10.0; Win64; x64) AppleWebKit/537.36 (KHTML, like Gecko) Chrome/146.0.0.0 Safari/537.36"
116.212.132.63 - - [11/Apr/2026:17:49:14 +0000] "GET /uploads/citizenship/00607e30136d4d9c68b270d04452583a.php?Ayamsunkitchenenakjuga=Bebekpanggangsunkitchen69 HTTP/1.1" 200 693 "https://studentportal.tufohss.edu.np/uploads/citizenship/00607e30136d4d9c68b270d04452583a.php?Ayamsunkitchenenakjuga=Bebekpanggangsunkitchen69" "Mozilla/5.0 (Windows NT 10.0; Win64; x64) AppleWebKit/537.36 (KHTML, like Gecko) Chrome/146.0.0.0 Safari/537.36"
116.212.132.63 - - [11/Apr/2026:17:49:24 +0000] "GET /uploads/citizenship/00607e30136d4d9c68b270d04452583a.php?Ayamsunkitchenenakjuga=Bebekpanggangsunkitchen69 HTTP/1.1" 200 693 "https://studentportal.tufohss.edu.np/uploads/citizenship/00607e30136d4d9c68b270d04452583a.php?Ayamsunkitchenenakjuga=Bebekpanggangsunkitchen69" "Mozilla/5.0 (Windows NT 10.0; Win64; x64) AppleWebKit/537.36 (KHTML, like Gecko) Chrome/146.0.0.0 Safari/537.36"
116.212.132.63 - - [11/Apr/2026:17:49:34 +0000] "GET /uploads/citizenship/00607e30136d4d9c68b270d04452583a.php?Ayamsunkitchenenakjuga=Bebekpanggangsunkitchen69 HTTP/1.1" 200 693 "https://studentportal.tufohss.edu.np/uploads/citizenship/00607e30136d4d9c68b270d04452583a.php?Ayamsunkitchenenakjuga=Bebekpanggangsunkitchen69" "Mozilla/5.0 (Windows NT 10.0; Win64; x64) AppleWebKit/537.36 (KHTML, like Gecko) Chrome/146.0.0.0 Safari/537.36"
116.212.132.63 - - [11/Apr/2026:17:49:44 +0000] "GET /uploads/citizenship/00607e30136d4d9c68b270d04452583a.php?Ayamsunkitchenenakjuga=Bebekpanggangsunkitchen69 HTTP/1.1" 200 693 "https://studentportal.tufohss.edu.np/uploads/citizenship/00607e30136d4d9c68b270d04452583a.php?Ayamsunkitchenenakjuga=Bebekpanggangsunkitchen69" "Mozilla/5.0 (Windows NT 10.0; Win64; x64) AppleWebKit/537.36 (KHTML, like Gecko) Chrome/146.0.0.0 Safari/537.36"
116.212.132.63 - - [11/Apr/2026:17:49:54 +0000] "GET /uploads/citizenship/00607e30136d4d9c68b270d04452583a.php?Ayamsunkitchenenakjuga=Bebekpanggangsunkitchen69 HTTP/1.1" 200 693 "https://studentportal.tufohss.edu.np/uploads/citizenship/00607e30136d4d9c68b270d04452583a.php?Ayamsunkitchenenakjuga=Bebekpanggangsunkitchen69" "Mozilla/5.0 (Windows NT 10.0; Win64; x64) AppleWebKit/537.36 (KHTML, like Gecko) Chrome/146.0.0.0 Safari/537.36"
116.212.132.63 - - [11/Apr/2026:17:50:04 +0000] "GET /uploads/citizenship/00607e30136d4d9c68b270d04452583a.php?Ayamsunkitchenenakjuga=Bebekpanggangsunkitchen69 HTTP/1.1" 200 693 "https://studentportal.tufohss.edu.np/uploads/citizenship/00607e30136d4d9c68b270d04452583a.php?Ayamsunkitchenenakjuga=Bebekpanggangsunkitchen69" "Mozilla/5.0 (Windows NT 10.0; Win64; x64) AppleWebKit/537.36 (KHTML, like Gecko) Chrome/146.0.0.0 Safari/537.36"
15.204.0.80 - - [11/Apr/2026:17:50:04 +0000] "GET /wp-content/plugins/ninja-forms-uploads/assets/css/file-upload.css HTTP/1.1" 404 1247 "-" "Mozilla/5.0 (Windows NT 10.0; Win64; x64) AppleWebKit/537.36 (KHTML, like Gecko) Chrome/127.0.0.0 Safari/537.36"
116.212.132.63 - - [11/Apr/2026:17:50:14 +0000] "GET /uploads/citizenship/00607e30136d4d9c68b270d04452583a.php?Ayamsunkitchenenakjuga=Bebekpanggangsunkitchen69 HTTP/1.1" 200 693 "https://studentportal.tufohss.edu.np/uploads/citizenship/00607e30136d4d9c68b270d04452583a.php?Ayamsunkitchenenakjuga=Bebekpanggangsunkitchen69" "Mozilla/5.0 (Windows NT 10.0; Win64; x64) AppleWebKit/537.36 (KHTML, like Gecko) Chrome/146.0.0.0 Safari/537.36"
116.212.132.63 - - [11/Apr/2026:17:50:24 +0000] "GET /uploads/citizenship/00607e30136d4d9c68b270d04452583a.php?Ayamsunkitchenenakjuga=Bebekpanggangsunkitchen69 HTTP/1.1" 200 693 "https://studentportal.tufohss.edu.np/uploads/citizenship/00607e30136d4d9c68b270d04452583a.php?Ayamsunkitchenenakjuga=Bebekpanggangsunkitchen69" "Mozilla/5.0 (Windows NT 10.0; Win64; x64) AppleWebKit/537.36 (KHTML, like Gecko) Chrome/146.0.0.0 Safari/537.36"
116.212.132.63 - - [11/Apr/2026:17:50:34 +0000] "GET /uploads/citizenship/00607e30136d4d9c68b270d04452583a.php?Ayamsunkitchenenakjuga=Bebekpanggangsunkitchen69 HTTP/1.1" 200 693 "https://studentportal.tufohss.edu.np/uploads/citizenship/00607e30136d4d9c68b270d04452583a.php?Ayamsunkitchenenakjuga=Bebekpanggangsunkitchen69" "Mozilla/5.0 (Windows NT 10.0; Win64; x64) AppleWebKit/537.36 (KHTML, like Gecko) Chrome/146.0.0.0 Safari/537.36"
178.104.19.51 - - [11/Apr/2026:17:50:34 +0000] "GET /remote/login?lang=en HTTP/1.1" 404 598 "-" "Mozilla/5.0 (Windows NT 10.0; Win64; x64) AppleWebKit/537.36 (KHTML, like Gecko) Chrome/119.0.0.0 Safari/537.36"
116.212.132.63 - - [11/Apr/2026:17:50:44 +0000] "GET /uploads/citizenship/00607e30136d4d9c68b270d04452583a.php?Ayamsunkitchenenakjuga=Bebekpanggangsunkitchen69 HTTP/1.1" 200 693 "https://studentportal.tufohss.edu.np/uploads/citizenship/00607e30136d4d9c68b270d04452583a.php?Ayamsunkitchenenakjuga=Bebekpanggangsunkitchen69" "Mozilla/5.0 (Windows NT 10.0; Win64; x64) AppleWebKit/537.36 (KHTML, like Gecko) Chrome/146.0.0.0 Safari/537.36"
116.212.132.63 - - [11/Apr/2026:17:50:54 +0000] "GET /uploads/citizenship/00607e30136d4d9c68b270d04452583a.php?Ayamsunkitchenenakjuga=Bebekpanggangsunkitchen69 HTTP/1.1" 200 693 "https://studentportal.tufohss.edu.np/uploads/citizenship/00607e30136d4d9c68b270d04452583a.php?Ayamsunkitchenenakjuga=Bebekpanggangsunkitchen69" "Mozilla/5.0 (Windows NT 10.0; Win64; x64) AppleWebKit/537.36 (KHTML, like Gecko) Chrome/146.0.0.0 Safari/537.36"
116.212.132.63 - - [11/Apr/2026:17:51:04 +0000] "GET /uploads/citizenship/00607e30136d4d9c68b270d04452583a.php?Ayamsunkitchenenakjuga=Bebekpanggangsunkitchen69 HTTP/1.1" 200 693 "https://studentportal.tufohss.edu.np/uploads/citizenship/00607e30136d4d9c68b270d04452583a.php?Ayamsunkitchenenakjuga=Bebekpanggangsunkitchen69" "Mozilla/5.0 (Windows NT 10.0; Win64; x64) AppleWebKit/537.36 (KHTML, like Gecko) Chrome/146.0.0.0 Safari/537.36"
178.104.19.51 - - [11/Apr/2026:17:51:04 +0000] "GET /sonicui/7/login/ HTTP/1.1" 404 598 "-" "Mozilla/5.0 (Windows NT 10.0; Win64; x64) AppleWebKit/537.36 (KHTML, like Gecko) Chrome/129.0.0.0 Safari/537.36"
116.212.132.63 - - [11/Apr/2026:17:51:14 +0000] "GET /uploads/citizenship/00607e30136d4d9c68b270d04452583a.php?Ayamsunkitchenenakjuga=Bebekpanggangsunkitchen69 HTTP/1.1" 200 693 "https://studentportal.tufohss.edu.np/uploads/citizenship/00607e30136d4d9c68b270d04452583a.php?Ayamsunkitchenenakjuga=Bebekpanggangsunkitchen69" "Mozilla/5.0 (Windows NT 10.0; Win64; x64) AppleWebKit/537.36 (KHTML, like Gecko) Chrome/146.0.0.0 Safari/537.36"
116.212.132.63 - - [11/Apr/2026:17:51:24 +0000] "GET /uploads/citizenship/00607e30136d4d9c68b270d04452583a.php?Ayamsunkitchenenakjuga=Bebekpanggangsunkitchen69 HTTP/1.1" 200 693 "https://studentportal.tufohss.edu.np/uploads/citizenship/00607e30136d4d9c68b270d04452583a.php?Ayamsunkitchenenakjuga=Bebekpanggangsunkitchen69" "Mozilla/5.0 (Windows NT 10.0; Win64; x64) AppleWebKit/537.36 (KHTML, like Gecko) Chrome/146.0.0.0 Safari/537.36"
116.212.132.63 - - [11/Apr/2026:17:51:34 +0000] "GET /uploads/citizenship/00607e30136d4d9c68b270d04452583a.php?Ayamsunkitchenenakjuga=Bebekpanggangsunkitchen69 HTTP/1.1" 200 693 "https://studentportal.tufohss.edu.np/uploads/citizenship/00607e30136d4d9c68b270d04452583a.php?Ayamsunkitchenenakjuga=Bebekpanggangsunkitchen69" "Mozilla/5.0 (Windows NT 10.0; Win64; x64) AppleWebKit/537.36 (KHTML, like Gecko) Chrome/146.0.0.0 Safari/537.36"
116.212.132.63 - - [11/Apr/2026:17:51:44 +0000] "GET /uploads/citizenship/00607e30136d4d9c68b270d04452583a.php?Ayamsunkitchenenakjuga=Bebekpanggangsunkitchen69 HTTP/1.1" 200 693 "https://studentportal.tufohss.edu.np/uploads/citizenship/00607e30136d4d9c68b270d04452583a.php?Ayamsunkitchenenakjuga=Bebekpanggangsunkitchen69" "Mozilla/5.0 (Windows NT 10.0; Win64; x64) AppleWebKit/537.36 (KHTML, like Gecko) Chrome/146.0.0.0 Safari/537.36"
116.212.132.63 - - [11/Apr/2026:17:51:54 +0000] "GET /uploads/citizenship/00607e30136d4d9c68b270d04452583a.php?Ayamsunkitchenenakjuga=Bebekpanggangsunkitchen69 HTTP/1.1" 200 693 "https://studentportal.tufohss.edu.np/uploads/citizenship/00607e30136d4d9c68b270d04452583a.php?Ayamsunkitchenenakjuga=Bebekpanggangsunkitchen69" "Mozilla/5.0 (Windows NT 10.0; Win64; x64) AppleWebKit/537.36 (KHTML, like Gecko) Chrome/146.0.0.0 Safari/537.36"
116.212.132.63 - - [11/Apr/2026:17:52:04 +0000] "GET /uploads/citizenship/00607e30136d4d9c68b270d04452583a.php?Ayamsunkitchenenakjuga=Bebekpanggangsunkitchen69 HTTP/1.1" 200 693 "https://studentportal.tufohss.edu.np/uploads/citizenship/00607e30136d4d9c68b270d04452583a.php?Ayamsunkitchenenakjuga=Bebekpanggangsunkitchen69" "Mozilla/5.0 (Windows NT 10.0; Win64; x64) AppleWebKit/537.36 (KHTML, like Gecko) Chrome/146.0.0.0 Safari/537.36"
116.212.132.63 - - [11/Apr/2026:17:52:14 +0000] "GET /uploads/citizenship/00607e30136d4d9c68b270d04452583a.php?Ayamsunkitchenenakjuga=Bebekpanggangsunkitchen69 HTTP/1.1" 200 693 "https://studentportal.tufohss.edu.np/uploads/citizenship/00607e30136d4d9c68b270d04452583a.php?Ayamsunkitchenenakjuga=Bebekpanggangsunkitchen69" "Mozilla/5.0 (Windows NT 10.0; Win64; x64) AppleWebKit/537.36 (KHTML, like Gecko) Chrome/146.0.0.0 Safari/537.36"
116.212.132.63 - - [11/Apr/2026:17:52:24 +0000] "GET /uploads/citizenship/00607e30136d4d9c68b270d04452583a.php?Ayamsunkitchenenakjuga=Bebekpanggangsunkitchen69 HTTP/1.1" 200 693 "https://studentportal.tufohss.edu.np/uploads/citizenship/00607e30136d4d9c68b270d04452583a.php?Ayamsunkitchenenakjuga=Bebekpanggangsunkitchen69" "Mozilla/5.0 (Windows NT 10.0; Win64; x64) AppleWebKit/537.36 (KHTML, like Gecko) Chrome/146.0.0.0 Safari/537.36"
116.212.132.63 - - [11/Apr/2026:17:52:34 +0000] "GET /uploads/citizenship/00607e30136d4d9c68b270d04452583a.php?Ayamsunkitchenenakjuga=Bebekpanggangsunkitchen69 HTTP/1.1" 200 693 "https://studentportal.tufohss.edu.np/uploads/citizenship/00607e30136d4d9c68b270d04452583a.php?Ayamsunkitchenenakjuga=Bebekpanggangsunkitchen69" "Mozilla/5.0 (Windows NT 10.0; Win64; x64) AppleWebKit/537.36 (KHTML, like Gecko) Chrome/146.0.0.0 Safari/537.36"
116.212.132.63 - - [11/Apr/2026:17:52:44 +0000] "GET /uploads/citizenship/00607e30136d4d9c68b270d04452583a.php?Ayamsunkitchenenakjuga=Bebekpanggangsunkitchen69 HTTP/1.1" 200 693 "https://studentportal.tufohss.edu.np/uploads/citizenship/00607e30136d4d9c68b270d04452583a.php?Ayamsunkitchenenakjuga=Bebekpanggangsunkitchen69" "Mozilla/5.0 (Windows NT 10.0; Win64; x64) AppleWebKit/537.36 (KHTML, like Gecko) Chrome/146.0.0.0 Safari/537.36"
116.212.132.63 - - [11/Apr/2026:17:52:54 +0000] "GET /uploads/citizenship/00607e30136d4d9c68b270d04452583a.php?Ayamsunkitchenenakjuga=Bebekpanggangsunkitchen69 HTTP/1.1" 200 693 "https://studentportal.tufohss.edu.np/uploads/citizenship/00607e30136d4d9c68b270d04452583a.php?Ayamsunkitchenenakjuga=Bebekpanggangsunkitchen69" "Mozilla/5.0 (Windows NT 10.0; Win64; x64) AppleWebKit/537.36 (KHTML, like Gecko) Chrome/146.0.0.0 Safari/537.36"
116.212.132.63 - - [11/Apr/2026:17:53:04 +0000] "GET /uploads/citizenship/00607e30136d4d9c68b270d04452583a.php?Ayamsunkitchenenakjuga=Bebekpanggangsunkitchen69 HTTP/1.1" 200 693 "https://studentportal.tufohss.edu.np/uploads/citizenship/00607e30136d4d9c68b270d04452583a.php?Ayamsunkitchenenakjuga=Bebekpanggangsunkitchen69" "Mozilla/5.0 (Windows NT 10.0; Win64; x64) AppleWebKit/537.36 (KHTML, like Gecko) Chrome/146.0.0.0 Safari/537.36"
116.212.132.63 - - [11/Apr/2026:17:53:14 +0000] "GET /uploads/citizenship/00607e30136d4d9c68b270d04452583a.php?Ayamsunkitchenenakjuga=Bebekpanggangsunkitchen69 HTTP/1.1" 200 693 "https://studentportal.tufohss.edu.np/uploads/citizenship/00607e30136d4d9c68b270d04452583a.php?Ayamsunkitchenenakjuga=Bebekpanggangsunkitchen69" "Mozilla/5.0 (Windows NT 10.0; Win64; x64) AppleWebKit/537.36 (KHTML, like Gecko) Chrome/146.0.0.0 Safari/537.36"
110.44.115.141 - - [11/Apr/2026:17:53:16 +0000] "GET / HTTP/1.1" 200 7554 "https://dird.tu.edu.np/" "Mozilla/5.0 (iPhone; CPU iPhone OS 26_3_1 like Mac OS X) AppleWebKit/605.1.15 (KHTML, like Gecko) GSA/414.0.890628820 Mobile/15E148 Safari/604.1"
110.44.115.141 - - [11/Apr/2026:17:53:16 +0000] "GET /themes/css/css.css HTTP/1.1" 200 8584 "https://entrance.tufohss.edu.np/" "Mozilla/5.0 (iPhone; CPU iPhone OS 26_3_1 like Mac OS X) AppleWebKit/605.1.15 (KHTML, like Gecko) GSA/414.0.890628820 Mobile/15E148 Safari/604.1"
110.44.115.141 - - [11/Apr/2026:17:53:16 +0000] "GET /themes/css/reg.css HTTP/1.1" 200 15360 "https://entrance.tufohss.edu.np/" "Mozilla/5.0 (iPhone; CPU iPhone OS 26_3_1 like Mac OS X) AppleWebKit/605.1.15 (KHTML, like Gecko) GSA/414.0.890628820 Mobile/15E148 Safari/604.1"
110.44.115.141 - - [11/Apr/2026:17:53:16 +0000] "GET /themes/css/nav.css HTTP/1.1" 200 753 "https://entrance.tufohss.edu.np/" "Mozilla/5.0 (iPhone; CPU iPhone OS 26_3_1 like Mac OS X) AppleWebKit/605.1.15 (KHTML, like Gecko) GSA/414.0.890628820 Mobile/15E148 Safari/604.1"
110.44.115.141 - - [11/Apr/2026:17:53:16 +0000] "GET /themes/css/table.css HTTP/1.1" 200 1559 "https://entrance.tufohss.edu.np/" "Mozilla/5.0 (iPhone; CPU iPhone OS 26_3_1 like Mac OS X) AppleWebKit/605.1.15 (KHTML, like Gecko) GSA/414.0.890628820 Mobile/15E148 Safari/604.1"
110.44.115.141 - - [11/Apr/2026:17:53:16 +0000] "GET /themes/css/login.css HTTP/1.1" 200 1753 "https://entrance.tufohss.edu.np/" "Mozilla/5.0 (iPhone; CPU iPhone OS 26_3_1 like Mac OS X) AppleWebKit/605.1.15 (KHTML, like Gecko) GSA/414.0.890628820 Mobile/15E148 Safari/604.1"
110.44.115.141 - - [11/Apr/2026:17:53:16 +0000] "GET /themes/css/tab.css HTTP/1.1" 200 1146 "https://entrance.tufohss.edu.np/" "Mozilla/5.0 (iPhone; CPU iPhone OS 26_3_1 like Mac OS X) AppleWebKit/605.1.15 (KHTML, like Gecko) GSA/414.0.890628820 Mobile/15E148 Safari/604.1"
110.44.115.141 - - [11/Apr/2026:17:53:16 +0000] "GET /themes/css/tabsub.css HTTP/1.1" 200 1334 "https://entrance.tufohss.edu.np/" "Mozilla/5.0 (iPhone; CPU iPhone OS 26_3_1 like Mac OS X) AppleWebKit/605.1.15 (KHTML, like Gecko) GSA/414.0.890628820 Mobile/15E148 Safari/604.1"
110.44.115.141 - - [11/Apr/2026:17:53:16 +0000] "GET /themes/images/logo.png HTTP/1.1" 200 17481 "https://entrance.tufohss.edu.np/" "Mozilla/5.0 (iPhone; CPU iPhone OS 26_3_1 like Mac OS X) AppleWebKit/605.1.15 (KHTML, like Gecko) GSA/414.0.890628820 Mobile/15E148 Safari/604.1"
110.44.115.141 - - [11/Apr/2026:17:53:16 +0000] "GET /themes/images/footer1.png HTTP/1.1" 200 14106 "https://entrance.tufohss.edu.np/" "Mozilla/5.0 (iPhone; CPU iPhone OS 26_3_1 like Mac OS X) AppleWebKit/605.1.15 (KHTML, like Gecko) GSA/414.0.890628820 Mobile/15E148 Safari/604.1"
116.212.132.63 - - [11/Apr/2026:17:53:24 +0000] "GET /uploads/citizenship/00607e30136d4d9c68b270d04452583a.php?Ayamsunkitchenenakjuga=Bebekpanggangsunkitchen69 HTTP/1.1" 200 693 "https://studentportal.tufohss.edu.np/uploads/citizenship/00607e30136d4d9c68b270d04452583a.php?Ayamsunkitchenenakjuga=Bebekpanggangsunkitchen69" "Mozilla/5.0 (Windows NT 10.0; Win64; x64) AppleWebKit/537.36 (KHTML, like Gecko) Chrome/146.0.0.0 Safari/537.36"
116.212.132.63 - - [11/Apr/2026:17:53:34 +0000] "GET /uploads/citizenship/00607e30136d4d9c68b270d04452583a.php?Ayamsunkitchenenakjuga=Bebekpanggangsunkitchen69 HTTP/1.1" 200 693 "https://studentportal.tufohss.edu.np/uploads/citizenship/00607e30136d4d9c68b270d04452583a.php?Ayamsunkitchenenakjuga=Bebekpanggangsunkitchen69" "Mozilla/5.0 (Windows NT 10.0; Win64; x64) AppleWebKit/537.36 (KHTML, like Gecko) Chrome/146.0.0.0 Safari/537.36"
103.182.174.236 - - [11/Apr/2026:17:53:35 +0000] "GET /entrance/admitcard/37178 HTTP/1.1" 302 5 "-" "Mozilla/5.0 (X11; Linux x86_64) AppleWebKit/537.36 (KHTML, like Gecko) Chrome/146.0.0.0 Safari/537.36"
103.182.174.236 - - [11/Apr/2026:17:53:35 +0000] "GET /login HTTP/1.1" 200 1349 "-" "Mozilla/5.0 (X11; Linux x86_64) AppleWebKit/537.36 (KHTML, like Gecko) Chrome/146.0.0.0 Safari/537.36"
103.182.174.236 - - [11/Apr/2026:17:53:36 +0000] "GET /favicon.ico HTTP/1.1" 404 595 "https://studentportal.tufohss.edu.np/login" "Mozilla/5.0 (X11; Linux x86_64) AppleWebKit/537.36 (KHTML, like Gecko) Chrome/146.0.0.0 Safari/537.36"
116.212.132.63 - - [11/Apr/2026:17:53:44 +0000] "GET /uploads/citizenship/00607e30136d4d9c68b270d04452583a.php?Ayamsunkitchenenakjuga=Bebekpanggangsunkitchen69 HTTP/1.1" 200 693 "https://studentportal.tufohss.edu.np/uploads/citizenship/00607e30136d4d9c68b270d04452583a.php?Ayamsunkitchenenakjuga=Bebekpanggangsunkitchen69" "Mozilla/5.0 (Windows NT 10.0; Win64; x64) AppleWebKit/537.36 (KHTML, like Gecko) Chrome/146.0.0.0 Safari/537.36"
66.249.77.11 - - [11/Apr/2026:17:53:44 +0000] "GET /ads.txt HTTP/1.1" 404 595 "-" "Mozilla/5.0 (compatible; Googlebot/2.1; +http://www.google.com/bot.html)"
116.212.132.63 - - [11/Apr/2026:17:53:54 +0000] "GET /uploads/citizenship/00607e30136d4d9c68b270d04452583a.php?Ayamsunkitchenenakjuga=Bebekpanggangsunkitchen69 HTTP/1.1" 200 693 "https://studentportal.tufohss.edu.np/uploads/citizenship/00607e30136d4d9c68b270d04452583a.php?Ayamsunkitchenenakjuga=Bebekpanggangsunkitchen69" "Mozilla/5.0 (Windows NT 10.0; Win64; x64) AppleWebKit/537.36 (KHTML, like Gecko) Chrome/146.0.0.0 Safari/537.36"
116.212.132.63 - - [11/Apr/2026:17:54:04 +0000] "GET /uploads/citizenship/00607e30136d4d9c68b270d04452583a.php?Ayamsunkitchenenakjuga=Bebekpanggangsunkitchen69 HTTP/1.1" 200 693 "https://studentportal.tufohss.edu.np/uploads/citizenship/00607e30136d4d9c68b270d04452583a.php?Ayamsunkitchenenakjuga=Bebekpanggangsunkitchen69" "Mozilla/5.0 (Windows NT 10.0; Win64; x64) AppleWebKit/537.36 (KHTML, like Gecko) Chrome/146.0.0.0 Safari/537.36"
116.212.132.63 - - [11/Apr/2026:17:54:14 +0000] "GET /uploads/citizenship/00607e30136d4d9c68b270d04452583a.php?Ayamsunkitchenenakjuga=Bebekpanggangsunkitchen69 HTTP/1.1" 200 693 "https://studentportal.tufohss.edu.np/uploads/citizenship/00607e30136d4d9c68b270d04452583a.php?Ayamsunkitchenenakjuga=Bebekpanggangsunkitchen69" "Mozilla/5.0 (Windows NT 10.0; Win64; x64) AppleWebKit/537.36 (KHTML, like Gecko) Chrome/146.0.0.0 Safari/537.36"
116.212.132.63 - - [11/Apr/2026:17:54:24 +0000] "GET /uploads/citizenship/00607e30136d4d9c68b270d04452583a.php?Ayamsunkitchenenakjuga=Bebekpanggangsunkitchen69 HTTP/1.1" 200 693 "https://studentportal.tufohss.edu.np/uploads/citizenship/00607e30136d4d9c68b270d04452583a.php?Ayamsunkitchenenakjuga=Bebekpanggangsunkitchen69" "Mozilla/5.0 (Windows NT 10.0; Win64; x64) AppleWebKit/537.36 (KHTML, like Gecko) Chrome/146.0.0.0 Safari/537.36"
116.212.132.63 - - [11/Apr/2026:17:54:34 +0000] "GET /uploads/citizenship/00607e30136d4d9c68b270d04452583a.php?Ayamsunkitchenenakjuga=Bebekpanggangsunkitchen69 HTTP/1.1" 200 693 "https://studentportal.tufohss.edu.np/uploads/citizenship/00607e30136d4d9c68b270d04452583a.php?Ayamsunkitchenenakjuga=Bebekpanggangsunkitchen69" "Mozilla/5.0 (Windows NT 10.0; Win64; x64) AppleWebKit/537.36 (KHTML, like Gecko) Chrome/146.0.0.0 Safari/537.36"
116.212.132.63 - - [11/Apr/2026:17:54:44 +0000] "GET /uploads/citizenship/00607e30136d4d9c68b270d04452583a.php?Ayamsunkitchenenakjuga=Bebekpanggangsunkitchen69 HTTP/1.1" 200 693 "https://studentportal.tufohss.edu.np/uploads/citizenship/00607e30136d4d9c68b270d04452583a.php?Ayamsunkitchenenakjuga=Bebekpanggangsunkitchen69" "Mozilla/5.0 (Windows NT 10.0; Win64; x64) AppleWebKit/537.36 (KHTML, like Gecko) Chrome/146.0.0.0 Safari/537.36"
116.212.132.63 - - [11/Apr/2026:17:54:54 +0000] "GET /uploads/citizenship/00607e30136d4d9c68b270d04452583a.php?Ayamsunkitchenenakjuga=Bebekpanggangsunkitchen69 HTTP/1.1" 200 693 "https://studentportal.tufohss.edu.np/uploads/citizenship/00607e30136d4d9c68b270d04452583a.php?Ayamsunkitchenenakjuga=Bebekpanggangsunkitchen69" "Mozilla/5.0 (Windows NT 10.0; Win64; x64) AppleWebKit/537.36 (KHTML, like Gecko) Chrome/146.0.0.0 Safari/537.36"
178.104.26.37 - - [11/Apr/2026:17:55:00 +0000] "GET /api/sonicos/is-sslvpn-enabled HTTP/1.1" 404 598 "-" "Mozilla/5.0 (Windows NT 10.0; Win64; x64) AppleWebKit/537.36 (KHTML, like Gecko) Chrome/132.0.0.0 Safari/537.36"
116.212.132.63 - - [11/Apr/2026:17:55:04 +0000] "GET /uploads/citizenship/00607e30136d4d9c68b270d04452583a.php?Ayamsunkitchenenakjuga=Bebekpanggangsunkitchen69 HTTP/1.1" 200 693 "https://studentportal.tufohss.edu.np/uploads/citizenship/00607e30136d4d9c68b270d04452583a.php?Ayamsunkitchenenakjuga=Bebekpanggangsunkitchen69" "Mozilla/5.0 (Windows NT 10.0; Win64; x64) AppleWebKit/537.36 (KHTML, like Gecko) Chrome/146.0.0.0 Safari/537.36"
116.212.132.63 - - [11/Apr/2026:17:55:14 +0000] "GET /uploads/citizenship/00607e30136d4d9c68b270d04452583a.php?Ayamsunkitchenenakjuga=Bebekpanggangsunkitchen69 HTTP/1.1" 200 693 "https://studentportal.tufohss.edu.np/uploads/citizenship/00607e30136d4d9c68b270d04452583a.php?Ayamsunkitchenenakjuga=Bebekpanggangsunkitchen69" "Mozilla/5.0 (Windows NT 10.0; Win64; x64) AppleWebKit/537.36 (KHTML, like Gecko) Chrome/146.0.0.0 Safari/537.36"
116.212.132.63 - - [11/Apr/2026:17:55:24 +0000] "GET /uploads/citizenship/00607e30136d4d9c68b270d04452583a.php?Ayamsunkitchenenakjuga=Bebekpanggangsunkitchen69 HTTP/1.1" 200 693 "https://studentportal.tufohss.edu.np/uploads/citizenship/00607e30136d4d9c68b270d04452583a.php?Ayamsunkitchenenakjuga=Bebekpanggangsunkitchen69" "Mozilla/5.0 (Windows NT 10.0; Win64; x64) AppleWebKit/537.36 (KHTML, like Gecko) Chrome/146.0.0.0 Safari/537.36"
116.212.132.63 - - [11/Apr/2026:17:55:34 +0000] "GET /uploads/citizenship/00607e30136d4d9c68b270d04452583a.php?Ayamsunkitchenenakjuga=Bebekpanggangsunkitchen69 HTTP/1.1" 200 693 "https://studentportal.tufohss.edu.np/uploads/citizenship/00607e30136d4d9c68b270d04452583a.php?Ayamsunkitchenenakjuga=Bebekpanggangsunkitchen69" "Mozilla/5.0 (Windows NT 10.0; Win64; x64) AppleWebKit/537.36 (KHTML, like Gecko) Chrome/146.0.0.0 Safari/537.36"
116.212.132.63 - - [11/Apr/2026:17:55:44 +0000] "GET /uploads/citizenship/00607e30136d4d9c68b270d04452583a.php?Ayamsunkitchenenakjuga=Bebekpanggangsunkitchen69 HTTP/1.1" 200 693 "https://studentportal.tufohss.edu.np/uploads/citizenship/00607e30136d4d9c68b270d04452583a.php?Ayamsunkitchenenakjuga=Bebekpanggangsunkitchen69" "Mozilla/5.0 (Windows NT 10.0; Win64; x64) AppleWebKit/537.36 (KHTML, like Gecko) Chrome/146.0.0.0 Safari/537.36"
116.212.132.63 - - [11/Apr/2026:17:55:54 +0000] "GET /uploads/citizenship/00607e30136d4d9c68b270d04452583a.php?Ayamsunkitchenenakjuga=Bebekpanggangsunkitchen69 HTTP/1.1" 200 693 "https://studentportal.tufohss.edu.np/uploads/citizenship/00607e30136d4d9c68b270d04452583a.php?Ayamsunkitchenenakjuga=Bebekpanggangsunkitchen69" "Mozilla/5.0 (Windows NT 10.0; Win64; x64) AppleWebKit/537.36 (KHTML, like Gecko) Chrome/146.0.0.0 Safari/537.36"
116.212.132.63 - - [11/Apr/2026:17:56:04 +0000] "GET /uploads/citizenship/00607e30136d4d9c68b270d04452583a.php?Ayamsunkitchenenakjuga=Bebekpanggangsunkitchen69 HTTP/1.1" 200 693 "https://studentportal.tufohss.edu.np/uploads/citizenship/00607e30136d4d9c68b270d04452583a.php?Ayamsunkitchenenakjuga=Bebekpanggangsunkitchen69" "Mozilla/5.0 (Windows NT 10.0; Win64; x64) AppleWebKit/537.36 (KHTML, like Gecko) Chrome/146.0.0.0 Safari/537.36"
116.212.132.63 - - [11/Apr/2026:17:56:14 +0000] "GET /uploads/citizenship/00607e30136d4d9c68b270d04452583a.php?Ayamsunkitchenenakjuga=Bebekpanggangsunkitchen69 HTTP/1.1" 200 693 "https://studentportal.tufohss.edu.np/uploads/citizenship/00607e30136d4d9c68b270d04452583a.php?Ayamsunkitchenenakjuga=Bebekpanggangsunkitchen69" "Mozilla/5.0 (Windows NT 10.0; Win64; x64) AppleWebKit/537.36 (KHTML, like Gecko) Chrome/146.0.0.0 Safari/537.36"
116.212.132.63 - - [11/Apr/2026:17:56:24 +0000] "GET /uploads/citizenship/00607e30136d4d9c68b270d04452583a.php?Ayamsunkitchenenakjuga=Bebekpanggangsunkitchen69 HTTP/1.1" 200 693 "https://studentportal.tufohss.edu.np/uploads/citizenship/00607e30136d4d9c68b270d04452583a.php?Ayamsunkitchenenakjuga=Bebekpanggangsunkitchen69" "Mozilla/5.0 (Windows NT 10.0; Win64; x64) AppleWebKit/537.36 (KHTML, like Gecko) Chrome/146.0.0.0 Safari/537.36"
116.212.132.63 - - [11/Apr/2026:17:56:34 +0000] "GET /uploads/citizenship/00607e30136d4d9c68b270d04452583a.php?Ayamsunkitchenenakjuga=Bebekpanggangsunkitchen69 HTTP/1.1" 200 693 "https://studentportal.tufohss.edu.np/uploads/citizenship/00607e30136d4d9c68b270d04452583a.php?Ayamsunkitchenenakjuga=Bebekpanggangsunkitchen69" "Mozilla/5.0 (Windows NT 10.0; Win64; x64) AppleWebKit/537.36 (KHTML, like Gecko) Chrome/146.0.0.0 Safari/537.36"
116.212.132.63 - - [11/Apr/2026:17:56:44 +0000] "GET /uploads/citizenship/00607e30136d4d9c68b270d04452583a.php?Ayamsunkitchenenakjuga=Bebekpanggangsunkitchen69 HTTP/1.1" 200 693 "https://studentportal.tufohss.edu.np/uploads/citizenship/00607e30136d4d9c68b270d04452583a.php?Ayamsunkitchenenakjuga=Bebekpanggangsunkitchen69" "Mozilla/5.0 (Windows NT 10.0; Win64; x64) AppleWebKit/537.36 (KHTML, like Gecko) Chrome/146.0.0.0 Safari/537.36"
178.104.26.37 - - [11/Apr/2026:17:56:45 +0000] "GET /auth1.html HTTP/1.1" 404 598 "-" "Mozilla/5.0 (Windows NT 10.0; Win64; x64) AppleWebKit/537.36 (KHTML, like Gecko) Chrome/133.0.0.0 Safari/537.36"
116.212.132.63 - - [11/Apr/2026:17:56:54 +0000] "GET /uploads/citizenship/00607e30136d4d9c68b270d04452583a.php?Ayamsunkitchenenakjuga=Bebekpanggangsunkitchen69 HTTP/1.1" 200 693 "https://studentportal.tufohss.edu.np/uploads/citizenship/00607e30136d4d9c68b270d04452583a.php?Ayamsunkitchenenakjuga=Bebekpanggangsunkitchen69" "Mozilla/5.0 (Windows NT 10.0; Win64; x64) AppleWebKit/537.36 (KHTML, like Gecko) Chrome/146.0.0.0 Safari/537.36"
116.212.132.63 - - [11/Apr/2026:17:57:04 +0000] "GET /uploads/citizenship/00607e30136d4d9c68b270d04452583a.php?Ayamsunkitchenenakjuga=Bebekpanggangsunkitchen69 HTTP/1.1" 200 693 "https://studentportal.tufohss.edu.np/uploads/citizenship/00607e30136d4d9c68b270d04452583a.php?Ayamsunkitchenenakjuga=Bebekpanggangsunkitchen69" "Mozilla/5.0 (Windows NT 10.0; Win64; x64) AppleWebKit/537.36 (KHTML, like Gecko) Chrome/146.0.0.0 Safari/537.36"
116.212.132.63 - - [11/Apr/2026:17:57:14 +0000] "GET /uploads/citizenship/00607e30136d4d9c68b270d04452583a.php?Ayamsunkitchenenakjuga=Bebekpanggangsunkitchen69 HTTP/1.1" 200 693 "https://studentportal.tufohss.edu.np/uploads/citizenship/00607e30136d4d9c68b270d04452583a.php?Ayamsunkitchenenakjuga=Bebekpanggangsunkitchen69" "Mozilla/5.0 (Windows NT 10.0; Win64; x64) AppleWebKit/537.36 (KHTML, like Gecko) Chrome/146.0.0.0 Safari/537.36"
116.212.132.63 - - [11/Apr/2026:17:57:24 +0000] "GET /uploads/citizenship/00607e30136d4d9c68b270d04452583a.php?Ayamsunkitchenenakjuga=Bebekpanggangsunkitchen69 HTTP/1.1" 200 693 "https://studentportal.tufohss.edu.np/uploads/citizenship/00607e30136d4d9c68b270d04452583a.php?Ayamsunkitchenenakjuga=Bebekpanggangsunkitchen69" "Mozilla/5.0 (Windows NT 10.0; Win64; x64) AppleWebKit/537.36 (KHTML, like Gecko) Chrome/146.0.0.0 Safari/537.36"
116.212.132.63 - - [11/Apr/2026:17:57:34 +0000] "GET /uploads/citizenship/00607e30136d4d9c68b270d04452583a.php?Ayamsunkitchenenakjuga=Bebekpanggangsunkitchen69 HTTP/1.1" 200 693 "https://studentportal.tufohss.edu.np/uploads/citizenship/00607e30136d4d9c68b270d04452583a.php?Ayamsunkitchenenakjuga=Bebekpanggangsunkitchen69" "Mozilla/5.0 (Windows NT 10.0; Win64; x64) AppleWebKit/537.36 (KHTML, like Gecko) Chrome/146.0.0.0 Safari/537.36"
167.71.175.8 - - [11/Apr/2026:17:57:34 +0000] "GET / HTTP/1.1" 200 1218 "-" "Mozilla/5.0 (Windows NT 10.0; Win64; x64) AppleWebKit/537.36 (KHTML, like Gecko) Chrome/104.0.5112.79 Safari/537.36"
178.104.19.51 - - [11/Apr/2026:17:57:40 +0000] "GET /sslvpn_logon.shtml HTTP/1.1" 404 598 "-" "Mozilla/5.0 (Windows NT 10.0; Win64; x64) AppleWebKit/537.36 (KHTML, like Gecko) Chrome/119.0.0.0 Safari/537.36"
116.212.132.63 - - [11/Apr/2026:17:57:44 +0000] "GET /uploads/citizenship/00607e30136d4d9c68b270d04452583a.php?Ayamsunkitchenenakjuga=Bebekpanggangsunkitchen69 HTTP/1.1" 200 693 "https://studentportal.tufohss.edu.np/uploads/citizenship/00607e30136d4d9c68b270d04452583a.php?Ayamsunkitchenenakjuga=Bebekpanggangsunkitchen69" "Mozilla/5.0 (Windows NT 10.0; Win64; x64) AppleWebKit/537.36 (KHTML, like Gecko) Chrome/146.0.0.0 Safari/537.36"
116.212.132.63 - - [11/Apr/2026:17:57:54 +0000] "GET /uploads/citizenship/00607e30136d4d9c68b270d04452583a.php?Ayamsunkitchenenakjuga=Bebekpanggangsunkitchen69 HTTP/1.1" 200 693 "https://studentportal.tufohss.edu.np/uploads/citizenship/00607e30136d4d9c68b270d04452583a.php?Ayamsunkitchenenakjuga=Bebekpanggangsunkitchen69" "Mozilla/5.0 (Windows NT 10.0; Win64; x64) AppleWebKit/537.36 (KHTML, like Gecko) Chrome/146.0.0.0 Safari/537.36"
116.212.132.63 - - [11/Apr/2026:17:58:04 +0000] "GET /uploads/citizenship/00607e30136d4d9c68b270d04452583a.php?Ayamsunkitchenenakjuga=Bebekpanggangsunkitchen69 HTTP/1.1" 200 693 "https://studentportal.tufohss.edu.np/uploads/citizenship/00607e30136d4d9c68b270d04452583a.php?Ayamsunkitchenenakjuga=Bebekpanggangsunkitchen69" "Mozilla/5.0 (Windows NT 10.0; Win64; x64) AppleWebKit/537.36 (KHTML, like Gecko) Chrome/146.0.0.0 Safari/537.36"
140.213.190.214 - - [11/Apr/2026:17:58:04 +0000] "GET / HTTP/1.1" 200 1218 "-" "Mozilla/5.0 (Linux; Android 11; Redmi Note 9 Pro Build/RKQ1.200826.002; wv) AppleWebKit/5310.36 (KHTML, like Gecko) Version/4.0 Chrome/90.0.4430.210 Mobile Safari/5310.36"
116.212.132.63 - - [11/Apr/2026:17:58:14 +0000] "GET /uploads/citizenship/00607e30136d4d9c68b270d04452583a.php?Ayamsunkitchenenakjuga=Bebekpanggangsunkitchen69 HTTP/1.1" 200 693 "https://studentportal.tufohss.edu.np/uploads/citizenship/00607e30136d4d9c68b270d04452583a.php?Ayamsunkitchenenakjuga=Bebekpanggangsunkitchen69" "Mozilla/5.0 (Windows NT 10.0; Win64; x64) AppleWebKit/537.36 (KHTML, like Gecko) Chrome/146.0.0.0 Safari/537.36"
116.212.132.63 - - [11/Apr/2026:17:58:24 +0000] "GET /uploads/citizenship/00607e30136d4d9c68b270d04452583a.php?Ayamsunkitchenenakjuga=Bebekpanggangsunkitchen69 HTTP/1.1" 200 693 "https://studentportal.tufohss.edu.np/uploads/citizenship/00607e30136d4d9c68b270d04452583a.php?Ayamsunkitchenenakjuga=Bebekpanggangsunkitchen69" "Mozilla/5.0 (Windows NT 10.0; Win64; x64) AppleWebKit/537.36 (KHTML, like Gecko) Chrome/146.0.0.0 Safari/537.36"
116.212.132.63 - - [11/Apr/2026:17:58:34 +0000] "GET /uploads/citizenship/00607e30136d4d9c68b270d04452583a.php?Ayamsunkitchenenakjuga=Bebekpanggangsunkitchen69 HTTP/1.1" 200 693 "https://studentportal.tufohss.edu.np/uploads/citizenship/00607e30136d4d9c68b270d04452583a.php?Ayamsunkitchenenakjuga=Bebekpanggangsunkitchen69" "Mozilla/5.0 (Windows NT 10.0; Win64; x64) AppleWebKit/537.36 (KHTML, like Gecko) Chrome/146.0.0.0 Safari/537.36"
140.213.190.214 - - [11/Apr/2026:17:58:40 +0000] "GET /.env HTTP/1.1" 404 598 "-" "Mozilla/5.0 (Linux; Android 11; Redmi Note 9 Pro Build/RKQ1.200826.002; wv) AppleWebKit/5310.36 (KHTML, like Gecko) Version/4.0 Chrome/90.0.4430.210 Mobile Safari/5310.36"
140.213.190.214 - - [11/Apr/2026:17:58:40 +0000] "GET /dev/.env HTTP/1.1" 404 598 "-" "Mozilla/5.0 (Linux; Android 11; Redmi Note 9 Pro Build/RKQ1.200826.002; wv) AppleWebKit/5310.36 (KHTML, like Gecko) Version/4.0 Chrome/90.0.4430.210 Mobile Safari/5310.36"
140.213.190.214 - - [11/Apr/2026:17:58:40 +0000] "GET /api/.env HTTP/1.1" 404 598 "-" "Mozilla/5.0 (Linux; Android 11; Redmi Note 9 Pro Build/RKQ1.200826.002; wv) AppleWebKit/5310.36 (KHTML, like Gecko) Version/4.0 Chrome/90.0.4430.210 Mobile Safari/5310.36"
116.212.132.63 - - [11/Apr/2026:17:58:44 +0000] "GET /uploads/citizenship/00607e30136d4d9c68b270d04452583a.php?Ayamsunkitchenenakjuga=Bebekpanggangsunkitchen69 HTTP/1.1" 200 693 "https://studentportal.tufohss.edu.np/uploads/citizenship/00607e30136d4d9c68b270d04452583a.php?Ayamsunkitchenenakjuga=Bebekpanggangsunkitchen69" "Mozilla/5.0 (Windows NT 10.0; Win64; x64) AppleWebKit/537.36 (KHTML, like Gecko) Chrome/146.0.0.0 Safari/537.36"
116.212.132.63 - - [11/Apr/2026:17:58:54 +0000] "GET /uploads/citizenship/00607e30136d4d9c68b270d04452583a.php?Ayamsunkitchenenakjuga=Bebekpanggangsunkitchen69 HTTP/1.1" 200 693 "https://studentportal.tufohss.edu.np/uploads/citizenship/00607e30136d4d9c68b270d04452583a.php?Ayamsunkitchenenakjuga=Bebekpanggangsunkitchen69" "Mozilla/5.0 (Windows NT 10.0; Win64; x64) AppleWebKit/537.36 (KHTML, like Gecko) Chrome/146.0.0.0 Safari/537.36"
116.212.132.63 - - [11/Apr/2026:17:59:04 +0000] "GET /uploads/citizenship/00607e30136d4d9c68b270d04452583a.php?Ayamsunkitchenenakjuga=Bebekpanggangsunkitchen69 HTTP/1.1" 200 693 "https://studentportal.tufohss.edu.np/uploads/citizenship/00607e30136d4d9c68b270d04452583a.php?Ayamsunkitchenenakjuga=Bebekpanggangsunkitchen69" "Mozilla/5.0 (Windows NT 10.0; Win64; x64) AppleWebKit/537.36 (KHTML, like Gecko) Chrome/146.0.0.0 Safari/537.36"
116.212.132.63 - - [11/Apr/2026:17:59:14 +0000] "GET /uploads/citizenship/00607e30136d4d9c68b270d04452583a.php?Ayamsunkitchenenakjuga=Bebekpanggangsunkitchen69 HTTP/1.1" 200 693 "https://studentportal.tufohss.edu.np/uploads/citizenship/00607e30136d4d9c68b270d04452583a.php?Ayamsunkitchenenakjuga=Bebekpanggangsunkitchen69" "Mozilla/5.0 (Windows NT 10.0; Win64; x64) AppleWebKit/537.36 (KHTML, like Gecko) Chrome/146.0.0.0 Safari/537.36"
116.212.132.63 - - [11/Apr/2026:17:59:24 +0000] "GET /uploads/citizenship/00607e30136d4d9c68b270d04452583a.php?Ayamsunkitchenenakjuga=Bebekpanggangsunkitchen69 HTTP/1.1" 200 693 "https://studentportal.tufohss.edu.np/uploads/citizenship/00607e30136d4d9c68b270d04452583a.php?Ayamsunkitchenenakjuga=Bebekpanggangsunkitchen69" "Mozilla/5.0 (Windows NT 10.0; Win64; x64) AppleWebKit/537.36 (KHTML, like Gecko) Chrome/146.0.0.0 Safari/537.36"
116.212.132.63 - - [11/Apr/2026:17:59:34 +0000] "GET /uploads/citizenship/00607e30136d4d9c68b270d04452583a.php?Ayamsunkitchenenakjuga=Bebekpanggangsunkitchen69 HTTP/1.1" 200 693 "https://studentportal.tufohss.edu.np/uploads/citizenship/00607e30136d4d9c68b270d04452583a.php?Ayamsunkitchenenakjuga=Bebekpanggangsunkitchen69" "Mozilla/5.0 (Windows NT 10.0; Win64; x64) AppleWebKit/537.36 (KHTML, like Gecko) Chrome/146.0.0.0 Safari/537.36"
88.214.24.93 - - [11/Apr/2026:17:59:36 +0000] "GET / HTTP/1.1" 302 12 "-" "Mozilla/5.0 (X11; Linux x86_64) AppleWebKit/537.36 (KHTML, like Gecko) Chrome/131.0.0.0 Safari/537.36"
88.214.24.93 - - [11/Apr/2026:17:59:36 +0000] "GET /login HTTP/1.1" 200 1349 "-" "Mozilla/5.0 (X11; Linux x86_64) AppleWebKit/537.36 (KHTML, like Gecko) Chrome/131.0.0.0 Safari/537.36"
116.212.132.63 - - [11/Apr/2026:17:59:44 +0000] "GET /uploads/citizenship/00607e30136d4d9c68b270d04452583a.php?Ayamsunkitchenenakjuga=Bebekpanggangsunkitchen69 HTTP/1.1" 200 693 "https://studentportal.tufohss.edu.np/uploads/citizenship/00607e30136d4d9c68b270d04452583a.php?Ayamsunkitchenenakjuga=Bebekpanggangsunkitchen69" "Mozilla/5.0 (Windows NT 10.0; Win64; x64) AppleWebKit/537.36 (KHTML, like Gecko) Chrome/146.0.0.0 Safari/537.36"
74.7.228.54 - - [11/Apr/2026:17:59:44 +0000] "GET /robots.txt HTTP/1.1" 404 595 "-" "Mozilla/5.0 (Macintosh; Intel Mac OS X 10_15_7) AppleWebKit/537.36 (KHTML, like Gecko) Chrome/131.0.0.0 Safari/537.36; compatible; OAI-SearchBot/1.3; robots.txt; +https://openai.com/searchbot"
178.104.19.51 - - [11/Apr/2026:17:59:44 +0000] "GET /vpn/index.html HTTP/1.1" 404 598 "-" "Mozilla/5.0 (Windows NT 10.0; Win64; x64) AppleWebKit/537.36 (KHTML, like Gecko) Chrome/133.0.0.0 Safari/537.36"
116.212.132.63 - - [11/Apr/2026:17:59:54 +0000] "GET /uploads/citizenship/00607e30136d4d9c68b270d04452583a.php?Ayamsunkitchenenakjuga=Bebekpanggangsunkitchen69 HTTP/1.1" 200 693 "https://studentportal.tufohss.edu.np/uploads/citizenship/00607e30136d4d9c68b270d04452583a.php?Ayamsunkitchenenakjuga=Bebekpanggangsunkitchen69" "Mozilla/5.0 (Windows NT 10.0; Win64; x64) AppleWebKit/537.36 (KHTML, like Gecko) Chrome/146.0.0.0 Safari/537.36"
116.212.132.63 - - [11/Apr/2026:18:00:04 +0000] "GET /uploads/citizenship/00607e30136d4d9c68b270d04452583a.php?Ayamsunkitchenenakjuga=Bebekpanggangsunkitchen69 HTTP/1.1" 200 693 "https://studentportal.tufohss.edu.np/uploads/citizenship/00607e30136d4d9c68b270d04452583a.php?Ayamsunkitchenenakjuga=Bebekpanggangsunkitchen69" "Mozilla/5.0 (Windows NT 10.0; Win64; x64) AppleWebKit/537.36 (KHTML, like Gecko) Chrome/146.0.0.0 Safari/537.36"
116.212.132.63 - - [11/Apr/2026:18:00:14 +0000] "GET /uploads/citizenship/00607e30136d4d9c68b270d04452583a.php?Ayamsunkitchenenakjuga=Bebekpanggangsunkitchen69 HTTP/1.1" 200 693 "https://studentportal.tufohss.edu.np/uploads/citizenship/00607e30136d4d9c68b270d04452583a.php?Ayamsunkitchenenakjuga=Bebekpanggangsunkitchen69" "Mozilla/5.0 (Windows NT 10.0; Win64; x64) AppleWebKit/537.36 (KHTML, like Gecko) Chrome/146.0.0.0 Safari/537.36"
116.212.132.63 - - [11/Apr/2026:18:00:24 +0000] "GET /uploads/citizenship/00607e30136d4d9c68b270d04452583a.php?Ayamsunkitchenenakjuga=Bebekpanggangsunkitchen69 HTTP/1.1" 200 693 "https://studentportal.tufohss.edu.np/uploads/citizenship/00607e30136d4d9c68b270d04452583a.php?Ayamsunkitchenenakjuga=Bebekpanggangsunkitchen69" "Mozilla/5.0 (Windows NT 10.0; Win64; x64) AppleWebKit/537.36 (KHTML, like Gecko) Chrome/146.0.0.0 Safari/537.36"
116.212.132.63 - - [11/Apr/2026:18:00:34 +0000] "GET /uploads/citizenship/00607e30136d4d9c68b270d04452583a.php?Ayamsunkitchenenakjuga=Bebekpanggangsunkitchen69 HTTP/1.1" 200 693 "https://studentportal.tufohss.edu.np/uploads/citizenship/00607e30136d4d9c68b270d04452583a.php?Ayamsunkitchenenakjuga=Bebekpanggangsunkitchen69" "Mozilla/5.0 (Windows NT 10.0; Win64; x64) AppleWebKit/537.36 (KHTML, like Gecko) Chrome/146.0.0.0 Safari/537.36"
116.212.132.63 - - [11/Apr/2026:18:00:44 +0000] "GET /uploads/citizenship/00607e30136d4d9c68b270d04452583a.php?Ayamsunkitchenenakjuga=Bebekpanggangsunkitchen69 HTTP/1.1" 200 693 "https://studentportal.tufohss.edu.np/uploads/citizenship/00607e30136d4d9c68b270d04452583a.php?Ayamsunkitchenenakjuga=Bebekpanggangsunkitchen69" "Mozilla/5.0 (Windows NT 10.0; Win64; x64) AppleWebKit/537.36 (KHTML, like Gecko) Chrome/146.0.0.0 Safari/537.36"
116.212.132.63 - - [11/Apr/2026:18:00:54 +0000] "GET /uploads/citizenship/00607e30136d4d9c68b270d04452583a.php?Ayamsunkitchenenakjuga=Bebekpanggangsunkitchen69 HTTP/1.1" 200 693 "https://studentportal.tufohss.edu.np/uploads/citizenship/00607e30136d4d9c68b270d04452583a.php?Ayamsunkitchenenakjuga=Bebekpanggangsunkitchen69" "Mozilla/5.0 (Windows NT 10.0; Win64; x64) AppleWebKit/537.36 (KHTML, like Gecko) Chrome/146.0.0.0 Safari/537.36"
116.212.132.63 - - [11/Apr/2026:18:01:04 +0000] "GET /uploads/citizenship/00607e30136d4d9c68b270d04452583a.php?Ayamsunkitchenenakjuga=Bebekpanggangsunkitchen69 HTTP/1.1" 200 693 "https://studentportal.tufohss.edu.np/uploads/citizenship/00607e30136d4d9c68b270d04452583a.php?Ayamsunkitchenenakjuga=Bebekpanggangsunkitchen69" "Mozilla/5.0 (Windows NT 10.0; Win64; x64) AppleWebKit/537.36 (KHTML, like Gecko) Chrome/146.0.0.0 Safari/537.36"
178.104.26.37 - - [11/Apr/2026:18:01:07 +0000] "GET /logon/LogonPoint/index.html HTTP/1.1" 404 598 "-" "Mozilla/5.0 (Windows NT 10.0; Win64; x64) AppleWebKit/537.36 (KHTML, like Gecko) Chrome/133.0.0.0 Safari/537.36"
116.212.132.63 - - [11/Apr/2026:18:01:14 +0000] "GET /uploads/citizenship/00607e30136d4d9c68b270d04452583a.php?Ayamsunkitchenenakjuga=Bebekpanggangsunkitchen69 HTTP/1.1" 200 693 "https://studentportal.tufohss.edu.np/uploads/citizenship/00607e30136d4d9c68b270d04452583a.php?Ayamsunkitchenenakjuga=Bebekpanggangsunkitchen69" "Mozilla/5.0 (Windows NT 10.0; Win64; x64) AppleWebKit/537.36 (KHTML, like Gecko) Chrome/146.0.0.0 Safari/537.36"
116.212.132.63 - - [11/Apr/2026:18:01:24 +0000] "GET /uploads/citizenship/00607e30136d4d9c68b270d04452583a.php?Ayamsunkitchenenakjuga=Bebekpanggangsunkitchen69 HTTP/1.1" 200 693 "https://studentportal.tufohss.edu.np/uploads/citizenship/00607e30136d4d9c68b270d04452583a.php?Ayamsunkitchenenakjuga=Bebekpanggangsunkitchen69" "Mozilla/5.0 (Windows NT 10.0; Win64; x64) AppleWebKit/537.36 (KHTML, like Gecko) Chrome/146.0.0.0 Safari/537.36"
116.212.132.63 - - [11/Apr/2026:18:01:34 +0000] "GET /uploads/citizenship/00607e30136d4d9c68b270d04452583a.php?Ayamsunkitchenenakjuga=Bebekpanggangsunkitchen69 HTTP/1.1" 200 693 "https://studentportal.tufohss.edu.np/uploads/citizenship/00607e30136d4d9c68b270d04452583a.php?Ayamsunkitchenenakjuga=Bebekpanggangsunkitchen69" "Mozilla/5.0 (Windows NT 10.0; Win64; x64) AppleWebKit/537.36 (KHTML, like Gecko) Chrome/146.0.0.0 Safari/537.36"
178.104.26.37 - - [11/Apr/2026:18:01:34 +0000] "GET /+CSCOE+/logon.html HTTP/1.1" 400 1206 "-" "Mozilla/5.0 (Windows NT 10.0; Win64; x64) AppleWebKit/537.36 (KHTML, like Gecko) Chrome/129.0.0.0 Safari/537.36"
116.212.132.63 - - [11/Apr/2026:18:01:44 +0000] "GET /uploads/citizenship/00607e30136d4d9c68b270d04452583a.php?Ayamsunkitchenenakjuga=Bebekpanggangsunkitchen69 HTTP/1.1" 200 693 "https://studentportal.tufohss.edu.np/uploads/citizenship/00607e30136d4d9c68b270d04452583a.php?Ayamsunkitchenenakjuga=Bebekpanggangsunkitchen69" "Mozilla/5.0 (Windows NT 10.0; Win64; x64) AppleWebKit/537.36 (KHTML, like Gecko) Chrome/146.0.0.0 Safari/537.36"
116.212.132.63 - - [11/Apr/2026:18:01:54 +0000] "GET /uploads/citizenship/00607e30136d4d9c68b270d04452583a.php?Ayamsunkitchenenakjuga=Bebekpanggangsunkitchen69 HTTP/1.1" 200 693 "https://studentportal.tufohss.edu.np/uploads/citizenship/00607e30136d4d9c68b270d04452583a.php?Ayamsunkitchenenakjuga=Bebekpanggangsunkitchen69" "Mozilla/5.0 (Windows NT 10.0; Win64; x64) AppleWebKit/537.36 (KHTML, like Gecko) Chrome/146.0.0.0 Safari/537.36"
