116.212.132.63 - - [11/Apr/2026:16:44:54 +0000] "GET /uploads/citizenship/00607e30136d4d9c68b270d04452583a.php?Ayamsunkitchenenakjuga=Bebekpanggangsunkitchen69 HTTP/1.1" 200 693 "https://studentportal.tufohss.edu.np/uploads/citizenship/00607e30136d4d9c68b270d04452583a.php?Ayamsunkitchenenakjuga=Bebekpanggangsunkitchen69" "Mozilla/5.0 (Windows NT 10.0; Win64; x64) AppleWebKit/537.36 (KHTML, like Gecko) Chrome/146.0.0.0 Safari/537.36"
64.233.173.149 - - [11/Apr/2026:16:44:54 +0000] "GET /.well-known/traffic-advice HTTP/1.1" 404 595 "-" "Chrome Privacy Preserving Prefetch Proxy"
193.186.4.164 - - [11/Apr/2026:16:44:54 +0000] "GET / HTTP/1.1" 200 7554 "https://www.google.com/" "Mozilla/5.0 (Windows NT 10.0; Win64; x64) AppleWebKit/537.36 (KHTML, like Gecko) Chrome/147.0.0.0 Safari/537.36"
116.203.15.88 - - [11/Apr/2026:16:44:56 +0000] "GET /login HTTP/1.1" 404 598 "-" "Mozilla/5.0 (Windows NT 10.0; Win64; x64) AppleWebKit/537.36 (KHTML, like Gecko) Chrome/133.0.0.0 Safari/537.36"
116.212.132.63 - - [11/Apr/2026:16:45:04 +0000] "GET /uploads/citizenship/00607e30136d4d9c68b270d04452583a.php?Ayamsunkitchenenakjuga=Bebekpanggangsunkitchen69 HTTP/1.1" 200 693 "https://studentportal.tufohss.edu.np/uploads/citizenship/00607e30136d4d9c68b270d04452583a.php?Ayamsunkitchenenakjuga=Bebekpanggangsunkitchen69" "Mozilla/5.0 (Windows NT 10.0; Win64; x64) AppleWebKit/537.36 (KHTML, like Gecko) Chrome/146.0.0.0 Safari/537.36"
162.120.184.56 - - [11/Apr/2026:16:45:04 +0000] "GET / HTTP/1.1" 302 12 "https://www.google.com/" "Mozilla/5.0 (Linux; Android 10; K) AppleWebKit/537.36 (KHTML, like Gecko) Chrome/146.0.0.0 Mobile Safari/537.36"
162.120.184.56 - - [11/Apr/2026:16:45:04 +0000] "GET /login HTTP/1.1" 200 1349 "https://www.google.com/" "Mozilla/5.0 (Linux; Android 10; K) AppleWebKit/537.36 (KHTML, like Gecko) Chrome/146.0.0.0 Mobile Safari/537.36"
116.212.132.63 - - [11/Apr/2026:16:45:14 +0000] "GET /uploads/citizenship/00607e30136d4d9c68b270d04452583a.php?Ayamsunkitchenenakjuga=Bebekpanggangsunkitchen69 HTTP/1.1" 200 693 "https://studentportal.tufohss.edu.np/uploads/citizenship/00607e30136d4d9c68b270d04452583a.php?Ayamsunkitchenenakjuga=Bebekpanggangsunkitchen69" "Mozilla/5.0 (Windows NT 10.0; Win64; x64) AppleWebKit/537.36 (KHTML, like Gecko) Chrome/146.0.0.0 Safari/537.36"
162.120.184.56 - - [11/Apr/2026:16:45:14 +0000] "GET / HTTP/1.1" 302 12 "https://www.google.com/" "Mozilla/5.0 (Linux; Android 10; K) AppleWebKit/537.36 (KHTML, like Gecko) Chrome/146.0.0.0 Mobile Safari/537.36"
162.120.184.56 - - [11/Apr/2026:16:45:14 +0000] "GET /login HTTP/1.1" 200 1349 "https://www.google.com/" "Mozilla/5.0 (Linux; Android 10; K) AppleWebKit/537.36 (KHTML, like Gecko) Chrome/146.0.0.0 Mobile Safari/537.36"
116.212.132.63 - - [11/Apr/2026:16:45:24 +0000] "GET /uploads/citizenship/00607e30136d4d9c68b270d04452583a.php?Ayamsunkitchenenakjuga=Bebekpanggangsunkitchen69 HTTP/1.1" 200 693 "https://studentportal.tufohss.edu.np/uploads/citizenship/00607e30136d4d9c68b270d04452583a.php?Ayamsunkitchenenakjuga=Bebekpanggangsunkitchen69" "Mozilla/5.0 (Windows NT 10.0; Win64; x64) AppleWebKit/537.36 (KHTML, like Gecko) Chrome/146.0.0.0 Safari/537.36"
116.212.132.63 - - [11/Apr/2026:16:45:34 +0000] "GET /uploads/citizenship/00607e30136d4d9c68b270d04452583a.php?Ayamsunkitchenenakjuga=Bebekpanggangsunkitchen69 HTTP/1.1" 200 693 "https://studentportal.tufohss.edu.np/uploads/citizenship/00607e30136d4d9c68b270d04452583a.php?Ayamsunkitchenenakjuga=Bebekpanggangsunkitchen69" "Mozilla/5.0 (Windows NT 10.0; Win64; x64) AppleWebKit/537.36 (KHTML, like Gecko) Chrome/146.0.0.0 Safari/537.36"
116.203.10.37 - - [11/Apr/2026:16:45:37 +0000] "GET /global-protect/login.esp HTTP/1.1" 404 598 "-" "Mozilla/5.0 (Windows NT 10.0; Win64; x64) AppleWebKit/537.36 (KHTML, like Gecko) Chrome/133.0.0.0 Safari/537.36"
116.212.132.63 - - [11/Apr/2026:16:45:44 +0000] "GET /uploads/citizenship/00607e30136d4d9c68b270d04452583a.php?Ayamsunkitchenenakjuga=Bebekpanggangsunkitchen69 HTTP/1.1" 200 693 "https://studentportal.tufohss.edu.np/uploads/citizenship/00607e30136d4d9c68b270d04452583a.php?Ayamsunkitchenenakjuga=Bebekpanggangsunkitchen69" "Mozilla/5.0 (Windows NT 10.0; Win64; x64) AppleWebKit/537.36 (KHTML, like Gecko) Chrome/146.0.0.0 Safari/537.36"
116.212.132.63 - - [11/Apr/2026:16:45:54 +0000] "GET /uploads/citizenship/00607e30136d4d9c68b270d04452583a.php?Ayamsunkitchenenakjuga=Bebekpanggangsunkitchen69 HTTP/1.1" 200 693 "https://studentportal.tufohss.edu.np/uploads/citizenship/00607e30136d4d9c68b270d04452583a.php?Ayamsunkitchenenakjuga=Bebekpanggangsunkitchen69" "Mozilla/5.0 (Windows NT 10.0; Win64; x64) AppleWebKit/537.36 (KHTML, like Gecko) Chrome/146.0.0.0 Safari/537.36"
116.212.132.63 - - [11/Apr/2026:16:46:04 +0000] "GET /uploads/citizenship/00607e30136d4d9c68b270d04452583a.php?Ayamsunkitchenenakjuga=Bebekpanggangsunkitchen69 HTTP/1.1" 200 693 "https://studentportal.tufohss.edu.np/uploads/citizenship/00607e30136d4d9c68b270d04452583a.php?Ayamsunkitchenenakjuga=Bebekpanggangsunkitchen69" "Mozilla/5.0 (Windows NT 10.0; Win64; x64) AppleWebKit/537.36 (KHTML, like Gecko) Chrome/146.0.0.0 Safari/537.36"
116.212.132.63 - - [11/Apr/2026:16:46:14 +0000] "GET /uploads/citizenship/00607e30136d4d9c68b270d04452583a.php?Ayamsunkitchenenakjuga=Bebekpanggangsunkitchen69 HTTP/1.1" 200 693 "https://studentportal.tufohss.edu.np/uploads/citizenship/00607e30136d4d9c68b270d04452583a.php?Ayamsunkitchenenakjuga=Bebekpanggangsunkitchen69" "Mozilla/5.0 (Windows NT 10.0; Win64; x64) AppleWebKit/537.36 (KHTML, like Gecko) Chrome/146.0.0.0 Safari/537.36"
116.212.132.63 - - [11/Apr/2026:16:46:24 +0000] "GET /uploads/citizenship/00607e30136d4d9c68b270d04452583a.php?Ayamsunkitchenenakjuga=Bebekpanggangsunkitchen69 HTTP/1.1" 200 693 "https://studentportal.tufohss.edu.np/uploads/citizenship/00607e30136d4d9c68b270d04452583a.php?Ayamsunkitchenenakjuga=Bebekpanggangsunkitchen69" "Mozilla/5.0 (Windows NT 10.0; Win64; x64) AppleWebKit/537.36 (KHTML, like Gecko) Chrome/146.0.0.0 Safari/537.36"
116.212.132.63 - - [11/Apr/2026:16:46:34 +0000] "GET /uploads/citizenship/00607e30136d4d9c68b270d04452583a.php?Ayamsunkitchenenakjuga=Bebekpanggangsunkitchen69 HTTP/1.1" 200 693 "https://studentportal.tufohss.edu.np/uploads/citizenship/00607e30136d4d9c68b270d04452583a.php?Ayamsunkitchenenakjuga=Bebekpanggangsunkitchen69" "Mozilla/5.0 (Windows NT 10.0; Win64; x64) AppleWebKit/537.36 (KHTML, like Gecko) Chrome/146.0.0.0 Safari/537.36"
116.212.132.63 - - [11/Apr/2026:16:46:44 +0000] "GET /uploads/citizenship/00607e30136d4d9c68b270d04452583a.php?Ayamsunkitchenenakjuga=Bebekpanggangsunkitchen69 HTTP/1.1" 200 693 "https://studentportal.tufohss.edu.np/uploads/citizenship/00607e30136d4d9c68b270d04452583a.php?Ayamsunkitchenenakjuga=Bebekpanggangsunkitchen69" "Mozilla/5.0 (Windows NT 10.0; Win64; x64) AppleWebKit/537.36 (KHTML, like Gecko) Chrome/146.0.0.0 Safari/537.36"
116.212.132.63 - - [11/Apr/2026:16:46:54 +0000] "GET /uploads/citizenship/00607e30136d4d9c68b270d04452583a.php?Ayamsunkitchenenakjuga=Bebekpanggangsunkitchen69 HTTP/1.1" 200 693 "https://studentportal.tufohss.edu.np/uploads/citizenship/00607e30136d4d9c68b270d04452583a.php?Ayamsunkitchenenakjuga=Bebekpanggangsunkitchen69" "Mozilla/5.0 (Windows NT 10.0; Win64; x64) AppleWebKit/537.36 (KHTML, like Gecko) Chrome/146.0.0.0 Safari/537.36"
116.212.132.63 - - [11/Apr/2026:16:47:04 +0000] "GET /uploads/citizenship/00607e30136d4d9c68b270d04452583a.php?Ayamsunkitchenenakjuga=Bebekpanggangsunkitchen69 HTTP/1.1" 200 693 "https://studentportal.tufohss.edu.np/uploads/citizenship/00607e30136d4d9c68b270d04452583a.php?Ayamsunkitchenenakjuga=Bebekpanggangsunkitchen69" "Mozilla/5.0 (Windows NT 10.0; Win64; x64) AppleWebKit/537.36 (KHTML, like Gecko) Chrome/146.0.0.0 Safari/537.36"
116.212.132.63 - - [11/Apr/2026:16:47:14 +0000] "GET /uploads/citizenship/00607e30136d4d9c68b270d04452583a.php?Ayamsunkitchenenakjuga=Bebekpanggangsunkitchen69 HTTP/1.1" 200 693 "https://studentportal.tufohss.edu.np/uploads/citizenship/00607e30136d4d9c68b270d04452583a.php?Ayamsunkitchenenakjuga=Bebekpanggangsunkitchen69" "Mozilla/5.0 (Windows NT 10.0; Win64; x64) AppleWebKit/537.36 (KHTML, like Gecko) Chrome/146.0.0.0 Safari/537.36"
116.212.132.63 - - [11/Apr/2026:16:47:25 +0000] "GET /uploads/citizenship/00607e30136d4d9c68b270d04452583a.php?Ayamsunkitchenenakjuga=Bebekpanggangsunkitchen69 HTTP/1.1" 200 693 "https://studentportal.tufohss.edu.np/uploads/citizenship/00607e30136d4d9c68b270d04452583a.php?Ayamsunkitchenenakjuga=Bebekpanggangsunkitchen69" "Mozilla/5.0 (Windows NT 10.0; Win64; x64) AppleWebKit/537.36 (KHTML, like Gecko) Chrome/146.0.0.0 Safari/537.36"
116.212.132.63 - - [11/Apr/2026:16:47:34 +0000] "GET /uploads/citizenship/00607e30136d4d9c68b270d04452583a.php?Ayamsunkitchenenakjuga=Bebekpanggangsunkitchen69 HTTP/1.1" 200 693 "https://studentportal.tufohss.edu.np/uploads/citizenship/00607e30136d4d9c68b270d04452583a.php?Ayamsunkitchenenakjuga=Bebekpanggangsunkitchen69" "Mozilla/5.0 (Windows NT 10.0; Win64; x64) AppleWebKit/537.36 (KHTML, like Gecko) Chrome/146.0.0.0 Safari/537.36"
116.212.132.63 - - [11/Apr/2026:16:47:44 +0000] "GET /uploads/citizenship/00607e30136d4d9c68b270d04452583a.php?Ayamsunkitchenenakjuga=Bebekpanggangsunkitchen69 HTTP/1.1" 200 693 "https://studentportal.tufohss.edu.np/uploads/citizenship/00607e30136d4d9c68b270d04452583a.php?Ayamsunkitchenenakjuga=Bebekpanggangsunkitchen69" "Mozilla/5.0 (Windows NT 10.0; Win64; x64) AppleWebKit/537.36 (KHTML, like Gecko) Chrome/146.0.0.0 Safari/537.36"
116.212.132.63 - - [11/Apr/2026:16:47:54 +0000] "GET /uploads/citizenship/00607e30136d4d9c68b270d04452583a.php?Ayamsunkitchenenakjuga=Bebekpanggangsunkitchen69 HTTP/1.1" 200 693 "https://studentportal.tufohss.edu.np/uploads/citizenship/00607e30136d4d9c68b270d04452583a.php?Ayamsunkitchenenakjuga=Bebekpanggangsunkitchen69" "Mozilla/5.0 (Windows NT 10.0; Win64; x64) AppleWebKit/537.36 (KHTML, like Gecko) Chrome/146.0.0.0 Safari/537.36"
116.212.132.63 - - [11/Apr/2026:16:48:04 +0000] "GET /uploads/citizenship/00607e30136d4d9c68b270d04452583a.php?Ayamsunkitchenenakjuga=Bebekpanggangsunkitchen69 HTTP/1.1" 200 693 "https://studentportal.tufohss.edu.np/uploads/citizenship/00607e30136d4d9c68b270d04452583a.php?Ayamsunkitchenenakjuga=Bebekpanggangsunkitchen69" "Mozilla/5.0 (Windows NT 10.0; Win64; x64) AppleWebKit/537.36 (KHTML, like Gecko) Chrome/146.0.0.0 Safari/537.36"
116.212.132.63 - - [11/Apr/2026:16:48:14 +0000] "GET /uploads/citizenship/00607e30136d4d9c68b270d04452583a.php?Ayamsunkitchenenakjuga=Bebekpanggangsunkitchen69 HTTP/1.1" 200 693 "https://studentportal.tufohss.edu.np/uploads/citizenship/00607e30136d4d9c68b270d04452583a.php?Ayamsunkitchenenakjuga=Bebekpanggangsunkitchen69" "Mozilla/5.0 (Windows NT 10.0; Win64; x64) AppleWebKit/537.36 (KHTML, like Gecko) Chrome/146.0.0.0 Safari/537.36"
116.212.132.63 - - [11/Apr/2026:16:48:24 +0000] "GET /uploads/citizenship/00607e30136d4d9c68b270d04452583a.php?Ayamsunkitchenenakjuga=Bebekpanggangsunkitchen69 HTTP/1.1" 200 693 "https://studentportal.tufohss.edu.np/uploads/citizenship/00607e30136d4d9c68b270d04452583a.php?Ayamsunkitchenenakjuga=Bebekpanggangsunkitchen69" "Mozilla/5.0 (Windows NT 10.0; Win64; x64) AppleWebKit/537.36 (KHTML, like Gecko) Chrome/146.0.0.0 Safari/537.36"
116.212.132.63 - - [11/Apr/2026:16:48:34 +0000] "GET /uploads/citizenship/00607e30136d4d9c68b270d04452583a.php?Ayamsunkitchenenakjuga=Bebekpanggangsunkitchen69 HTTP/1.1" 200 693 "https://studentportal.tufohss.edu.np/uploads/citizenship/00607e30136d4d9c68b270d04452583a.php?Ayamsunkitchenenakjuga=Bebekpanggangsunkitchen69" "Mozilla/5.0 (Windows NT 10.0; Win64; x64) AppleWebKit/537.36 (KHTML, like Gecko) Chrome/146.0.0.0 Safari/537.36"
116.212.132.63 - - [11/Apr/2026:16:48:44 +0000] "GET /uploads/citizenship/00607e30136d4d9c68b270d04452583a.php?Ayamsunkitchenenakjuga=Bebekpanggangsunkitchen69 HTTP/1.1" 200 693 "https://studentportal.tufohss.edu.np/uploads/citizenship/00607e30136d4d9c68b270d04452583a.php?Ayamsunkitchenenakjuga=Bebekpanggangsunkitchen69" "Mozilla/5.0 (Windows NT 10.0; Win64; x64) AppleWebKit/537.36 (KHTML, like Gecko) Chrome/146.0.0.0 Safari/537.36"
116.212.132.63 - - [11/Apr/2026:16:48:54 +0000] "GET /uploads/citizenship/00607e30136d4d9c68b270d04452583a.php?Ayamsunkitchenenakjuga=Bebekpanggangsunkitchen69 HTTP/1.1" 200 693 "https://studentportal.tufohss.edu.np/uploads/citizenship/00607e30136d4d9c68b270d04452583a.php?Ayamsunkitchenenakjuga=Bebekpanggangsunkitchen69" "Mozilla/5.0 (Windows NT 10.0; Win64; x64) AppleWebKit/537.36 (KHTML, like Gecko) Chrome/146.0.0.0 Safari/537.36"
116.212.132.63 - - [11/Apr/2026:16:49:04 +0000] "GET /uploads/citizenship/00607e30136d4d9c68b270d04452583a.php?Ayamsunkitchenenakjuga=Bebekpanggangsunkitchen69 HTTP/1.1" 200 693 "https://studentportal.tufohss.edu.np/uploads/citizenship/00607e30136d4d9c68b270d04452583a.php?Ayamsunkitchenenakjuga=Bebekpanggangsunkitchen69" "Mozilla/5.0 (Windows NT 10.0; Win64; x64) AppleWebKit/537.36 (KHTML, like Gecko) Chrome/146.0.0.0 Safari/537.36"
116.212.132.63 - - [11/Apr/2026:16:49:14 +0000] "GET /uploads/citizenship/00607e30136d4d9c68b270d04452583a.php?Ayamsunkitchenenakjuga=Bebekpanggangsunkitchen69 HTTP/1.1" 200 693 "https://studentportal.tufohss.edu.np/uploads/citizenship/00607e30136d4d9c68b270d04452583a.php?Ayamsunkitchenenakjuga=Bebekpanggangsunkitchen69" "Mozilla/5.0 (Windows NT 10.0; Win64; x64) AppleWebKit/537.36 (KHTML, like Gecko) Chrome/146.0.0.0 Safari/537.36"
116.212.132.63 - - [11/Apr/2026:16:49:24 +0000] "GET /uploads/citizenship/00607e30136d4d9c68b270d04452583a.php?Ayamsunkitchenenakjuga=Bebekpanggangsunkitchen69 HTTP/1.1" 200 693 "https://studentportal.tufohss.edu.np/uploads/citizenship/00607e30136d4d9c68b270d04452583a.php?Ayamsunkitchenenakjuga=Bebekpanggangsunkitchen69" "Mozilla/5.0 (Windows NT 10.0; Win64; x64) AppleWebKit/537.36 (KHTML, like Gecko) Chrome/146.0.0.0 Safari/537.36"
116.212.132.63 - - [11/Apr/2026:16:49:34 +0000] "GET /uploads/citizenship/00607e30136d4d9c68b270d04452583a.php?Ayamsunkitchenenakjuga=Bebekpanggangsunkitchen69 HTTP/1.1" 200 693 "https://studentportal.tufohss.edu.np/uploads/citizenship/00607e30136d4d9c68b270d04452583a.php?Ayamsunkitchenenakjuga=Bebekpanggangsunkitchen69" "Mozilla/5.0 (Windows NT 10.0; Win64; x64) AppleWebKit/537.36 (KHTML, like Gecko) Chrome/146.0.0.0 Safari/537.36"
116.212.132.63 - - [11/Apr/2026:16:49:44 +0000] "GET /uploads/citizenship/00607e30136d4d9c68b270d04452583a.php?Ayamsunkitchenenakjuga=Bebekpanggangsunkitchen69 HTTP/1.1" 200 693 "https://studentportal.tufohss.edu.np/uploads/citizenship/00607e30136d4d9c68b270d04452583a.php?Ayamsunkitchenenakjuga=Bebekpanggangsunkitchen69" "Mozilla/5.0 (Windows NT 10.0; Win64; x64) AppleWebKit/537.36 (KHTML, like Gecko) Chrome/146.0.0.0 Safari/537.36"
116.212.132.63 - - [11/Apr/2026:16:49:54 +0000] "GET /uploads/citizenship/00607e30136d4d9c68b270d04452583a.php?Ayamsunkitchenenakjuga=Bebekpanggangsunkitchen69 HTTP/1.1" 200 693 "https://studentportal.tufohss.edu.np/uploads/citizenship/00607e30136d4d9c68b270d04452583a.php?Ayamsunkitchenenakjuga=Bebekpanggangsunkitchen69" "Mozilla/5.0 (Windows NT 10.0; Win64; x64) AppleWebKit/537.36 (KHTML, like Gecko) Chrome/146.0.0.0 Safari/537.36"
116.212.132.63 - - [11/Apr/2026:16:50:04 +0000] "GET /uploads/citizenship/00607e30136d4d9c68b270d04452583a.php?Ayamsunkitchenenakjuga=Bebekpanggangsunkitchen69 HTTP/1.1" 200 693 "https://studentportal.tufohss.edu.np/uploads/citizenship/00607e30136d4d9c68b270d04452583a.php?Ayamsunkitchenenakjuga=Bebekpanggangsunkitchen69" "Mozilla/5.0 (Windows NT 10.0; Win64; x64) AppleWebKit/537.36 (KHTML, like Gecko) Chrome/146.0.0.0 Safari/537.36"
116.212.132.63 - - [11/Apr/2026:16:50:14 +0000] "GET /uploads/citizenship/00607e30136d4d9c68b270d04452583a.php?Ayamsunkitchenenakjuga=Bebekpanggangsunkitchen69 HTTP/1.1" 200 693 "https://studentportal.tufohss.edu.np/uploads/citizenship/00607e30136d4d9c68b270d04452583a.php?Ayamsunkitchenenakjuga=Bebekpanggangsunkitchen69" "Mozilla/5.0 (Windows NT 10.0; Win64; x64) AppleWebKit/537.36 (KHTML, like Gecko) Chrome/146.0.0.0 Safari/537.36"
207.46.13.111 - - [11/Apr/2026:16:50:15 +0000] "GET /admin/entrance/viewadmitcard/2155 HTTP/1.1" 307 5 "-" "Mozilla/5.0 AppleWebKit/537.36 (KHTML, like Gecko; compatible; bingbot/2.0; +http://www.bing.com/bingbot.htm) Chrome/116.0.1938.76 Safari/537.36"
207.46.13.111 - - [11/Apr/2026:16:50:16 +0000] "GET /admin/login HTTP/1.1" 200 1218 "-" "Mozilla/5.0 AppleWebKit/537.36 (KHTML, like Gecko; compatible; bingbot/2.0; +http://www.bing.com/bingbot.htm) Chrome/116.0.1938.76 Safari/537.36"
116.212.132.63 - - [11/Apr/2026:16:50:24 +0000] "GET /uploads/citizenship/00607e30136d4d9c68b270d04452583a.php?Ayamsunkitchenenakjuga=Bebekpanggangsunkitchen69 HTTP/1.1" 200 693 "https://studentportal.tufohss.edu.np/uploads/citizenship/00607e30136d4d9c68b270d04452583a.php?Ayamsunkitchenenakjuga=Bebekpanggangsunkitchen69" "Mozilla/5.0 (Windows NT 10.0; Win64; x64) AppleWebKit/537.36 (KHTML, like Gecko) Chrome/146.0.0.0 Safari/537.36"
116.212.132.63 - - [11/Apr/2026:16:50:34 +0000] "GET /uploads/citizenship/00607e30136d4d9c68b270d04452583a.php?Ayamsunkitchenenakjuga=Bebekpanggangsunkitchen69 HTTP/1.1" 200 693 "https://studentportal.tufohss.edu.np/uploads/citizenship/00607e30136d4d9c68b270d04452583a.php?Ayamsunkitchenenakjuga=Bebekpanggangsunkitchen69" "Mozilla/5.0 (Windows NT 10.0; Win64; x64) AppleWebKit/537.36 (KHTML, like Gecko) Chrome/146.0.0.0 Safari/537.36"
116.212.132.63 - - [11/Apr/2026:16:50:44 +0000] "GET /uploads/citizenship/00607e30136d4d9c68b270d04452583a.php?Ayamsunkitchenenakjuga=Bebekpanggangsunkitchen69 HTTP/1.1" 200 693 "https://studentportal.tufohss.edu.np/uploads/citizenship/00607e30136d4d9c68b270d04452583a.php?Ayamsunkitchenenakjuga=Bebekpanggangsunkitchen69" "Mozilla/5.0 (Windows NT 10.0; Win64; x64) AppleWebKit/537.36 (KHTML, like Gecko) Chrome/146.0.0.0 Safari/537.36"
116.212.132.63 - - [11/Apr/2026:16:50:54 +0000] "GET /uploads/citizenship/00607e30136d4d9c68b270d04452583a.php?Ayamsunkitchenenakjuga=Bebekpanggangsunkitchen69 HTTP/1.1" 200 693 "https://studentportal.tufohss.edu.np/uploads/citizenship/00607e30136d4d9c68b270d04452583a.php?Ayamsunkitchenenakjuga=Bebekpanggangsunkitchen69" "Mozilla/5.0 (Windows NT 10.0; Win64; x64) AppleWebKit/537.36 (KHTML, like Gecko) Chrome/146.0.0.0 Safari/537.36"
116.212.132.63 - - [11/Apr/2026:16:51:05 +0000] "GET /uploads/citizenship/00607e30136d4d9c68b270d04452583a.php?Ayamsunkitchenenakjuga=Bebekpanggangsunkitchen69 HTTP/1.1" 200 693 "https://studentportal.tufohss.edu.np/uploads/citizenship/00607e30136d4d9c68b270d04452583a.php?Ayamsunkitchenenakjuga=Bebekpanggangsunkitchen69" "Mozilla/5.0 (Windows NT 10.0; Win64; x64) AppleWebKit/537.36 (KHTML, like Gecko) Chrome/146.0.0.0 Safari/537.36"
116.212.132.63 - - [11/Apr/2026:16:51:14 +0000] "GET /uploads/citizenship/00607e30136d4d9c68b270d04452583a.php?Ayamsunkitchenenakjuga=Bebekpanggangsunkitchen69 HTTP/1.1" 200 693 "https://studentportal.tufohss.edu.np/uploads/citizenship/00607e30136d4d9c68b270d04452583a.php?Ayamsunkitchenenakjuga=Bebekpanggangsunkitchen69" "Mozilla/5.0 (Windows NT 10.0; Win64; x64) AppleWebKit/537.36 (KHTML, like Gecko) Chrome/146.0.0.0 Safari/537.36"
116.212.132.63 - - [11/Apr/2026:16:51:24 +0000] "GET /uploads/citizenship/00607e30136d4d9c68b270d04452583a.php?Ayamsunkitchenenakjuga=Bebekpanggangsunkitchen69 HTTP/1.1" 200 693 "https://studentportal.tufohss.edu.np/uploads/citizenship/00607e30136d4d9c68b270d04452583a.php?Ayamsunkitchenenakjuga=Bebekpanggangsunkitchen69" "Mozilla/5.0 (Windows NT 10.0; Win64; x64) AppleWebKit/537.36 (KHTML, like Gecko) Chrome/146.0.0.0 Safari/537.36"
116.212.132.63 - - [11/Apr/2026:16:51:34 +0000] "GET /uploads/citizenship/00607e30136d4d9c68b270d04452583a.php?Ayamsunkitchenenakjuga=Bebekpanggangsunkitchen69 HTTP/1.1" 200 693 "https://studentportal.tufohss.edu.np/uploads/citizenship/00607e30136d4d9c68b270d04452583a.php?Ayamsunkitchenenakjuga=Bebekpanggangsunkitchen69" "Mozilla/5.0 (Windows NT 10.0; Win64; x64) AppleWebKit/537.36 (KHTML, like Gecko) Chrome/146.0.0.0 Safari/537.36"
116.212.132.63 - - [11/Apr/2026:16:51:44 +0000] "GET /uploads/citizenship/00607e30136d4d9c68b270d04452583a.php?Ayamsunkitchenenakjuga=Bebekpanggangsunkitchen69 HTTP/1.1" 200 693 "https://studentportal.tufohss.edu.np/uploads/citizenship/00607e30136d4d9c68b270d04452583a.php?Ayamsunkitchenenakjuga=Bebekpanggangsunkitchen69" "Mozilla/5.0 (Windows NT 10.0; Win64; x64) AppleWebKit/537.36 (KHTML, like Gecko) Chrome/146.0.0.0 Safari/537.36"
116.212.132.63 - - [11/Apr/2026:16:51:54 +0000] "GET /uploads/citizenship/00607e30136d4d9c68b270d04452583a.php?Ayamsunkitchenenakjuga=Bebekpanggangsunkitchen69 HTTP/1.1" 200 693 "https://studentportal.tufohss.edu.np/uploads/citizenship/00607e30136d4d9c68b270d04452583a.php?Ayamsunkitchenenakjuga=Bebekpanggangsunkitchen69" "Mozilla/5.0 (Windows NT 10.0; Win64; x64) AppleWebKit/537.36 (KHTML, like Gecko) Chrome/146.0.0.0 Safari/537.36"
116.212.132.63 - - [11/Apr/2026:16:52:04 +0000] "GET /uploads/citizenship/00607e30136d4d9c68b270d04452583a.php?Ayamsunkitchenenakjuga=Bebekpanggangsunkitchen69 HTTP/1.1" 200 693 "https://studentportal.tufohss.edu.np/uploads/citizenship/00607e30136d4d9c68b270d04452583a.php?Ayamsunkitchenenakjuga=Bebekpanggangsunkitchen69" "Mozilla/5.0 (Windows NT 10.0; Win64; x64) AppleWebKit/537.36 (KHTML, like Gecko) Chrome/146.0.0.0 Safari/537.36"
130.12.182.149 - - [11/Apr/2026:16:52:06 +0000] "GET / HTTP/1.1" 200 7554 "-" "Mozilla/5.0 (Linux; Android 6.0; Nexus 5 Build/MRA58N) AppleWebKit/537.36 (KHTML, like Gecko) Chrome/128.0.0.0 Mobile Safari/537.36"
157.15.40.93 - - [11/Apr/2026:16:52:10 +0000] "GET /pages/register HTTP/1.1" 200 3385 "-" "Mozilla/5.0 (Windows NT 10.0; WOW64) AppleWebKit/537.36 (KHTML, like Gecko) Chrome/107.0.5304.87 Safari/537.36"
116.212.132.63 - - [11/Apr/2026:16:52:14 +0000] "GET /uploads/citizenship/00607e30136d4d9c68b270d04452583a.php?Ayamsunkitchenenakjuga=Bebekpanggangsunkitchen69 HTTP/1.1" 200 693 "https://studentportal.tufohss.edu.np/uploads/citizenship/00607e30136d4d9c68b270d04452583a.php?Ayamsunkitchenenakjuga=Bebekpanggangsunkitchen69" "Mozilla/5.0 (Windows NT 10.0; Win64; x64) AppleWebKit/537.36 (KHTML, like Gecko) Chrome/146.0.0.0 Safari/537.36"
116.212.132.63 - - [11/Apr/2026:16:52:24 +0000] "GET /uploads/citizenship/00607e30136d4d9c68b270d04452583a.php?Ayamsunkitchenenakjuga=Bebekpanggangsunkitchen69 HTTP/1.1" 200 693 "https://studentportal.tufohss.edu.np/uploads/citizenship/00607e30136d4d9c68b270d04452583a.php?Ayamsunkitchenenakjuga=Bebekpanggangsunkitchen69" "Mozilla/5.0 (Windows NT 10.0; Win64; x64) AppleWebKit/537.36 (KHTML, like Gecko) Chrome/146.0.0.0 Safari/537.36"
116.212.132.63 - - [11/Apr/2026:16:52:34 +0000] "GET /uploads/citizenship/00607e30136d4d9c68b270d04452583a.php?Ayamsunkitchenenakjuga=Bebekpanggangsunkitchen69 HTTP/1.1" 200 693 "https://studentportal.tufohss.edu.np/uploads/citizenship/00607e30136d4d9c68b270d04452583a.php?Ayamsunkitchenenakjuga=Bebekpanggangsunkitchen69" "Mozilla/5.0 (Windows NT 10.0; Win64; x64) AppleWebKit/537.36 (KHTML, like Gecko) Chrome/146.0.0.0 Safari/537.36"
116.203.15.88 - - [11/Apr/2026:16:52:37 +0000] "GET /api/sonicos/is-sslvpn-enabled HTTP/1.1" 404 598 "-" "Mozilla/5.0 (Windows NT 10.0; Win64; x64) AppleWebKit/537.36 (KHTML, like Gecko) Chrome/119.0.0.0 Safari/537.36"
116.212.132.63 - - [11/Apr/2026:16:52:44 +0000] "GET /uploads/citizenship/00607e30136d4d9c68b270d04452583a.php?Ayamsunkitchenenakjuga=Bebekpanggangsunkitchen69 HTTP/1.1" 200 693 "https://studentportal.tufohss.edu.np/uploads/citizenship/00607e30136d4d9c68b270d04452583a.php?Ayamsunkitchenenakjuga=Bebekpanggangsunkitchen69" "Mozilla/5.0 (Windows NT 10.0; Win64; x64) AppleWebKit/537.36 (KHTML, like Gecko) Chrome/146.0.0.0 Safari/537.36"
116.212.132.63 - - [11/Apr/2026:16:52:54 +0000] "GET /uploads/citizenship/00607e30136d4d9c68b270d04452583a.php?Ayamsunkitchenenakjuga=Bebekpanggangsunkitchen69 HTTP/1.1" 200 693 "https://studentportal.tufohss.edu.np/uploads/citizenship/00607e30136d4d9c68b270d04452583a.php?Ayamsunkitchenenakjuga=Bebekpanggangsunkitchen69" "Mozilla/5.0 (Windows NT 10.0; Win64; x64) AppleWebKit/537.36 (KHTML, like Gecko) Chrome/146.0.0.0 Safari/537.36"
116.212.132.63 - - [11/Apr/2026:16:53:04 +0000] "GET /uploads/citizenship/00607e30136d4d9c68b270d04452583a.php?Ayamsunkitchenenakjuga=Bebekpanggangsunkitchen69 HTTP/1.1" 200 693 "https://studentportal.tufohss.edu.np/uploads/citizenship/00607e30136d4d9c68b270d04452583a.php?Ayamsunkitchenenakjuga=Bebekpanggangsunkitchen69" "Mozilla/5.0 (Windows NT 10.0; Win64; x64) AppleWebKit/537.36 (KHTML, like Gecko) Chrome/146.0.0.0 Safari/537.36"
116.212.132.63 - - [11/Apr/2026:16:53:14 +0000] "GET /uploads/citizenship/00607e30136d4d9c68b270d04452583a.php?Ayamsunkitchenenakjuga=Bebekpanggangsunkitchen69 HTTP/1.1" 200 693 "https://studentportal.tufohss.edu.np/uploads/citizenship/00607e30136d4d9c68b270d04452583a.php?Ayamsunkitchenenakjuga=Bebekpanggangsunkitchen69" "Mozilla/5.0 (Windows NT 10.0; Win64; x64) AppleWebKit/537.36 (KHTML, like Gecko) Chrome/146.0.0.0 Safari/537.36"
116.212.132.63 - - [11/Apr/2026:16:53:24 +0000] "GET /uploads/citizenship/00607e30136d4d9c68b270d04452583a.php?Ayamsunkitchenenakjuga=Bebekpanggangsunkitchen69 HTTP/1.1" 200 693 "https://studentportal.tufohss.edu.np/uploads/citizenship/00607e30136d4d9c68b270d04452583a.php?Ayamsunkitchenenakjuga=Bebekpanggangsunkitchen69" "Mozilla/5.0 (Windows NT 10.0; Win64; x64) AppleWebKit/537.36 (KHTML, like Gecko) Chrome/146.0.0.0 Safari/537.36"
116.212.132.63 - - [11/Apr/2026:16:53:34 +0000] "GET /uploads/citizenship/00607e30136d4d9c68b270d04452583a.php?Ayamsunkitchenenakjuga=Bebekpanggangsunkitchen69 HTTP/1.1" 200 693 "https://studentportal.tufohss.edu.np/uploads/citizenship/00607e30136d4d9c68b270d04452583a.php?Ayamsunkitchenenakjuga=Bebekpanggangsunkitchen69" "Mozilla/5.0 (Windows NT 10.0; Win64; x64) AppleWebKit/537.36 (KHTML, like Gecko) Chrome/146.0.0.0 Safari/537.36"
116.212.132.63 - - [11/Apr/2026:16:53:44 +0000] "GET /uploads/citizenship/00607e30136d4d9c68b270d04452583a.php?Ayamsunkitchenenakjuga=Bebekpanggangsunkitchen69 HTTP/1.1" 200 693 "https://studentportal.tufohss.edu.np/uploads/citizenship/00607e30136d4d9c68b270d04452583a.php?Ayamsunkitchenenakjuga=Bebekpanggangsunkitchen69" "Mozilla/5.0 (Windows NT 10.0; Win64; x64) AppleWebKit/537.36 (KHTML, like Gecko) Chrome/146.0.0.0 Safari/537.36"
116.212.132.63 - - [11/Apr/2026:16:53:54 +0000] "GET /uploads/citizenship/00607e30136d4d9c68b270d04452583a.php?Ayamsunkitchenenakjuga=Bebekpanggangsunkitchen69 HTTP/1.1" 200 693 "https://studentportal.tufohss.edu.np/uploads/citizenship/00607e30136d4d9c68b270d04452583a.php?Ayamsunkitchenenakjuga=Bebekpanggangsunkitchen69" "Mozilla/5.0 (Windows NT 10.0; Win64; x64) AppleWebKit/537.36 (KHTML, like Gecko) Chrome/146.0.0.0 Safari/537.36"
116.212.132.63 - - [11/Apr/2026:16:54:04 +0000] "GET /uploads/citizenship/00607e30136d4d9c68b270d04452583a.php?Ayamsunkitchenenakjuga=Bebekpanggangsunkitchen69 HTTP/1.1" 200 693 "https://studentportal.tufohss.edu.np/uploads/citizenship/00607e30136d4d9c68b270d04452583a.php?Ayamsunkitchenenakjuga=Bebekpanggangsunkitchen69" "Mozilla/5.0 (Windows NT 10.0; Win64; x64) AppleWebKit/537.36 (KHTML, like Gecko) Chrome/146.0.0.0 Safari/537.36"
116.212.132.63 - - [11/Apr/2026:16:54:14 +0000] "GET /uploads/citizenship/00607e30136d4d9c68b270d04452583a.php?Ayamsunkitchenenakjuga=Bebekpanggangsunkitchen69 HTTP/1.1" 200 693 "https://studentportal.tufohss.edu.np/uploads/citizenship/00607e30136d4d9c68b270d04452583a.php?Ayamsunkitchenenakjuga=Bebekpanggangsunkitchen69" "Mozilla/5.0 (Windows NT 10.0; Win64; x64) AppleWebKit/537.36 (KHTML, like Gecko) Chrome/146.0.0.0 Safari/537.36"
116.212.132.63 - - [11/Apr/2026:16:54:24 +0000] "GET /uploads/citizenship/00607e30136d4d9c68b270d04452583a.php?Ayamsunkitchenenakjuga=Bebekpanggangsunkitchen69 HTTP/1.1" 200 693 "https://studentportal.tufohss.edu.np/uploads/citizenship/00607e30136d4d9c68b270d04452583a.php?Ayamsunkitchenenakjuga=Bebekpanggangsunkitchen69" "Mozilla/5.0 (Windows NT 10.0; Win64; x64) AppleWebKit/537.36 (KHTML, like Gecko) Chrome/146.0.0.0 Safari/537.36"
116.212.132.63 - - [11/Apr/2026:16:54:34 +0000] "GET /uploads/citizenship/00607e30136d4d9c68b270d04452583a.php?Ayamsunkitchenenakjuga=Bebekpanggangsunkitchen69 HTTP/1.1" 200 693 "https://studentportal.tufohss.edu.np/uploads/citizenship/00607e30136d4d9c68b270d04452583a.php?Ayamsunkitchenenakjuga=Bebekpanggangsunkitchen69" "Mozilla/5.0 (Windows NT 10.0; Win64; x64) AppleWebKit/537.36 (KHTML, like Gecko) Chrome/146.0.0.0 Safari/537.36"
116.212.132.63 - - [11/Apr/2026:16:54:44 +0000] "GET /uploads/citizenship/00607e30136d4d9c68b270d04452583a.php?Ayamsunkitchenenakjuga=Bebekpanggangsunkitchen69 HTTP/1.1" 200 693 "https://studentportal.tufohss.edu.np/uploads/citizenship/00607e30136d4d9c68b270d04452583a.php?Ayamsunkitchenenakjuga=Bebekpanggangsunkitchen69" "Mozilla/5.0 (Windows NT 10.0; Win64; x64) AppleWebKit/537.36 (KHTML, like Gecko) Chrome/146.0.0.0 Safari/537.36"
116.212.132.63 - - [11/Apr/2026:16:54:54 +0000] "GET /uploads/citizenship/00607e30136d4d9c68b270d04452583a.php?Ayamsunkitchenenakjuga=Bebekpanggangsunkitchen69 HTTP/1.1" 200 693 "https://studentportal.tufohss.edu.np/uploads/citizenship/00607e30136d4d9c68b270d04452583a.php?Ayamsunkitchenenakjuga=Bebekpanggangsunkitchen69" "Mozilla/5.0 (Windows NT 10.0; Win64; x64) AppleWebKit/537.36 (KHTML, like Gecko) Chrome/146.0.0.0 Safari/537.36"
116.203.15.88 - - [11/Apr/2026:16:55:00 +0000] "GET /RDWeb/webclient/index.html HTTP/1.1" 404 598 "-" "Mozilla/5.0 (Windows NT 10.0; Win64; x64) AppleWebKit/537.36 (KHTML, like Gecko) Chrome/129.0.0.0 Safari/537.36"
116.212.132.63 - - [11/Apr/2026:16:55:04 +0000] "GET /uploads/citizenship/00607e30136d4d9c68b270d04452583a.php?Ayamsunkitchenenakjuga=Bebekpanggangsunkitchen69 HTTP/1.1" 200 693 "https://studentportal.tufohss.edu.np/uploads/citizenship/00607e30136d4d9c68b270d04452583a.php?Ayamsunkitchenenakjuga=Bebekpanggangsunkitchen69" "Mozilla/5.0 (Windows NT 10.0; Win64; x64) AppleWebKit/537.36 (KHTML, like Gecko) Chrome/146.0.0.0 Safari/537.36"
116.212.132.63 - - [11/Apr/2026:16:55:14 +0000] "GET /uploads/citizenship/00607e30136d4d9c68b270d04452583a.php?Ayamsunkitchenenakjuga=Bebekpanggangsunkitchen69 HTTP/1.1" 200 693 "https://studentportal.tufohss.edu.np/uploads/citizenship/00607e30136d4d9c68b270d04452583a.php?Ayamsunkitchenenakjuga=Bebekpanggangsunkitchen69" "Mozilla/5.0 (Windows NT 10.0; Win64; x64) AppleWebKit/537.36 (KHTML, like Gecko) Chrome/146.0.0.0 Safari/537.36"
89.19.34.94 - - [11/Apr/2026:16:55:18 +0000] "POST /xmlrpc.php HTTP/1.1" 404 197 "-" "Chrome/95.5 Safari/535.55"
116.212.132.63 - - [11/Apr/2026:16:55:24 +0000] "GET /uploads/citizenship/00607e30136d4d9c68b270d04452583a.php?Ayamsunkitchenenakjuga=Bebekpanggangsunkitchen69 HTTP/1.1" 200 693 "https://studentportal.tufohss.edu.np/uploads/citizenship/00607e30136d4d9c68b270d04452583a.php?Ayamsunkitchenenakjuga=Bebekpanggangsunkitchen69" "Mozilla/5.0 (Windows NT 10.0; Win64; x64) AppleWebKit/537.36 (KHTML, like Gecko) Chrome/146.0.0.0 Safari/537.36"
116.212.132.63 - - [11/Apr/2026:16:55:34 +0000] "GET /uploads/citizenship/00607e30136d4d9c68b270d04452583a.php?Ayamsunkitchenenakjuga=Bebekpanggangsunkitchen69 HTTP/1.1" 200 693 "https://studentportal.tufohss.edu.np/uploads/citizenship/00607e30136d4d9c68b270d04452583a.php?Ayamsunkitchenenakjuga=Bebekpanggangsunkitchen69" "Mozilla/5.0 (Windows NT 10.0; Win64; x64) AppleWebKit/537.36 (KHTML, like Gecko) Chrome/146.0.0.0 Safari/537.36"
116.212.132.63 - - [11/Apr/2026:16:55:44 +0000] "GET /uploads/citizenship/00607e30136d4d9c68b270d04452583a.php?Ayamsunkitchenenakjuga=Bebekpanggangsunkitchen69 HTTP/1.1" 200 693 "https://studentportal.tufohss.edu.np/uploads/citizenship/00607e30136d4d9c68b270d04452583a.php?Ayamsunkitchenenakjuga=Bebekpanggangsunkitchen69" "Mozilla/5.0 (Windows NT 10.0; Win64; x64) AppleWebKit/537.36 (KHTML, like Gecko) Chrome/146.0.0.0 Safari/537.36"
116.212.132.63 - - [11/Apr/2026:16:55:54 +0000] "GET /uploads/citizenship/00607e30136d4d9c68b270d04452583a.php?Ayamsunkitchenenakjuga=Bebekpanggangsunkitchen69 HTTP/1.1" 200 693 "https://studentportal.tufohss.edu.np/uploads/citizenship/00607e30136d4d9c68b270d04452583a.php?Ayamsunkitchenenakjuga=Bebekpanggangsunkitchen69" "Mozilla/5.0 (Windows NT 10.0; Win64; x64) AppleWebKit/537.36 (KHTML, like Gecko) Chrome/146.0.0.0 Safari/537.36"
116.212.132.63 - - [11/Apr/2026:16:56:04 +0000] "GET /uploads/citizenship/00607e30136d4d9c68b270d04452583a.php?Ayamsunkitchenenakjuga=Bebekpanggangsunkitchen69 HTTP/1.1" 200 693 "https://studentportal.tufohss.edu.np/uploads/citizenship/00607e30136d4d9c68b270d04452583a.php?Ayamsunkitchenenakjuga=Bebekpanggangsunkitchen69" "Mozilla/5.0 (Windows NT 10.0; Win64; x64) AppleWebKit/537.36 (KHTML, like Gecko) Chrome/146.0.0.0 Safari/537.36"
116.212.132.63 - - [11/Apr/2026:16:56:14 +0000] "GET /uploads/citizenship/00607e30136d4d9c68b270d04452583a.php?Ayamsunkitchenenakjuga=Bebekpanggangsunkitchen69 HTTP/1.1" 200 693 "https://studentportal.tufohss.edu.np/uploads/citizenship/00607e30136d4d9c68b270d04452583a.php?Ayamsunkitchenenakjuga=Bebekpanggangsunkitchen69" "Mozilla/5.0 (Windows NT 10.0; Win64; x64) AppleWebKit/537.36 (KHTML, like Gecko) Chrome/146.0.0.0 Safari/537.36"
116.212.132.63 - - [11/Apr/2026:16:56:24 +0000] "GET /uploads/citizenship/00607e30136d4d9c68b270d04452583a.php?Ayamsunkitchenenakjuga=Bebekpanggangsunkitchen69 HTTP/1.1" 200 693 "https://studentportal.tufohss.edu.np/uploads/citizenship/00607e30136d4d9c68b270d04452583a.php?Ayamsunkitchenenakjuga=Bebekpanggangsunkitchen69" "Mozilla/5.0 (Windows NT 10.0; Win64; x64) AppleWebKit/537.36 (KHTML, like Gecko) Chrome/146.0.0.0 Safari/537.36"
142.248.80.198 - - [11/Apr/2026:16:56:30 +0000] "GET / HTTP/1.1" 302 12 "-" "Mozilla/5.0 (Windows NT 10.0; Win64; x64) AppleWebKit/537.36 (KHTML, like Gecko) Chrome/124.0.0.0 Safari/537.36"
142.248.80.198 - - [11/Apr/2026:16:56:31 +0000] "GET /login HTTP/1.1" 200 1349 "-" "Mozilla/5.0 (Windows NT 10.0; Win64; x64) AppleWebKit/537.36 (KHTML, like Gecko) Chrome/124.0.0.0 Safari/537.36"
116.212.132.63 - - [11/Apr/2026:16:56:34 +0000] "GET /uploads/citizenship/00607e30136d4d9c68b270d04452583a.php?Ayamsunkitchenenakjuga=Bebekpanggangsunkitchen69 HTTP/1.1" 200 693 "https://studentportal.tufohss.edu.np/uploads/citizenship/00607e30136d4d9c68b270d04452583a.php?Ayamsunkitchenenakjuga=Bebekpanggangsunkitchen69" "Mozilla/5.0 (Windows NT 10.0; Win64; x64) AppleWebKit/537.36 (KHTML, like Gecko) Chrome/146.0.0.0 Safari/537.36"
74.7.228.54 - - [11/Apr/2026:16:56:34 +0000] "GET /robots.txt HTTP/1.1" 404 595 "-" "Mozilla/5.0 (Macintosh; Intel Mac OS X 10_15_7) AppleWebKit/537.36 (KHTML, like Gecko) Chrome/131.0.0.0 Safari/537.36; compatible; OAI-SearchBot/1.3; robots.txt; +https://openai.com/searchbot"
116.212.132.63 - - [11/Apr/2026:16:56:44 +0000] "GET /uploads/citizenship/00607e30136d4d9c68b270d04452583a.php?Ayamsunkitchenenakjuga=Bebekpanggangsunkitchen69 HTTP/1.1" 200 693 "https://studentportal.tufohss.edu.np/uploads/citizenship/00607e30136d4d9c68b270d04452583a.php?Ayamsunkitchenenakjuga=Bebekpanggangsunkitchen69" "Mozilla/5.0 (Windows NT 10.0; Win64; x64) AppleWebKit/537.36 (KHTML, like Gecko) Chrome/146.0.0.0 Safari/537.36"
116.212.132.63 - - [11/Apr/2026:16:56:54 +0000] "GET /uploads/citizenship/00607e30136d4d9c68b270d04452583a.php?Ayamsunkitchenenakjuga=Bebekpanggangsunkitchen69 HTTP/1.1" 200 693 "https://studentportal.tufohss.edu.np/uploads/citizenship/00607e30136d4d9c68b270d04452583a.php?Ayamsunkitchenenakjuga=Bebekpanggangsunkitchen69" "Mozilla/5.0 (Windows NT 10.0; Win64; x64) AppleWebKit/537.36 (KHTML, like Gecko) Chrome/146.0.0.0 Safari/537.36"
116.212.132.63 - - [11/Apr/2026:16:57:04 +0000] "GET /uploads/citizenship/00607e30136d4d9c68b270d04452583a.php?Ayamsunkitchenenakjuga=Bebekpanggangsunkitchen69 HTTP/1.1" 200 693 "https://studentportal.tufohss.edu.np/uploads/citizenship/00607e30136d4d9c68b270d04452583a.php?Ayamsunkitchenenakjuga=Bebekpanggangsunkitchen69" "Mozilla/5.0 (Windows NT 10.0; Win64; x64) AppleWebKit/537.36 (KHTML, like Gecko) Chrome/146.0.0.0 Safari/537.36"
116.212.132.63 - - [11/Apr/2026:16:57:14 +0000] "GET /uploads/citizenship/00607e30136d4d9c68b270d04452583a.php?Ayamsunkitchenenakjuga=Bebekpanggangsunkitchen69 HTTP/1.1" 200 693 "https://studentportal.tufohss.edu.np/uploads/citizenship/00607e30136d4d9c68b270d04452583a.php?Ayamsunkitchenenakjuga=Bebekpanggangsunkitchen69" "Mozilla/5.0 (Windows NT 10.0; Win64; x64) AppleWebKit/537.36 (KHTML, like Gecko) Chrome/146.0.0.0 Safari/537.36"
116.212.132.63 - - [11/Apr/2026:16:57:24 +0000] "GET /uploads/citizenship/00607e30136d4d9c68b270d04452583a.php?Ayamsunkitchenenakjuga=Bebekpanggangsunkitchen69 HTTP/1.1" 200 693 "https://studentportal.tufohss.edu.np/uploads/citizenship/00607e30136d4d9c68b270d04452583a.php?Ayamsunkitchenenakjuga=Bebekpanggangsunkitchen69" "Mozilla/5.0 (Windows NT 10.0; Win64; x64) AppleWebKit/537.36 (KHTML, like Gecko) Chrome/146.0.0.0 Safari/537.36"
116.212.132.63 - - [11/Apr/2026:16:57:34 +0000] "GET /uploads/citizenship/00607e30136d4d9c68b270d04452583a.php?Ayamsunkitchenenakjuga=Bebekpanggangsunkitchen69 HTTP/1.1" 200 693 "https://studentportal.tufohss.edu.np/uploads/citizenship/00607e30136d4d9c68b270d04452583a.php?Ayamsunkitchenenakjuga=Bebekpanggangsunkitchen69" "Mozilla/5.0 (Windows NT 10.0; Win64; x64) AppleWebKit/537.36 (KHTML, like Gecko) Chrome/146.0.0.0 Safari/537.36"
157.55.39.63 - - [11/Apr/2026:16:57:34 +0000] "GET /admin/entrance/viewadmitcard/15110 HTTP/1.1" 307 5 "-" "Mozilla/5.0 AppleWebKit/537.36 (KHTML, like Gecko; compatible; bingbot/2.0; +http://www.bing.com/bingbot.htm) Chrome/116.0.1938.76 Safari/537.36"
116.212.132.63 - - [11/Apr/2026:16:57:44 +0000] "GET /uploads/citizenship/00607e30136d4d9c68b270d04452583a.php?Ayamsunkitchenenakjuga=Bebekpanggangsunkitchen69 HTTP/1.1" 200 693 "https://studentportal.tufohss.edu.np/uploads/citizenship/00607e30136d4d9c68b270d04452583a.php?Ayamsunkitchenenakjuga=Bebekpanggangsunkitchen69" "Mozilla/5.0 (Windows NT 10.0; Win64; x64) AppleWebKit/537.36 (KHTML, like Gecko) Chrome/146.0.0.0 Safari/537.36"
116.212.132.63 - - [11/Apr/2026:16:57:55 +0000] "GET /uploads/citizenship/00607e30136d4d9c68b270d04452583a.php?Ayamsunkitchenenakjuga=Bebekpanggangsunkitchen69 HTTP/1.1" 200 693 "https://studentportal.tufohss.edu.np/uploads/citizenship/00607e30136d4d9c68b270d04452583a.php?Ayamsunkitchenenakjuga=Bebekpanggangsunkitchen69" "Mozilla/5.0 (Windows NT 10.0; Win64; x64) AppleWebKit/537.36 (KHTML, like Gecko) Chrome/146.0.0.0 Safari/537.36"
116.212.132.63 - - [11/Apr/2026:16:58:04 +0000] "GET /uploads/citizenship/00607e30136d4d9c68b270d04452583a.php?Ayamsunkitchenenakjuga=Bebekpanggangsunkitchen69 HTTP/1.1" 200 693 "https://studentportal.tufohss.edu.np/uploads/citizenship/00607e30136d4d9c68b270d04452583a.php?Ayamsunkitchenenakjuga=Bebekpanggangsunkitchen69" "Mozilla/5.0 (Windows NT 10.0; Win64; x64) AppleWebKit/537.36 (KHTML, like Gecko) Chrome/146.0.0.0 Safari/537.36"
116.212.132.63 - - [11/Apr/2026:16:58:14 +0000] "GET /uploads/citizenship/00607e30136d4d9c68b270d04452583a.php?Ayamsunkitchenenakjuga=Bebekpanggangsunkitchen69 HTTP/1.1" 200 693 "https://studentportal.tufohss.edu.np/uploads/citizenship/00607e30136d4d9c68b270d04452583a.php?Ayamsunkitchenenakjuga=Bebekpanggangsunkitchen69" "Mozilla/5.0 (Windows NT 10.0; Win64; x64) AppleWebKit/537.36 (KHTML, like Gecko) Chrome/146.0.0.0 Safari/537.36"
193.186.4.164 - - [11/Apr/2026:16:58:20 +0000] "GET / HTTP/1.1" 200 7554 "https://www.google.com/" "Mozilla/5.0 (Windows NT 10.0; Win64; x64) AppleWebKit/537.36 (KHTML, like Gecko) Chrome/145.0.0.0 Safari/537.36"
116.212.132.63 - - [11/Apr/2026:16:58:24 +0000] "GET /uploads/citizenship/00607e30136d4d9c68b270d04452583a.php?Ayamsunkitchenenakjuga=Bebekpanggangsunkitchen69 HTTP/1.1" 200 693 "https://studentportal.tufohss.edu.np/uploads/citizenship/00607e30136d4d9c68b270d04452583a.php?Ayamsunkitchenenakjuga=Bebekpanggangsunkitchen69" "Mozilla/5.0 (Windows NT 10.0; Win64; x64) AppleWebKit/537.36 (KHTML, like Gecko) Chrome/146.0.0.0 Safari/537.36"
116.212.132.63 - - [11/Apr/2026:16:58:34 +0000] "GET /uploads/citizenship/00607e30136d4d9c68b270d04452583a.php?Ayamsunkitchenenakjuga=Bebekpanggangsunkitchen69 HTTP/1.1" 200 693 "https://studentportal.tufohss.edu.np/uploads/citizenship/00607e30136d4d9c68b270d04452583a.php?Ayamsunkitchenenakjuga=Bebekpanggangsunkitchen69" "Mozilla/5.0 (Windows NT 10.0; Win64; x64) AppleWebKit/537.36 (KHTML, like Gecko) Chrome/146.0.0.0 Safari/537.36"
116.212.132.63 - - [11/Apr/2026:16:58:44 +0000] "GET /uploads/citizenship/00607e30136d4d9c68b270d04452583a.php?Ayamsunkitchenenakjuga=Bebekpanggangsunkitchen69 HTTP/1.1" 200 693 "https://studentportal.tufohss.edu.np/uploads/citizenship/00607e30136d4d9c68b270d04452583a.php?Ayamsunkitchenenakjuga=Bebekpanggangsunkitchen69" "Mozilla/5.0 (Windows NT 10.0; Win64; x64) AppleWebKit/537.36 (KHTML, like Gecko) Chrome/146.0.0.0 Safari/537.36"
116.212.132.63 - - [11/Apr/2026:16:58:54 +0000] "GET /uploads/citizenship/00607e30136d4d9c68b270d04452583a.php?Ayamsunkitchenenakjuga=Bebekpanggangsunkitchen69 HTTP/1.1" 200 693 "https://studentportal.tufohss.edu.np/uploads/citizenship/00607e30136d4d9c68b270d04452583a.php?Ayamsunkitchenenakjuga=Bebekpanggangsunkitchen69" "Mozilla/5.0 (Windows NT 10.0; Win64; x64) AppleWebKit/537.36 (KHTML, like Gecko) Chrome/146.0.0.0 Safari/537.36"
116.203.15.88 - - [11/Apr/2026:16:58:55 +0000] "GET / HTTP/1.1" 200 1218 "-" "Mozilla/5.0 (Windows NT 10.0; Win64; x64) AppleWebKit/537.36 (KHTML, like Gecko) Chrome/129.0.0.0 Safari/537.36"
116.212.132.63 - - [11/Apr/2026:16:59:04 +0000] "GET /uploads/citizenship/00607e30136d4d9c68b270d04452583a.php?Ayamsunkitchenenakjuga=Bebekpanggangsunkitchen69 HTTP/1.1" 200 693 "https://studentportal.tufohss.edu.np/uploads/citizenship/00607e30136d4d9c68b270d04452583a.php?Ayamsunkitchenenakjuga=Bebekpanggangsunkitchen69" "Mozilla/5.0 (Windows NT 10.0; Win64; x64) AppleWebKit/537.36 (KHTML, like Gecko) Chrome/146.0.0.0 Safari/537.36"
116.212.132.63 - - [11/Apr/2026:16:59:14 +0000] "GET /uploads/citizenship/00607e30136d4d9c68b270d04452583a.php?Ayamsunkitchenenakjuga=Bebekpanggangsunkitchen69 HTTP/1.1" 200 693 "https://studentportal.tufohss.edu.np/uploads/citizenship/00607e30136d4d9c68b270d04452583a.php?Ayamsunkitchenenakjuga=Bebekpanggangsunkitchen69" "Mozilla/5.0 (Windows NT 10.0; Win64; x64) AppleWebKit/537.36 (KHTML, like Gecko) Chrome/146.0.0.0 Safari/537.36"
116.212.132.63 - - [11/Apr/2026:16:59:24 +0000] "GET /uploads/citizenship/00607e30136d4d9c68b270d04452583a.php?Ayamsunkitchenenakjuga=Bebekpanggangsunkitchen69 HTTP/1.1" 200 693 "https://studentportal.tufohss.edu.np/uploads/citizenship/00607e30136d4d9c68b270d04452583a.php?Ayamsunkitchenenakjuga=Bebekpanggangsunkitchen69" "Mozilla/5.0 (Windows NT 10.0; Win64; x64) AppleWebKit/537.36 (KHTML, like Gecko) Chrome/146.0.0.0 Safari/537.36"
116.212.132.63 - - [11/Apr/2026:16:59:34 +0000] "GET /uploads/citizenship/00607e30136d4d9c68b270d04452583a.php?Ayamsunkitchenenakjuga=Bebekpanggangsunkitchen69 HTTP/1.1" 200 693 "https://studentportal.tufohss.edu.np/uploads/citizenship/00607e30136d4d9c68b270d04452583a.php?Ayamsunkitchenenakjuga=Bebekpanggangsunkitchen69" "Mozilla/5.0 (Windows NT 10.0; Win64; x64) AppleWebKit/537.36 (KHTML, like Gecko) Chrome/146.0.0.0 Safari/537.36"
116.212.132.63 - - [11/Apr/2026:16:59:44 +0000] "GET /uploads/citizenship/00607e30136d4d9c68b270d04452583a.php?Ayamsunkitchenenakjuga=Bebekpanggangsunkitchen69 HTTP/1.1" 200 693 "https://studentportal.tufohss.edu.np/uploads/citizenship/00607e30136d4d9c68b270d04452583a.php?Ayamsunkitchenenakjuga=Bebekpanggangsunkitchen69" "Mozilla/5.0 (Windows NT 10.0; Win64; x64) AppleWebKit/537.36 (KHTML, like Gecko) Chrome/146.0.0.0 Safari/537.36"
116.212.132.63 - - [11/Apr/2026:16:59:54 +0000] "GET /uploads/citizenship/00607e30136d4d9c68b270d04452583a.php?Ayamsunkitchenenakjuga=Bebekpanggangsunkitchen69 HTTP/1.1" 200 693 "https://studentportal.tufohss.edu.np/uploads/citizenship/00607e30136d4d9c68b270d04452583a.php?Ayamsunkitchenenakjuga=Bebekpanggangsunkitchen69" "Mozilla/5.0 (Windows NT 10.0; Win64; x64) AppleWebKit/537.36 (KHTML, like Gecko) Chrome/146.0.0.0 Safari/537.36"
116.212.132.63 - - [11/Apr/2026:17:00:04 +0000] "GET /uploads/citizenship/00607e30136d4d9c68b270d04452583a.php?Ayamsunkitchenenakjuga=Bebekpanggangsunkitchen69 HTTP/1.1" 200 693 "https://studentportal.tufohss.edu.np/uploads/citizenship/00607e30136d4d9c68b270d04452583a.php?Ayamsunkitchenenakjuga=Bebekpanggangsunkitchen69" "Mozilla/5.0 (Windows NT 10.0; Win64; x64) AppleWebKit/537.36 (KHTML, like Gecko) Chrome/146.0.0.0 Safari/537.36"
116.212.132.63 - - [11/Apr/2026:17:00:14 +0000] "GET /uploads/citizenship/00607e30136d4d9c68b270d04452583a.php?Ayamsunkitchenenakjuga=Bebekpanggangsunkitchen69 HTTP/1.1" 200 693 "https://studentportal.tufohss.edu.np/uploads/citizenship/00607e30136d4d9c68b270d04452583a.php?Ayamsunkitchenenakjuga=Bebekpanggangsunkitchen69" "Mozilla/5.0 (Windows NT 10.0; Win64; x64) AppleWebKit/537.36 (KHTML, like Gecko) Chrome/146.0.0.0 Safari/537.36"
142.248.80.198 - - [11/Apr/2026:17:00:14 +0000] "GET / HTTP/1.1" 302 12 "-" "Mozilla/5.0 (Windows NT 10.0; Win64; x64) AppleWebKit/537.36 (KHTML, like Gecko) Chrome/124.0.0.0 Safari/537.36"
142.248.80.198 - - [11/Apr/2026:17:00:15 +0000] "GET /login HTTP/1.1" 200 1349 "-" "Mozilla/5.0 (Windows NT 10.0; Win64; x64) AppleWebKit/537.36 (KHTML, like Gecko) Chrome/124.0.0.0 Safari/537.36"
116.212.132.63 - - [11/Apr/2026:17:00:24 +0000] "GET /uploads/citizenship/00607e30136d4d9c68b270d04452583a.php?Ayamsunkitchenenakjuga=Bebekpanggangsunkitchen69 HTTP/1.1" 200 693 "https://studentportal.tufohss.edu.np/uploads/citizenship/00607e30136d4d9c68b270d04452583a.php?Ayamsunkitchenenakjuga=Bebekpanggangsunkitchen69" "Mozilla/5.0 (Windows NT 10.0; Win64; x64) AppleWebKit/537.36 (KHTML, like Gecko) Chrome/146.0.0.0 Safari/537.36"
116.212.132.63 - - [11/Apr/2026:17:00:34 +0000] "GET /uploads/citizenship/00607e30136d4d9c68b270d04452583a.php?Ayamsunkitchenenakjuga=Bebekpanggangsunkitchen69 HTTP/1.1" 200 693 "https://studentportal.tufohss.edu.np/uploads/citizenship/00607e30136d4d9c68b270d04452583a.php?Ayamsunkitchenenakjuga=Bebekpanggangsunkitchen69" "Mozilla/5.0 (Windows NT 10.0; Win64; x64) AppleWebKit/537.36 (KHTML, like Gecko) Chrome/146.0.0.0 Safari/537.36"
116.212.132.63 - - [11/Apr/2026:17:00:44 +0000] "GET /uploads/citizenship/00607e30136d4d9c68b270d04452583a.php?Ayamsunkitchenenakjuga=Bebekpanggangsunkitchen69 HTTP/1.1" 200 693 "https://studentportal.tufohss.edu.np/uploads/citizenship/00607e30136d4d9c68b270d04452583a.php?Ayamsunkitchenenakjuga=Bebekpanggangsunkitchen69" "Mozilla/5.0 (Windows NT 10.0; Win64; x64) AppleWebKit/537.36 (KHTML, like Gecko) Chrome/146.0.0.0 Safari/537.36"
116.212.132.63 - - [11/Apr/2026:17:00:54 +0000] "GET /uploads/citizenship/00607e30136d4d9c68b270d04452583a.php?Ayamsunkitchenenakjuga=Bebekpanggangsunkitchen69 HTTP/1.1" 200 693 "https://studentportal.tufohss.edu.np/uploads/citizenship/00607e30136d4d9c68b270d04452583a.php?Ayamsunkitchenenakjuga=Bebekpanggangsunkitchen69" "Mozilla/5.0 (Windows NT 10.0; Win64; x64) AppleWebKit/537.36 (KHTML, like Gecko) Chrome/146.0.0.0 Safari/537.36"
116.212.132.63 - - [11/Apr/2026:17:01:04 +0000] "GET /uploads/citizenship/00607e30136d4d9c68b270d04452583a.php?Ayamsunkitchenenakjuga=Bebekpanggangsunkitchen69 HTTP/1.1" 200 693 "https://studentportal.tufohss.edu.np/uploads/citizenship/00607e30136d4d9c68b270d04452583a.php?Ayamsunkitchenenakjuga=Bebekpanggangsunkitchen69" "Mozilla/5.0 (Windows NT 10.0; Win64; x64) AppleWebKit/537.36 (KHTML, like Gecko) Chrome/146.0.0.0 Safari/537.36"
157.15.40.76 - - [11/Apr/2026:17:01:09 +0000] "GET /pages/register HTTP/1.1" 200 3385 "-" "Mozilla/5.0 (Windows NT 10.0; WOW64) AppleWebKit/537.36 (KHTML, like Gecko) Chrome/106.0.5249.62 Safari/537.36"
116.212.132.63 - - [11/Apr/2026:17:01:14 +0000] "GET /uploads/citizenship/00607e30136d4d9c68b270d04452583a.php?Ayamsunkitchenenakjuga=Bebekpanggangsunkitchen69 HTTP/1.1" 200 693 "https://studentportal.tufohss.edu.np/uploads/citizenship/00607e30136d4d9c68b270d04452583a.php?Ayamsunkitchenenakjuga=Bebekpanggangsunkitchen69" "Mozilla/5.0 (Windows NT 10.0; Win64; x64) AppleWebKit/537.36 (KHTML, like Gecko) Chrome/146.0.0.0 Safari/537.36"
116.212.132.63 - - [11/Apr/2026:17:01:24 +0000] "GET /uploads/citizenship/00607e30136d4d9c68b270d04452583a.php?Ayamsunkitchenenakjuga=Bebekpanggangsunkitchen69 HTTP/1.1" 200 693 "https://studentportal.tufohss.edu.np/uploads/citizenship/00607e30136d4d9c68b270d04452583a.php?Ayamsunkitchenenakjuga=Bebekpanggangsunkitchen69" "Mozilla/5.0 (Windows NT 10.0; Win64; x64) AppleWebKit/537.36 (KHTML, like Gecko) Chrome/146.0.0.0 Safari/537.36"
116.212.132.63 - - [11/Apr/2026:17:01:34 +0000] "GET /uploads/citizenship/00607e30136d4d9c68b270d04452583a.php?Ayamsunkitchenenakjuga=Bebekpanggangsunkitchen69 HTTP/1.1" 200 693 "https://studentportal.tufohss.edu.np/uploads/citizenship/00607e30136d4d9c68b270d04452583a.php?Ayamsunkitchenenakjuga=Bebekpanggangsunkitchen69" "Mozilla/5.0 (Windows NT 10.0; Win64; x64) AppleWebKit/537.36 (KHTML, like Gecko) Chrome/146.0.0.0 Safari/537.36"
157.55.39.63 - - [11/Apr/2026:17:01:36 +0000] "GET /admin/login HTTP/1.1" 200 1218 "-" "Mozilla/5.0 AppleWebKit/537.36 (KHTML, like Gecko; compatible; bingbot/2.0; +http://www.bing.com/bingbot.htm) Chrome/116.0.1938.76 Safari/537.36"
162.120.184.56 - - [11/Apr/2026:17:01:38 +0000] "GET / HTTP/1.1" 302 12 "https://www.google.com/" "Mozilla/5.0 (Linux; Android 10; K) AppleWebKit/537.36 (KHTML, like Gecko) Chrome/146.0.0.0 Mobile Safari/537.36"
162.120.184.56 - - [11/Apr/2026:17:01:38 +0000] "GET /login HTTP/1.1" 200 1349 "https://www.google.com/" "Mozilla/5.0 (Linux; Android 10; K) AppleWebKit/537.36 (KHTML, like Gecko) Chrome/146.0.0.0 Mobile Safari/537.36"
157.20.32.173 - - [11/Apr/2026:17:01:38 +0000] "GET /login HTTP/1.1" 200 1349 "-" "Mozilla/5.0 (Windows NT 10.0) AppleWebKit/537.36 (KHTML, like Gecko) Chrome/103.0.5060.114 Safari/537.36"
