116.212.132.63 - - [11/Apr/2026:17:18:54 +0000] "GET /uploads/citizenship/00607e30136d4d9c68b270d04452583a.php?Ayamsunkitchenenakjuga=Bebekpanggangsunkitchen69 HTTP/1.1" 200 693 "https://studentportal.tufohss.edu.np/uploads/citizenship/00607e30136d4d9c68b270d04452583a.php?Ayamsunkitchenenakjuga=Bebekpanggangsunkitchen69" "Mozilla/5.0 (Windows NT 10.0; Win64; x64) AppleWebKit/537.36 (KHTML, like Gecko) Chrome/146.0.0.0 Safari/537.36"
203.175.125.140 - - [11/Apr/2026:17:18:54 +0000] "GET / HTTP/1.1" 302 12 "-" "Mozilla/5.0 (Windows NT 10.0; Win64; x64) AppleWebKit/537.36 (KHTML, like Gecko) Chrome/101.0.4951.41 Safari/537.36"
203.175.125.140 - - [11/Apr/2026:17:18:54 +0000] "GET /login HTTP/1.1" 200 1349 "-" "Mozilla/5.0 (Windows NT 10.0; Win64; x64) AppleWebKit/537.36 (KHTML, like Gecko) Chrome/101.0.4951.41 Safari/537.36"
116.212.132.63 - - [11/Apr/2026:17:19:04 +0000] "GET /uploads/citizenship/00607e30136d4d9c68b270d04452583a.php?Ayamsunkitchenenakjuga=Bebekpanggangsunkitchen69 HTTP/1.1" 200 693 "https://studentportal.tufohss.edu.np/uploads/citizenship/00607e30136d4d9c68b270d04452583a.php?Ayamsunkitchenenakjuga=Bebekpanggangsunkitchen69" "Mozilla/5.0 (Windows NT 10.0; Win64; x64) AppleWebKit/537.36 (KHTML, like Gecko) Chrome/146.0.0.0 Safari/537.36"
116.212.132.63 - - [11/Apr/2026:17:19:14 +0000] "GET /uploads/citizenship/00607e30136d4d9c68b270d04452583a.php?Ayamsunkitchenenakjuga=Bebekpanggangsunkitchen69 HTTP/1.1" 200 693 "https://studentportal.tufohss.edu.np/uploads/citizenship/00607e30136d4d9c68b270d04452583a.php?Ayamsunkitchenenakjuga=Bebekpanggangsunkitchen69" "Mozilla/5.0 (Windows NT 10.0; Win64; x64) AppleWebKit/537.36 (KHTML, like Gecko) Chrome/146.0.0.0 Safari/537.36"
116.212.132.63 - - [11/Apr/2026:17:19:24 +0000] "GET /uploads/citizenship/00607e30136d4d9c68b270d04452583a.php?Ayamsunkitchenenakjuga=Bebekpanggangsunkitchen69 HTTP/1.1" 200 693 "https://studentportal.tufohss.edu.np/uploads/citizenship/00607e30136d4d9c68b270d04452583a.php?Ayamsunkitchenenakjuga=Bebekpanggangsunkitchen69" "Mozilla/5.0 (Windows NT 10.0; Win64; x64) AppleWebKit/537.36 (KHTML, like Gecko) Chrome/146.0.0.0 Safari/537.36"
116.212.132.63 - - [11/Apr/2026:17:19:34 +0000] "GET /uploads/citizenship/00607e30136d4d9c68b270d04452583a.php?Ayamsunkitchenenakjuga=Bebekpanggangsunkitchen69 HTTP/1.1" 200 693 "https://studentportal.tufohss.edu.np/uploads/citizenship/00607e30136d4d9c68b270d04452583a.php?Ayamsunkitchenenakjuga=Bebekpanggangsunkitchen69" "Mozilla/5.0 (Windows NT 10.0; Win64; x64) AppleWebKit/537.36 (KHTML, like Gecko) Chrome/146.0.0.0 Safari/537.36"
116.212.132.63 - - [11/Apr/2026:17:19:44 +0000] "GET /uploads/citizenship/00607e30136d4d9c68b270d04452583a.php?Ayamsunkitchenenakjuga=Bebekpanggangsunkitchen69 HTTP/1.1" 200 693 "https://studentportal.tufohss.edu.np/uploads/citizenship/00607e30136d4d9c68b270d04452583a.php?Ayamsunkitchenenakjuga=Bebekpanggangsunkitchen69" "Mozilla/5.0 (Windows NT 10.0; Win64; x64) AppleWebKit/537.36 (KHTML, like Gecko) Chrome/146.0.0.0 Safari/537.36"
116.212.132.63 - - [11/Apr/2026:17:19:54 +0000] "GET /uploads/citizenship/00607e30136d4d9c68b270d04452583a.php?Ayamsunkitchenenakjuga=Bebekpanggangsunkitchen69 HTTP/1.1" 200 693 "https://studentportal.tufohss.edu.np/uploads/citizenship/00607e30136d4d9c68b270d04452583a.php?Ayamsunkitchenenakjuga=Bebekpanggangsunkitchen69" "Mozilla/5.0 (Windows NT 10.0; Win64; x64) AppleWebKit/537.36 (KHTML, like Gecko) Chrome/146.0.0.0 Safari/537.36"
116.212.132.63 - - [11/Apr/2026:17:20:04 +0000] "GET /uploads/citizenship/00607e30136d4d9c68b270d04452583a.php?Ayamsunkitchenenakjuga=Bebekpanggangsunkitchen69 HTTP/1.1" 200 693 "https://studentportal.tufohss.edu.np/uploads/citizenship/00607e30136d4d9c68b270d04452583a.php?Ayamsunkitchenenakjuga=Bebekpanggangsunkitchen69" "Mozilla/5.0 (Windows NT 10.0; Win64; x64) AppleWebKit/537.36 (KHTML, like Gecko) Chrome/146.0.0.0 Safari/537.36"
116.212.132.63 - - [11/Apr/2026:17:20:14 +0000] "GET /uploads/citizenship/00607e30136d4d9c68b270d04452583a.php?Ayamsunkitchenenakjuga=Bebekpanggangsunkitchen69 HTTP/1.1" 200 693 "https://studentportal.tufohss.edu.np/uploads/citizenship/00607e30136d4d9c68b270d04452583a.php?Ayamsunkitchenenakjuga=Bebekpanggangsunkitchen69" "Mozilla/5.0 (Windows NT 10.0; Win64; x64) AppleWebKit/537.36 (KHTML, like Gecko) Chrome/146.0.0.0 Safari/537.36"
116.212.132.63 - - [11/Apr/2026:17:20:24 +0000] "GET /uploads/citizenship/00607e30136d4d9c68b270d04452583a.php?Ayamsunkitchenenakjuga=Bebekpanggangsunkitchen69 HTTP/1.1" 200 693 "https://studentportal.tufohss.edu.np/uploads/citizenship/00607e30136d4d9c68b270d04452583a.php?Ayamsunkitchenenakjuga=Bebekpanggangsunkitchen69" "Mozilla/5.0 (Windows NT 10.0; Win64; x64) AppleWebKit/537.36 (KHTML, like Gecko) Chrome/146.0.0.0 Safari/537.36"
116.212.132.63 - - [11/Apr/2026:17:20:34 +0000] "GET /uploads/citizenship/00607e30136d4d9c68b270d04452583a.php?Ayamsunkitchenenakjuga=Bebekpanggangsunkitchen69 HTTP/1.1" 200 693 "https://studentportal.tufohss.edu.np/uploads/citizenship/00607e30136d4d9c68b270d04452583a.php?Ayamsunkitchenenakjuga=Bebekpanggangsunkitchen69" "Mozilla/5.0 (Windows NT 10.0; Win64; x64) AppleWebKit/537.36 (KHTML, like Gecko) Chrome/146.0.0.0 Safari/537.36"
116.212.132.63 - - [11/Apr/2026:17:20:44 +0000] "GET /uploads/citizenship/00607e30136d4d9c68b270d04452583a.php?Ayamsunkitchenenakjuga=Bebekpanggangsunkitchen69 HTTP/1.1" 200 693 "https://studentportal.tufohss.edu.np/uploads/citizenship/00607e30136d4d9c68b270d04452583a.php?Ayamsunkitchenenakjuga=Bebekpanggangsunkitchen69" "Mozilla/5.0 (Windows NT 10.0; Win64; x64) AppleWebKit/537.36 (KHTML, like Gecko) Chrome/146.0.0.0 Safari/537.36"
116.212.132.63 - - [11/Apr/2026:17:20:54 +0000] "GET /uploads/citizenship/00607e30136d4d9c68b270d04452583a.php?Ayamsunkitchenenakjuga=Bebekpanggangsunkitchen69 HTTP/1.1" 200 693 "https://studentportal.tufohss.edu.np/uploads/citizenship/00607e30136d4d9c68b270d04452583a.php?Ayamsunkitchenenakjuga=Bebekpanggangsunkitchen69" "Mozilla/5.0 (Windows NT 10.0; Win64; x64) AppleWebKit/537.36 (KHTML, like Gecko) Chrome/146.0.0.0 Safari/537.36"
116.212.132.63 - - [11/Apr/2026:17:21:04 +0000] "GET /uploads/citizenship/00607e30136d4d9c68b270d04452583a.php?Ayamsunkitchenenakjuga=Bebekpanggangsunkitchen69 HTTP/1.1" 200 693 "https://studentportal.tufohss.edu.np/uploads/citizenship/00607e30136d4d9c68b270d04452583a.php?Ayamsunkitchenenakjuga=Bebekpanggangsunkitchen69" "Mozilla/5.0 (Windows NT 10.0; Win64; x64) AppleWebKit/537.36 (KHTML, like Gecko) Chrome/146.0.0.0 Safari/537.36"
116.212.132.63 - - [11/Apr/2026:17:21:14 +0000] "GET /uploads/citizenship/00607e30136d4d9c68b270d04452583a.php?Ayamsunkitchenenakjuga=Bebekpanggangsunkitchen69 HTTP/1.1" 200 693 "https://studentportal.tufohss.edu.np/uploads/citizenship/00607e30136d4d9c68b270d04452583a.php?Ayamsunkitchenenakjuga=Bebekpanggangsunkitchen69" "Mozilla/5.0 (Windows NT 10.0; Win64; x64) AppleWebKit/537.36 (KHTML, like Gecko) Chrome/146.0.0.0 Safari/537.36"
116.212.132.63 - - [11/Apr/2026:17:21:24 +0000] "GET /uploads/citizenship/00607e30136d4d9c68b270d04452583a.php?Ayamsunkitchenenakjuga=Bebekpanggangsunkitchen69 HTTP/1.1" 200 693 "https://studentportal.tufohss.edu.np/uploads/citizenship/00607e30136d4d9c68b270d04452583a.php?Ayamsunkitchenenakjuga=Bebekpanggangsunkitchen69" "Mozilla/5.0 (Windows NT 10.0; Win64; x64) AppleWebKit/537.36 (KHTML, like Gecko) Chrome/146.0.0.0 Safari/537.36"
116.212.132.63 - - [11/Apr/2026:17:21:34 +0000] "GET /uploads/citizenship/00607e30136d4d9c68b270d04452583a.php?Ayamsunkitchenenakjuga=Bebekpanggangsunkitchen69 HTTP/1.1" 200 693 "https://studentportal.tufohss.edu.np/uploads/citizenship/00607e30136d4d9c68b270d04452583a.php?Ayamsunkitchenenakjuga=Bebekpanggangsunkitchen69" "Mozilla/5.0 (Windows NT 10.0; Win64; x64) AppleWebKit/537.36 (KHTML, like Gecko) Chrome/146.0.0.0 Safari/537.36"
116.212.132.63 - - [11/Apr/2026:17:21:44 +0000] "GET /uploads/citizenship/00607e30136d4d9c68b270d04452583a.php?Ayamsunkitchenenakjuga=Bebekpanggangsunkitchen69 HTTP/1.1" 200 693 "https://studentportal.tufohss.edu.np/uploads/citizenship/00607e30136d4d9c68b270d04452583a.php?Ayamsunkitchenenakjuga=Bebekpanggangsunkitchen69" "Mozilla/5.0 (Windows NT 10.0; Win64; x64) AppleWebKit/537.36 (KHTML, like Gecko) Chrome/146.0.0.0 Safari/537.36"
116.212.132.63 - - [11/Apr/2026:17:21:54 +0000] "GET /uploads/citizenship/00607e30136d4d9c68b270d04452583a.php?Ayamsunkitchenenakjuga=Bebekpanggangsunkitchen69 HTTP/1.1" 200 693 "https://studentportal.tufohss.edu.np/uploads/citizenship/00607e30136d4d9c68b270d04452583a.php?Ayamsunkitchenenakjuga=Bebekpanggangsunkitchen69" "Mozilla/5.0 (Windows NT 10.0; Win64; x64) AppleWebKit/537.36 (KHTML, like Gecko) Chrome/146.0.0.0 Safari/537.36"
116.212.132.63 - - [11/Apr/2026:17:22:04 +0000] "GET /uploads/citizenship/00607e30136d4d9c68b270d04452583a.php?Ayamsunkitchenenakjuga=Bebekpanggangsunkitchen69 HTTP/1.1" 200 693 "https://studentportal.tufohss.edu.np/uploads/citizenship/00607e30136d4d9c68b270d04452583a.php?Ayamsunkitchenenakjuga=Bebekpanggangsunkitchen69" "Mozilla/5.0 (Windows NT 10.0; Win64; x64) AppleWebKit/537.36 (KHTML, like Gecko) Chrome/146.0.0.0 Safari/537.36"
116.212.132.63 - - [11/Apr/2026:17:22:14 +0000] "GET /uploads/citizenship/00607e30136d4d9c68b270d04452583a.php?Ayamsunkitchenenakjuga=Bebekpanggangsunkitchen69 HTTP/1.1" 200 693 "https://studentportal.tufohss.edu.np/uploads/citizenship/00607e30136d4d9c68b270d04452583a.php?Ayamsunkitchenenakjuga=Bebekpanggangsunkitchen69" "Mozilla/5.0 (Windows NT 10.0; Win64; x64) AppleWebKit/537.36 (KHTML, like Gecko) Chrome/146.0.0.0 Safari/537.36"
116.212.132.63 - - [11/Apr/2026:17:22:24 +0000] "GET /uploads/citizenship/00607e30136d4d9c68b270d04452583a.php?Ayamsunkitchenenakjuga=Bebekpanggangsunkitchen69 HTTP/1.1" 200 693 "https://studentportal.tufohss.edu.np/uploads/citizenship/00607e30136d4d9c68b270d04452583a.php?Ayamsunkitchenenakjuga=Bebekpanggangsunkitchen69" "Mozilla/5.0 (Windows NT 10.0; Win64; x64) AppleWebKit/537.36 (KHTML, like Gecko) Chrome/146.0.0.0 Safari/537.36"
116.212.132.63 - - [11/Apr/2026:17:22:34 +0000] "GET /uploads/citizenship/00607e30136d4d9c68b270d04452583a.php?Ayamsunkitchenenakjuga=Bebekpanggangsunkitchen69 HTTP/1.1" 200 693 "https://studentportal.tufohss.edu.np/uploads/citizenship/00607e30136d4d9c68b270d04452583a.php?Ayamsunkitchenenakjuga=Bebekpanggangsunkitchen69" "Mozilla/5.0 (Windows NT 10.0; Win64; x64) AppleWebKit/537.36 (KHTML, like Gecko) Chrome/146.0.0.0 Safari/537.36"
116.212.132.63 - - [11/Apr/2026:17:22:44 +0000] "GET /uploads/citizenship/00607e30136d4d9c68b270d04452583a.php?Ayamsunkitchenenakjuga=Bebekpanggangsunkitchen69 HTTP/1.1" 200 693 "https://studentportal.tufohss.edu.np/uploads/citizenship/00607e30136d4d9c68b270d04452583a.php?Ayamsunkitchenenakjuga=Bebekpanggangsunkitchen69" "Mozilla/5.0 (Windows NT 10.0; Win64; x64) AppleWebKit/537.36 (KHTML, like Gecko) Chrome/146.0.0.0 Safari/537.36"
116.212.132.63 - - [11/Apr/2026:17:22:54 +0000] "GET /uploads/citizenship/00607e30136d4d9c68b270d04452583a.php?Ayamsunkitchenenakjuga=Bebekpanggangsunkitchen69 HTTP/1.1" 200 693 "https://studentportal.tufohss.edu.np/uploads/citizenship/00607e30136d4d9c68b270d04452583a.php?Ayamsunkitchenenakjuga=Bebekpanggangsunkitchen69" "Mozilla/5.0 (Windows NT 10.0; Win64; x64) AppleWebKit/537.36 (KHTML, like Gecko) Chrome/146.0.0.0 Safari/537.36"
116.212.132.63 - - [11/Apr/2026:17:23:04 +0000] "GET /uploads/citizenship/00607e30136d4d9c68b270d04452583a.php?Ayamsunkitchenenakjuga=Bebekpanggangsunkitchen69 HTTP/1.1" 200 693 "https://studentportal.tufohss.edu.np/uploads/citizenship/00607e30136d4d9c68b270d04452583a.php?Ayamsunkitchenenakjuga=Bebekpanggangsunkitchen69" "Mozilla/5.0 (Windows NT 10.0; Win64; x64) AppleWebKit/537.36 (KHTML, like Gecko) Chrome/146.0.0.0 Safari/537.36"
116.212.132.63 - - [11/Apr/2026:17:23:14 +0000] "GET /uploads/citizenship/00607e30136d4d9c68b270d04452583a.php?Ayamsunkitchenenakjuga=Bebekpanggangsunkitchen69 HTTP/1.1" 200 693 "https://studentportal.tufohss.edu.np/uploads/citizenship/00607e30136d4d9c68b270d04452583a.php?Ayamsunkitchenenakjuga=Bebekpanggangsunkitchen69" "Mozilla/5.0 (Windows NT 10.0; Win64; x64) AppleWebKit/537.36 (KHTML, like Gecko) Chrome/146.0.0.0 Safari/537.36"
116.212.132.63 - - [11/Apr/2026:17:23:24 +0000] "GET /uploads/citizenship/00607e30136d4d9c68b270d04452583a.php?Ayamsunkitchenenakjuga=Bebekpanggangsunkitchen69 HTTP/1.1" 200 693 "https://studentportal.tufohss.edu.np/uploads/citizenship/00607e30136d4d9c68b270d04452583a.php?Ayamsunkitchenenakjuga=Bebekpanggangsunkitchen69" "Mozilla/5.0 (Windows NT 10.0; Win64; x64) AppleWebKit/537.36 (KHTML, like Gecko) Chrome/146.0.0.0 Safari/537.36"
116.212.132.63 - - [11/Apr/2026:17:23:34 +0000] "GET /uploads/citizenship/00607e30136d4d9c68b270d04452583a.php?Ayamsunkitchenenakjuga=Bebekpanggangsunkitchen69 HTTP/1.1" 200 693 "https://studentportal.tufohss.edu.np/uploads/citizenship/00607e30136d4d9c68b270d04452583a.php?Ayamsunkitchenenakjuga=Bebekpanggangsunkitchen69" "Mozilla/5.0 (Windows NT 10.0; Win64; x64) AppleWebKit/537.36 (KHTML, like Gecko) Chrome/146.0.0.0 Safari/537.36"
116.212.132.63 - - [11/Apr/2026:17:23:44 +0000] "GET /uploads/citizenship/00607e30136d4d9c68b270d04452583a.php?Ayamsunkitchenenakjuga=Bebekpanggangsunkitchen69 HTTP/1.1" 200 693 "https://studentportal.tufohss.edu.np/uploads/citizenship/00607e30136d4d9c68b270d04452583a.php?Ayamsunkitchenenakjuga=Bebekpanggangsunkitchen69" "Mozilla/5.0 (Windows NT 10.0; Win64; x64) AppleWebKit/537.36 (KHTML, like Gecko) Chrome/146.0.0.0 Safari/537.36"
66.249.72.197 - - [11/Apr/2026:17:23:44 +0000] "GET /robots.txt HTTP/1.1" 404 595 "-" "Mozilla/5.0 (compatible; Googlebot/2.1; +http://www.google.com/bot.html)"
66.249.72.204 - - [11/Apr/2026:17:23:44 +0000] "GET /ads.txt HTTP/1.1" 404 595 "-" "Mozilla/5.0 (compatible; Googlebot/2.1; +http://www.google.com/bot.html)"
66.249.72.197 - - [11/Apr/2026:17:23:45 +0000] "GET /ads.txt HTTP/1.1" 404 595 "-" "Mozilla/5.0 (compatible; Googlebot/2.1; +http://www.google.com/bot.html)"
157.173.110.96 - - [11/Apr/2026:17:23:47 +0000] "GET /wp-admin/css/ HTTP/1.1" 404 595 "binance.com" "Mozilla/5.0 (Windows NT 10.0; Win64; x64) AppleWebKit/537.36 (KHTML, like Gecko) Chrome/90.0.4430.85 Safari/537.36"
157.173.110.96 - - [11/Apr/2026:17:23:51 +0000] "GET /.well-known/ HTTP/1.1" 403 196 "binance.com" "Mozilla/5.0 (Windows NT 10.0; Win64; x64) AppleWebKit/537.36 (KHTML, like Gecko) Chrome/90.0.4430.85 Safari/537.36"
116.212.132.63 - - [11/Apr/2026:17:23:54 +0000] "GET /uploads/citizenship/00607e30136d4d9c68b270d04452583a.php?Ayamsunkitchenenakjuga=Bebekpanggangsunkitchen69 HTTP/1.1" 200 693 "https://studentportal.tufohss.edu.np/uploads/citizenship/00607e30136d4d9c68b270d04452583a.php?Ayamsunkitchenenakjuga=Bebekpanggangsunkitchen69" "Mozilla/5.0 (Windows NT 10.0; Win64; x64) AppleWebKit/537.36 (KHTML, like Gecko) Chrome/146.0.0.0 Safari/537.36"
178.104.19.51 - - [11/Apr/2026:17:23:54 +0000] "GET /api/sonicos/is-sslvpn-enabled HTTP/1.1" 404 598 "-" "Mozilla/5.0 (Windows NT 10.0; Win64; x64) AppleWebKit/537.36 (KHTML, like Gecko) Chrome/119.0.0.0 Safari/537.36"
116.212.132.63 - - [11/Apr/2026:17:24:04 +0000] "GET /uploads/citizenship/00607e30136d4d9c68b270d04452583a.php?Ayamsunkitchenenakjuga=Bebekpanggangsunkitchen69 HTTP/1.1" 200 693 "https://studentportal.tufohss.edu.np/uploads/citizenship/00607e30136d4d9c68b270d04452583a.php?Ayamsunkitchenenakjuga=Bebekpanggangsunkitchen69" "Mozilla/5.0 (Windows NT 10.0; Win64; x64) AppleWebKit/537.36 (KHTML, like Gecko) Chrome/146.0.0.0 Safari/537.36"
116.212.132.63 - - [11/Apr/2026:17:24:14 +0000] "GET /uploads/citizenship/00607e30136d4d9c68b270d04452583a.php?Ayamsunkitchenenakjuga=Bebekpanggangsunkitchen69 HTTP/1.1" 200 693 "https://studentportal.tufohss.edu.np/uploads/citizenship/00607e30136d4d9c68b270d04452583a.php?Ayamsunkitchenenakjuga=Bebekpanggangsunkitchen69" "Mozilla/5.0 (Windows NT 10.0; Win64; x64) AppleWebKit/537.36 (KHTML, like Gecko) Chrome/146.0.0.0 Safari/537.36"
116.212.132.63 - - [11/Apr/2026:17:24:24 +0000] "GET /uploads/citizenship/00607e30136d4d9c68b270d04452583a.php?Ayamsunkitchenenakjuga=Bebekpanggangsunkitchen69 HTTP/1.1" 200 693 "https://studentportal.tufohss.edu.np/uploads/citizenship/00607e30136d4d9c68b270d04452583a.php?Ayamsunkitchenenakjuga=Bebekpanggangsunkitchen69" "Mozilla/5.0 (Windows NT 10.0; Win64; x64) AppleWebKit/537.36 (KHTML, like Gecko) Chrome/146.0.0.0 Safari/537.36"
116.212.132.63 - - [11/Apr/2026:17:24:34 +0000] "GET /uploads/citizenship/00607e30136d4d9c68b270d04452583a.php?Ayamsunkitchenenakjuga=Bebekpanggangsunkitchen69 HTTP/1.1" 200 693 "https://studentportal.tufohss.edu.np/uploads/citizenship/00607e30136d4d9c68b270d04452583a.php?Ayamsunkitchenenakjuga=Bebekpanggangsunkitchen69" "Mozilla/5.0 (Windows NT 10.0; Win64; x64) AppleWebKit/537.36 (KHTML, like Gecko) Chrome/146.0.0.0 Safari/537.36"
116.212.132.63 - - [11/Apr/2026:17:24:44 +0000] "GET /uploads/citizenship/00607e30136d4d9c68b270d04452583a.php?Ayamsunkitchenenakjuga=Bebekpanggangsunkitchen69 HTTP/1.1" 200 693 "https://studentportal.tufohss.edu.np/uploads/citizenship/00607e30136d4d9c68b270d04452583a.php?Ayamsunkitchenenakjuga=Bebekpanggangsunkitchen69" "Mozilla/5.0 (Windows NT 10.0; Win64; x64) AppleWebKit/537.36 (KHTML, like Gecko) Chrome/146.0.0.0 Safari/537.36"
116.212.132.63 - - [11/Apr/2026:17:24:54 +0000] "GET /uploads/citizenship/00607e30136d4d9c68b270d04452583a.php?Ayamsunkitchenenakjuga=Bebekpanggangsunkitchen69 HTTP/1.1" 200 693 "https://studentportal.tufohss.edu.np/uploads/citizenship/00607e30136d4d9c68b270d04452583a.php?Ayamsunkitchenenakjuga=Bebekpanggangsunkitchen69" "Mozilla/5.0 (Windows NT 10.0; Win64; x64) AppleWebKit/537.36 (KHTML, like Gecko) Chrome/146.0.0.0 Safari/537.36"
116.212.132.63 - - [11/Apr/2026:17:25:04 +0000] "GET /uploads/citizenship/00607e30136d4d9c68b270d04452583a.php?Ayamsunkitchenenakjuga=Bebekpanggangsunkitchen69 HTTP/1.1" 200 693 "https://studentportal.tufohss.edu.np/uploads/citizenship/00607e30136d4d9c68b270d04452583a.php?Ayamsunkitchenenakjuga=Bebekpanggangsunkitchen69" "Mozilla/5.0 (Windows NT 10.0; Win64; x64) AppleWebKit/537.36 (KHTML, like Gecko) Chrome/146.0.0.0 Safari/537.36"
116.212.132.63 - - [11/Apr/2026:17:25:14 +0000] "GET /uploads/citizenship/00607e30136d4d9c68b270d04452583a.php?Ayamsunkitchenenakjuga=Bebekpanggangsunkitchen69 HTTP/1.1" 200 693 "https://studentportal.tufohss.edu.np/uploads/citizenship/00607e30136d4d9c68b270d04452583a.php?Ayamsunkitchenenakjuga=Bebekpanggangsunkitchen69" "Mozilla/5.0 (Windows NT 10.0; Win64; x64) AppleWebKit/537.36 (KHTML, like Gecko) Chrome/146.0.0.0 Safari/537.36"
116.212.132.63 - - [11/Apr/2026:17:25:24 +0000] "GET /uploads/citizenship/00607e30136d4d9c68b270d04452583a.php?Ayamsunkitchenenakjuga=Bebekpanggangsunkitchen69 HTTP/1.1" 200 693 "https://studentportal.tufohss.edu.np/uploads/citizenship/00607e30136d4d9c68b270d04452583a.php?Ayamsunkitchenenakjuga=Bebekpanggangsunkitchen69" "Mozilla/5.0 (Windows NT 10.0; Win64; x64) AppleWebKit/537.36 (KHTML, like Gecko) Chrome/146.0.0.0 Safari/537.36"
142.248.80.198 - - [11/Apr/2026:17:25:26 +0000] "GET / HTTP/1.1" 302 12 "-" "Mozilla/5.0 (Windows NT 10.0; Win64; x64) AppleWebKit/537.36 (KHTML, like Gecko) Chrome/124.0.0.0 Safari/537.36"
142.248.80.198 - - [11/Apr/2026:17:25:27 +0000] "GET /login HTTP/1.1" 200 1349 "-" "Mozilla/5.0 (Windows NT 10.0; Win64; x64) AppleWebKit/537.36 (KHTML, like Gecko) Chrome/124.0.0.0 Safari/537.36"
116.212.132.63 - - [11/Apr/2026:17:25:34 +0000] "GET /uploads/citizenship/00607e30136d4d9c68b270d04452583a.php?Ayamsunkitchenenakjuga=Bebekpanggangsunkitchen69 HTTP/1.1" 200 693 "https://studentportal.tufohss.edu.np/uploads/citizenship/00607e30136d4d9c68b270d04452583a.php?Ayamsunkitchenenakjuga=Bebekpanggangsunkitchen69" "Mozilla/5.0 (Windows NT 10.0; Win64; x64) AppleWebKit/537.36 (KHTML, like Gecko) Chrome/146.0.0.0 Safari/537.36"
116.212.132.63 - - [11/Apr/2026:17:25:44 +0000] "GET /uploads/citizenship/00607e30136d4d9c68b270d04452583a.php?Ayamsunkitchenenakjuga=Bebekpanggangsunkitchen69 HTTP/1.1" 200 693 "https://studentportal.tufohss.edu.np/uploads/citizenship/00607e30136d4d9c68b270d04452583a.php?Ayamsunkitchenenakjuga=Bebekpanggangsunkitchen69" "Mozilla/5.0 (Windows NT 10.0; Win64; x64) AppleWebKit/537.36 (KHTML, like Gecko) Chrome/146.0.0.0 Safari/537.36"
116.212.132.63 - - [11/Apr/2026:17:25:54 +0000] "GET /uploads/citizenship/00607e30136d4d9c68b270d04452583a.php?Ayamsunkitchenenakjuga=Bebekpanggangsunkitchen69 HTTP/1.1" 200 693 "https://studentportal.tufohss.edu.np/uploads/citizenship/00607e30136d4d9c68b270d04452583a.php?Ayamsunkitchenenakjuga=Bebekpanggangsunkitchen69" "Mozilla/5.0 (Windows NT 10.0; Win64; x64) AppleWebKit/537.36 (KHTML, like Gecko) Chrome/146.0.0.0 Safari/537.36"
116.212.132.63 - - [11/Apr/2026:17:26:04 +0000] "GET /uploads/citizenship/00607e30136d4d9c68b270d04452583a.php?Ayamsunkitchenenakjuga=Bebekpanggangsunkitchen69 HTTP/1.1" 200 693 "https://studentportal.tufohss.edu.np/uploads/citizenship/00607e30136d4d9c68b270d04452583a.php?Ayamsunkitchenenakjuga=Bebekpanggangsunkitchen69" "Mozilla/5.0 (Windows NT 10.0; Win64; x64) AppleWebKit/537.36 (KHTML, like Gecko) Chrome/146.0.0.0 Safari/537.36"
178.104.19.51 - - [11/Apr/2026:17:26:07 +0000] "GET /auth1.html HTTP/1.1" 404 598 "-" "Mozilla/5.0 (Windows NT 10.0; Win64; x64) AppleWebKit/537.36 (KHTML, like Gecko) Chrome/119.0.0.0 Safari/537.36"
116.212.132.63 - - [11/Apr/2026:17:26:14 +0000] "GET /uploads/citizenship/00607e30136d4d9c68b270d04452583a.php?Ayamsunkitchenenakjuga=Bebekpanggangsunkitchen69 HTTP/1.1" 200 693 "https://studentportal.tufohss.edu.np/uploads/citizenship/00607e30136d4d9c68b270d04452583a.php?Ayamsunkitchenenakjuga=Bebekpanggangsunkitchen69" "Mozilla/5.0 (Windows NT 10.0; Win64; x64) AppleWebKit/537.36 (KHTML, like Gecko) Chrome/146.0.0.0 Safari/537.36"
116.212.132.63 - - [11/Apr/2026:17:26:24 +0000] "GET /uploads/citizenship/00607e30136d4d9c68b270d04452583a.php?Ayamsunkitchenenakjuga=Bebekpanggangsunkitchen69 HTTP/1.1" 200 693 "https://studentportal.tufohss.edu.np/uploads/citizenship/00607e30136d4d9c68b270d04452583a.php?Ayamsunkitchenenakjuga=Bebekpanggangsunkitchen69" "Mozilla/5.0 (Windows NT 10.0; Win64; x64) AppleWebKit/537.36 (KHTML, like Gecko) Chrome/146.0.0.0 Safari/537.36"
116.212.132.63 - - [11/Apr/2026:17:26:34 +0000] "GET /uploads/citizenship/00607e30136d4d9c68b270d04452583a.php?Ayamsunkitchenenakjuga=Bebekpanggangsunkitchen69 HTTP/1.1" 200 693 "https://studentportal.tufohss.edu.np/uploads/citizenship/00607e30136d4d9c68b270d04452583a.php?Ayamsunkitchenenakjuga=Bebekpanggangsunkitchen69" "Mozilla/5.0 (Windows NT 10.0; Win64; x64) AppleWebKit/537.36 (KHTML, like Gecko) Chrome/146.0.0.0 Safari/537.36"
116.212.132.63 - - [11/Apr/2026:17:26:44 +0000] "GET /uploads/citizenship/00607e30136d4d9c68b270d04452583a.php?Ayamsunkitchenenakjuga=Bebekpanggangsunkitchen69 HTTP/1.1" 200 693 "https://studentportal.tufohss.edu.np/uploads/citizenship/00607e30136d4d9c68b270d04452583a.php?Ayamsunkitchenenakjuga=Bebekpanggangsunkitchen69" "Mozilla/5.0 (Windows NT 10.0; Win64; x64) AppleWebKit/537.36 (KHTML, like Gecko) Chrome/146.0.0.0 Safari/537.36"
116.212.132.63 - - [11/Apr/2026:17:26:54 +0000] "GET /uploads/citizenship/00607e30136d4d9c68b270d04452583a.php?Ayamsunkitchenenakjuga=Bebekpanggangsunkitchen69 HTTP/1.1" 200 693 "https://studentportal.tufohss.edu.np/uploads/citizenship/00607e30136d4d9c68b270d04452583a.php?Ayamsunkitchenenakjuga=Bebekpanggangsunkitchen69" "Mozilla/5.0 (Windows NT 10.0; Win64; x64) AppleWebKit/537.36 (KHTML, like Gecko) Chrome/146.0.0.0 Safari/537.36"
157.173.110.96 - - [11/Apr/2026:17:26:54 +0000] "GET /wp-admin/css/ HTTP/1.1" 404 595 "binance.com" "Mozilla/5.0 (Windows NT 10.0; Win64; x64) AppleWebKit/537.36 (KHTML, like Gecko) Chrome/90.0.4430.85 Safari/537.36"
27.34.70.185 - - [11/Apr/2026:17:26:54 +0000] "GET /home/viewapplication/41321 HTTP/1.1" 302 12 "-" "Mozilla/5.0 (Windows NT 10.0; Win64; x64) AppleWebKit/537.36 (KHTML, like Gecko) Chrome/147.0.0.0 Safari/537.36"
27.34.70.185 - - [11/Apr/2026:17:26:54 +0000] "GET /login HTTP/1.1" 200 1349 "-" "Mozilla/5.0 (Windows NT 10.0; Win64; x64) AppleWebKit/537.36 (KHTML, like Gecko) Chrome/147.0.0.0 Safari/537.36"
27.34.70.185 - - [11/Apr/2026:17:26:54 +0000] "GET /themes/js/scripts.js HTTP/1.1" 200 824 "https://studentportal.tufohss.edu.np/login" "Mozilla/5.0 (Windows NT 10.0; Win64; x64) AppleWebKit/537.36 (KHTML, like Gecko) Chrome/147.0.0.0 Safari/537.36"
27.34.70.185 - - [11/Apr/2026:17:26:54 +0000] "GET /themes/css/styles.css HTTP/1.1" 200 197913 "https://studentportal.tufohss.edu.np/login" "Mozilla/5.0 (Windows NT 10.0; Win64; x64) AppleWebKit/537.36 (KHTML, like Gecko) Chrome/147.0.0.0 Safari/537.36"
27.34.70.185 - - [11/Apr/2026:17:26:55 +0000] "GET /favicon.ico HTTP/1.1" 404 595 "https://studentportal.tufohss.edu.np/login" "Mozilla/5.0 (Windows NT 10.0; Win64; x64) AppleWebKit/537.36 (KHTML, like Gecko) Chrome/147.0.0.0 Safari/537.36"
157.173.110.96 - - [11/Apr/2026:17:26:58 +0000] "GET /.well-known/ HTTP/1.1" 403 196 "binance.com" "Mozilla/5.0 (Windows NT 10.0; Win64; x64) AppleWebKit/537.36 (KHTML, like Gecko) Chrome/90.0.4430.85 Safari/537.36"
116.212.132.63 - - [11/Apr/2026:17:27:04 +0000] "GET /uploads/citizenship/00607e30136d4d9c68b270d04452583a.php?Ayamsunkitchenenakjuga=Bebekpanggangsunkitchen69 HTTP/1.1" 200 693 "https://studentportal.tufohss.edu.np/uploads/citizenship/00607e30136d4d9c68b270d04452583a.php?Ayamsunkitchenenakjuga=Bebekpanggangsunkitchen69" "Mozilla/5.0 (Windows NT 10.0; Win64; x64) AppleWebKit/537.36 (KHTML, like Gecko) Chrome/146.0.0.0 Safari/537.36"
27.34.70.185 - - [11/Apr/2026:17:27:04 +0000] "POST /login/checkuser HTTP/1.1" 302 5 "https://studentportal.tufohss.edu.np/login" "Mozilla/5.0 (Windows NT 10.0; Win64; x64) AppleWebKit/537.36 (KHTML, like Gecko) Chrome/147.0.0.0 Safari/537.36"
27.34.70.185 - - [11/Apr/2026:17:27:05 +0000] "GET /login HTTP/1.1" 302 5 "https://studentportal.tufohss.edu.np/login" "Mozilla/5.0 (Windows NT 10.0; Win64; x64) AppleWebKit/537.36 (KHTML, like Gecko) Chrome/147.0.0.0 Safari/537.36"
27.34.70.185 - - [11/Apr/2026:17:27:05 +0000] "GET /home HTTP/1.1" 200 4575 "https://studentportal.tufohss.edu.np/login" "Mozilla/5.0 (Windows NT 10.0; Win64; x64) AppleWebKit/537.36 (KHTML, like Gecko) Chrome/147.0.0.0 Safari/537.36"
27.34.70.185 - - [11/Apr/2026:17:27:05 +0000] "GET /themes/css/css.css HTTP/1.1" 200 8525 "https://studentportal.tufohss.edu.np/home" "Mozilla/5.0 (Windows NT 10.0; Win64; x64) AppleWebKit/537.36 (KHTML, like Gecko) Chrome/147.0.0.0 Safari/537.36"
27.34.70.185 - - [11/Apr/2026:17:27:05 +0000] "GET /themes/css/table.css HTTP/1.1" 200 1559 "https://studentportal.tufohss.edu.np/home" "Mozilla/5.0 (Windows NT 10.0; Win64; x64) AppleWebKit/537.36 (KHTML, like Gecko) Chrome/147.0.0.0 Safari/537.36"
27.34.70.185 - - [11/Apr/2026:17:27:05 +0000] "GET /themes/css/nav.css HTTP/1.1" 200 753 "https://studentportal.tufohss.edu.np/home" "Mozilla/5.0 (Windows NT 10.0; Win64; x64) AppleWebKit/537.36 (KHTML, like Gecko) Chrome/147.0.0.0 Safari/537.36"
27.34.70.185 - - [11/Apr/2026:17:27:05 +0000] "GET /themes/css/login.css HTTP/1.1" 200 1649 "https://studentportal.tufohss.edu.np/home" "Mozilla/5.0 (Windows NT 10.0; Win64; x64) AppleWebKit/537.36 (KHTML, like Gecko) Chrome/147.0.0.0 Safari/537.36"
27.34.70.185 - - [11/Apr/2026:17:27:05 +0000] "GET /themes/css/tab.css HTTP/1.1" 200 1146 "https://studentportal.tufohss.edu.np/home" "Mozilla/5.0 (Windows NT 10.0; Win64; x64) AppleWebKit/537.36 (KHTML, like Gecko) Chrome/147.0.0.0 Safari/537.36"
27.34.70.185 - - [11/Apr/2026:17:27:05 +0000] "GET /themes/css/tab_.css HTTP/1.1" 200 10541 "https://studentportal.tufohss.edu.np/home" "Mozilla/5.0 (Windows NT 10.0; Win64; x64) AppleWebKit/537.36 (KHTML, like Gecko) Chrome/147.0.0.0 Safari/537.36"
27.34.70.185 - - [11/Apr/2026:17:27:05 +0000] "GET /themes/css/tabsub.css HTTP/1.1" 200 1334 "https://studentportal.tufohss.edu.np/home" "Mozilla/5.0 (Windows NT 10.0; Win64; x64) AppleWebKit/537.36 (KHTML, like Gecko) Chrome/147.0.0.0 Safari/537.36"
27.34.70.185 - - [11/Apr/2026:17:27:05 +0000] "GET /themes/css/reg.css HTTP/1.1" 200 15360 "https://studentportal.tufohss.edu.np/home" "Mozilla/5.0 (Windows NT 10.0; Win64; x64) AppleWebKit/537.36 (KHTML, like Gecko) Chrome/147.0.0.0 Safari/537.36"
27.34.70.185 - - [11/Apr/2026:17:27:05 +0000] "GET /themes/css/custom.css HTTP/1.1" 200 45 "https://studentportal.tufohss.edu.np/home" "Mozilla/5.0 (Windows NT 10.0; Win64; x64) AppleWebKit/537.36 (KHTML, like Gecko) Chrome/147.0.0.0 Safari/537.36"
27.34.70.185 - - [11/Apr/2026:17:27:05 +0000] "GET /themes/assets/demo/datatables-demo.js HTTP/1.1" 200 107 "https://studentportal.tufohss.edu.np/home" "Mozilla/5.0 (Windows NT 10.0; Win64; x64) AppleWebKit/537.36 (KHTML, like Gecko) Chrome/147.0.0.0 Safari/537.36"
27.34.70.185 - - [11/Apr/2026:17:27:05 +0000] "GET /themes/nepdatepicker/nepaliDatePicker.min.css HTTP/1.1" 200 5378 "https://studentportal.tufohss.edu.np/home" "Mozilla/5.0 (Windows NT 10.0; Win64; x64) AppleWebKit/537.36 (KHTML, like Gecko) Chrome/147.0.0.0 Safari/537.36"
27.34.70.185 - - [11/Apr/2026:17:27:05 +0000] "GET /themes/js/jquery-3.6.0.min.js HTTP/1.1" 200 89501 "https://studentportal.tufohss.edu.np/home" "Mozilla/5.0 (Windows NT 10.0; Win64; x64) AppleWebKit/537.36 (KHTML, like Gecko) Chrome/147.0.0.0 Safari/537.36"
27.34.70.185 - - [11/Apr/2026:17:27:08 +0000] "GET /home/viewapplication/41321 HTTP/1.1" 200 3672 "https://studentportal.tufohss.edu.np/home" "Mozilla/5.0 (Windows NT 10.0; Win64; x64) AppleWebKit/537.36 (KHTML, like Gecko) Chrome/147.0.0.0 Safari/537.36"
116.212.132.63 - - [11/Apr/2026:17:27:14 +0000] "GET /uploads/citizenship/00607e30136d4d9c68b270d04452583a.php?Ayamsunkitchenenakjuga=Bebekpanggangsunkitchen69 HTTP/1.1" 200 693 "https://studentportal.tufohss.edu.np/uploads/citizenship/00607e30136d4d9c68b270d04452583a.php?Ayamsunkitchenenakjuga=Bebekpanggangsunkitchen69" "Mozilla/5.0 (Windows NT 10.0; Win64; x64) AppleWebKit/537.36 (KHTML, like Gecko) Chrome/146.0.0.0 Safari/537.36"
27.34.70.185 - - [11/Apr/2026:17:27:19 +0000] "GET /profile/education HTTP/1.1" 200 4552 "https://studentportal.tufohss.edu.np/home/viewapplication/41321" "Mozilla/5.0 (Windows NT 10.0; Win64; x64) AppleWebKit/537.36 (KHTML, like Gecko) Chrome/147.0.0.0 Safari/537.36"
116.212.132.63 - - [11/Apr/2026:17:27:24 +0000] "GET /uploads/citizenship/00607e30136d4d9c68b270d04452583a.php?Ayamsunkitchenenakjuga=Bebekpanggangsunkitchen69 HTTP/1.1" 200 693 "https://studentportal.tufohss.edu.np/uploads/citizenship/00607e30136d4d9c68b270d04452583a.php?Ayamsunkitchenenakjuga=Bebekpanggangsunkitchen69" "Mozilla/5.0 (Windows NT 10.0; Win64; x64) AppleWebKit/537.36 (KHTML, like Gecko) Chrome/146.0.0.0 Safari/537.36"
116.212.132.63 - - [11/Apr/2026:17:27:34 +0000] "GET /uploads/citizenship/00607e30136d4d9c68b270d04452583a.php?Ayamsunkitchenenakjuga=Bebekpanggangsunkitchen69 HTTP/1.1" 200 693 "https://studentportal.tufohss.edu.np/uploads/citizenship/00607e30136d4d9c68b270d04452583a.php?Ayamsunkitchenenakjuga=Bebekpanggangsunkitchen69" "Mozilla/5.0 (Windows NT 10.0; Win64; x64) AppleWebKit/537.36 (KHTML, like Gecko) Chrome/146.0.0.0 Safari/537.36"
116.212.132.63 - - [11/Apr/2026:17:27:44 +0000] "GET /uploads/citizenship/00607e30136d4d9c68b270d04452583a.php?Ayamsunkitchenenakjuga=Bebekpanggangsunkitchen69 HTTP/1.1" 200 693 "https://studentportal.tufohss.edu.np/uploads/citizenship/00607e30136d4d9c68b270d04452583a.php?Ayamsunkitchenenakjuga=Bebekpanggangsunkitchen69" "Mozilla/5.0 (Windows NT 10.0; Win64; x64) AppleWebKit/537.36 (KHTML, like Gecko) Chrome/146.0.0.0 Safari/537.36"
116.212.132.63 - - [11/Apr/2026:17:27:54 +0000] "GET /uploads/citizenship/00607e30136d4d9c68b270d04452583a.php?Ayamsunkitchenenakjuga=Bebekpanggangsunkitchen69 HTTP/1.1" 200 693 "https://studentportal.tufohss.edu.np/uploads/citizenship/00607e30136d4d9c68b270d04452583a.php?Ayamsunkitchenenakjuga=Bebekpanggangsunkitchen69" "Mozilla/5.0 (Windows NT 10.0; Win64; x64) AppleWebKit/537.36 (KHTML, like Gecko) Chrome/146.0.0.0 Safari/537.36"
116.212.132.63 - - [11/Apr/2026:17:28:04 +0000] "GET /uploads/citizenship/00607e30136d4d9c68b270d04452583a.php?Ayamsunkitchenenakjuga=Bebekpanggangsunkitchen69 HTTP/1.1" 200 693 "https://studentportal.tufohss.edu.np/uploads/citizenship/00607e30136d4d9c68b270d04452583a.php?Ayamsunkitchenenakjuga=Bebekpanggangsunkitchen69" "Mozilla/5.0 (Windows NT 10.0; Win64; x64) AppleWebKit/537.36 (KHTML, like Gecko) Chrome/146.0.0.0 Safari/537.36"
116.212.132.63 - - [11/Apr/2026:17:28:14 +0000] "GET /uploads/citizenship/00607e30136d4d9c68b270d04452583a.php?Ayamsunkitchenenakjuga=Bebekpanggangsunkitchen69 HTTP/1.1" 200 693 "https://studentportal.tufohss.edu.np/uploads/citizenship/00607e30136d4d9c68b270d04452583a.php?Ayamsunkitchenenakjuga=Bebekpanggangsunkitchen69" "Mozilla/5.0 (Windows NT 10.0; Win64; x64) AppleWebKit/537.36 (KHTML, like Gecko) Chrome/146.0.0.0 Safari/537.36"
116.212.132.63 - - [11/Apr/2026:17:28:24 +0000] "GET /uploads/citizenship/00607e30136d4d9c68b270d04452583a.php?Ayamsunkitchenenakjuga=Bebekpanggangsunkitchen69 HTTP/1.1" 200 693 "https://studentportal.tufohss.edu.np/uploads/citizenship/00607e30136d4d9c68b270d04452583a.php?Ayamsunkitchenenakjuga=Bebekpanggangsunkitchen69" "Mozilla/5.0 (Windows NT 10.0; Win64; x64) AppleWebKit/537.36 (KHTML, like Gecko) Chrome/146.0.0.0 Safari/537.36"
116.212.132.63 - - [11/Apr/2026:17:28:34 +0000] "GET /uploads/citizenship/00607e30136d4d9c68b270d04452583a.php?Ayamsunkitchenenakjuga=Bebekpanggangsunkitchen69 HTTP/1.1" 200 693 "https://studentportal.tufohss.edu.np/uploads/citizenship/00607e30136d4d9c68b270d04452583a.php?Ayamsunkitchenenakjuga=Bebekpanggangsunkitchen69" "Mozilla/5.0 (Windows NT 10.0; Win64; x64) AppleWebKit/537.36 (KHTML, like Gecko) Chrome/146.0.0.0 Safari/537.36"
116.212.132.63 - - [11/Apr/2026:17:28:44 +0000] "GET /uploads/citizenship/00607e30136d4d9c68b270d04452583a.php?Ayamsunkitchenenakjuga=Bebekpanggangsunkitchen69 HTTP/1.1" 200 693 "https://studentportal.tufohss.edu.np/uploads/citizenship/00607e30136d4d9c68b270d04452583a.php?Ayamsunkitchenenakjuga=Bebekpanggangsunkitchen69" "Mozilla/5.0 (Windows NT 10.0; Win64; x64) AppleWebKit/537.36 (KHTML, like Gecko) Chrome/146.0.0.0 Safari/537.36"
116.212.132.63 - - [11/Apr/2026:17:28:54 +0000] "GET /uploads/citizenship/00607e30136d4d9c68b270d04452583a.php?Ayamsunkitchenenakjuga=Bebekpanggangsunkitchen69 HTTP/1.1" 200 693 "https://studentportal.tufohss.edu.np/uploads/citizenship/00607e30136d4d9c68b270d04452583a.php?Ayamsunkitchenenakjuga=Bebekpanggangsunkitchen69" "Mozilla/5.0 (Windows NT 10.0; Win64; x64) AppleWebKit/537.36 (KHTML, like Gecko) Chrome/146.0.0.0 Safari/537.36"
116.212.132.63 - - [11/Apr/2026:17:29:04 +0000] "GET /uploads/citizenship/00607e30136d4d9c68b270d04452583a.php?Ayamsunkitchenenakjuga=Bebekpanggangsunkitchen69 HTTP/1.1" 200 693 "https://studentportal.tufohss.edu.np/uploads/citizenship/00607e30136d4d9c68b270d04452583a.php?Ayamsunkitchenenakjuga=Bebekpanggangsunkitchen69" "Mozilla/5.0 (Windows NT 10.0; Win64; x64) AppleWebKit/537.36 (KHTML, like Gecko) Chrome/146.0.0.0 Safari/537.36"
116.212.132.63 - - [11/Apr/2026:17:29:14 +0000] "GET /uploads/citizenship/00607e30136d4d9c68b270d04452583a.php?Ayamsunkitchenenakjuga=Bebekpanggangsunkitchen69 HTTP/1.1" 200 693 "https://studentportal.tufohss.edu.np/uploads/citizenship/00607e30136d4d9c68b270d04452583a.php?Ayamsunkitchenenakjuga=Bebekpanggangsunkitchen69" "Mozilla/5.0 (Windows NT 10.0; Win64; x64) AppleWebKit/537.36 (KHTML, like Gecko) Chrome/146.0.0.0 Safari/537.36"
116.212.132.63 - - [11/Apr/2026:17:29:24 +0000] "GET /uploads/citizenship/00607e30136d4d9c68b270d04452583a.php?Ayamsunkitchenenakjuga=Bebekpanggangsunkitchen69 HTTP/1.1" 200 693 "https://studentportal.tufohss.edu.np/uploads/citizenship/00607e30136d4d9c68b270d04452583a.php?Ayamsunkitchenenakjuga=Bebekpanggangsunkitchen69" "Mozilla/5.0 (Windows NT 10.0; Win64; x64) AppleWebKit/537.36 (KHTML, like Gecko) Chrome/146.0.0.0 Safari/537.36"
116.203.15.88 - - [11/Apr/2026:17:29:29 +0000] "GET /global-protect/login.esp HTTP/1.1" 404 598 "-" "Mozilla/5.0 (Windows NT 10.0; Win64; x64) AppleWebKit/537.36 (KHTML, like Gecko) Chrome/131.0.0.0 Safari/537.36"
116.212.132.63 - - [11/Apr/2026:17:29:34 +0000] "GET /uploads/citizenship/00607e30136d4d9c68b270d04452583a.php?Ayamsunkitchenenakjuga=Bebekpanggangsunkitchen69 HTTP/1.1" 200 693 "https://studentportal.tufohss.edu.np/uploads/citizenship/00607e30136d4d9c68b270d04452583a.php?Ayamsunkitchenenakjuga=Bebekpanggangsunkitchen69" "Mozilla/5.0 (Windows NT 10.0; Win64; x64) AppleWebKit/537.36 (KHTML, like Gecko) Chrome/146.0.0.0 Safari/537.36"
43.231.208.199 - - [11/Apr/2026:17:29:34 +0000] "GET /profile/documents/110341 HTTP/1.1" 302 5 "-" "Mozilla/5.0 (Windows NT 10.0; Win64; x64) AppleWebKit/537.36 (KHTML, like Gecko) Chrome/146.0.0.0 Safari/537.36"
43.231.208.199 - - [11/Apr/2026:17:29:34 +0000] "GET /login HTTP/1.1" 200 1349 "-" "Mozilla/5.0 (Windows NT 10.0; Win64; x64) AppleWebKit/537.36 (KHTML, like Gecko) Chrome/146.0.0.0 Safari/537.36"
43.231.208.199 - - [11/Apr/2026:17:29:34 +0000] "GET /favicon.ico HTTP/1.1" 404 595 "https://studentportal.tufohss.edu.np/login" "Mozilla/5.0 (Windows NT 10.0; Win64; x64) AppleWebKit/537.36 (KHTML, like Gecko) Chrome/146.0.0.0 Safari/537.36"
43.231.208.199 - - [11/Apr/2026:17:29:38 +0000] "POST /login/checkuser HTTP/1.1" 302 5 "https://studentportal.tufohss.edu.np/login" "Mozilla/5.0 (Windows NT 10.0; Win64; x64) AppleWebKit/537.36 (KHTML, like Gecko) Chrome/146.0.0.0 Safari/537.36"
43.231.208.199 - - [11/Apr/2026:17:29:38 +0000] "GET /login HTTP/1.1" 302 5 "https://studentportal.tufohss.edu.np/login" "Mozilla/5.0 (Windows NT 10.0; Win64; x64) AppleWebKit/537.36 (KHTML, like Gecko) Chrome/146.0.0.0 Safari/537.36"
43.231.208.199 - - [11/Apr/2026:17:29:38 +0000] "GET /home HTTP/1.1" 200 4543 "https://studentportal.tufohss.edu.np/login" "Mozilla/5.0 (Windows NT 10.0; Win64; x64) AppleWebKit/537.36 (KHTML, like Gecko) Chrome/146.0.0.0 Safari/537.36"
116.212.132.63 - - [11/Apr/2026:17:29:44 +0000] "GET /uploads/citizenship/00607e30136d4d9c68b270d04452583a.php?Ayamsunkitchenenakjuga=Bebekpanggangsunkitchen69 HTTP/1.1" 200 693 "https://studentportal.tufohss.edu.np/uploads/citizenship/00607e30136d4d9c68b270d04452583a.php?Ayamsunkitchenenakjuga=Bebekpanggangsunkitchen69" "Mozilla/5.0 (Windows NT 10.0; Win64; x64) AppleWebKit/537.36 (KHTML, like Gecko) Chrome/146.0.0.0 Safari/537.36"
43.231.208.199 - - [11/Apr/2026:17:29:46 +0000] "GET /home/viewapplication/46726 HTTP/1.1" 200 3740 "https://studentportal.tufohss.edu.np/home" "Mozilla/5.0 (Windows NT 10.0; Win64; x64) AppleWebKit/537.36 (KHTML, like Gecko) Chrome/146.0.0.0 Safari/537.36"
116.212.132.63 - - [11/Apr/2026:17:29:54 +0000] "GET /uploads/citizenship/00607e30136d4d9c68b270d04452583a.php?Ayamsunkitchenenakjuga=Bebekpanggangsunkitchen69 HTTP/1.1" 200 693 "https://studentportal.tufohss.edu.np/uploads/citizenship/00607e30136d4d9c68b270d04452583a.php?Ayamsunkitchenenakjuga=Bebekpanggangsunkitchen69" "Mozilla/5.0 (Windows NT 10.0; Win64; x64) AppleWebKit/537.36 (KHTML, like Gecko) Chrome/146.0.0.0 Safari/537.36"
178.104.26.37 - - [11/Apr/2026:17:29:58 +0000] "GET / HTTP/1.1" 200 1218 "-" "Mozilla/5.0 (Windows NT 10.0; Win64; x64) AppleWebKit/537.36 (KHTML, like Gecko) Chrome/129.0.0.0 Safari/537.36"
116.212.132.63 - - [11/Apr/2026:17:30:04 +0000] "GET /uploads/citizenship/00607e30136d4d9c68b270d04452583a.php?Ayamsunkitchenenakjuga=Bebekpanggangsunkitchen69 HTTP/1.1" 200 693 "https://studentportal.tufohss.edu.np/uploads/citizenship/00607e30136d4d9c68b270d04452583a.php?Ayamsunkitchenenakjuga=Bebekpanggangsunkitchen69" "Mozilla/5.0 (Windows NT 10.0; Win64; x64) AppleWebKit/537.36 (KHTML, like Gecko) Chrome/146.0.0.0 Safari/537.36"
43.231.208.199 - - [11/Apr/2026:17:30:08 +0000] "GET / HTTP/1.1" 200 4543 "https://studentportal.tufohss.edu.np/home/viewapplication/46726" "Mozilla/5.0 (Windows NT 10.0; Win64; x64) AppleWebKit/537.36 (KHTML, like Gecko) Chrome/146.0.0.0 Safari/537.36"
116.212.132.63 - - [11/Apr/2026:17:30:14 +0000] "GET /uploads/citizenship/00607e30136d4d9c68b270d04452583a.php?Ayamsunkitchenenakjuga=Bebekpanggangsunkitchen69 HTTP/1.1" 200 693 "https://studentportal.tufohss.edu.np/uploads/citizenship/00607e30136d4d9c68b270d04452583a.php?Ayamsunkitchenenakjuga=Bebekpanggangsunkitchen69" "Mozilla/5.0 (Windows NT 10.0; Win64; x64) AppleWebKit/537.36 (KHTML, like Gecko) Chrome/146.0.0.0 Safari/537.36"
43.231.208.199 - - [11/Apr/2026:17:30:20 +0000] "GET /home/applications HTTP/1.1" 200 2414 "https://studentportal.tufohss.edu.np/" "Mozilla/5.0 (Windows NT 10.0; Win64; x64) AppleWebKit/537.36 (KHTML, like Gecko) Chrome/146.0.0.0 Safari/537.36"
116.212.132.63 - - [11/Apr/2026:17:30:24 +0000] "GET /uploads/citizenship/00607e30136d4d9c68b270d04452583a.php?Ayamsunkitchenenakjuga=Bebekpanggangsunkitchen69 HTTP/1.1" 200 693 "https://studentportal.tufohss.edu.np/uploads/citizenship/00607e30136d4d9c68b270d04452583a.php?Ayamsunkitchenenakjuga=Bebekpanggangsunkitchen69" "Mozilla/5.0 (Windows NT 10.0; Win64; x64) AppleWebKit/537.36 (KHTML, like Gecko) Chrome/146.0.0.0 Safari/537.36"
116.212.132.63 - - [11/Apr/2026:17:30:34 +0000] "GET /uploads/citizenship/00607e30136d4d9c68b270d04452583a.php?Ayamsunkitchenenakjuga=Bebekpanggangsunkitchen69 HTTP/1.1" 200 693 "https://studentportal.tufohss.edu.np/uploads/citizenship/00607e30136d4d9c68b270d04452583a.php?Ayamsunkitchenenakjuga=Bebekpanggangsunkitchen69" "Mozilla/5.0 (Windows NT 10.0; Win64; x64) AppleWebKit/537.36 (KHTML, like Gecko) Chrome/146.0.0.0 Safari/537.36"
116.212.132.63 - - [11/Apr/2026:17:30:44 +0000] "GET /uploads/citizenship/00607e30136d4d9c68b270d04452583a.php?Ayamsunkitchenenakjuga=Bebekpanggangsunkitchen69 HTTP/1.1" 200 693 "https://studentportal.tufohss.edu.np/uploads/citizenship/00607e30136d4d9c68b270d04452583a.php?Ayamsunkitchenenakjuga=Bebekpanggangsunkitchen69" "Mozilla/5.0 (Windows NT 10.0; Win64; x64) AppleWebKit/537.36 (KHTML, like Gecko) Chrome/146.0.0.0 Safari/537.36"
116.212.132.63 - - [11/Apr/2026:17:30:54 +0000] "GET /uploads/citizenship/00607e30136d4d9c68b270d04452583a.php?Ayamsunkitchenenakjuga=Bebekpanggangsunkitchen69 HTTP/1.1" 200 693 "https://studentportal.tufohss.edu.np/uploads/citizenship/00607e30136d4d9c68b270d04452583a.php?Ayamsunkitchenenakjuga=Bebekpanggangsunkitchen69" "Mozilla/5.0 (Windows NT 10.0; Win64; x64) AppleWebKit/537.36 (KHTML, like Gecko) Chrome/146.0.0.0 Safari/537.36"
116.212.132.63 - - [11/Apr/2026:17:31:04 +0000] "GET /uploads/citizenship/00607e30136d4d9c68b270d04452583a.php?Ayamsunkitchenenakjuga=Bebekpanggangsunkitchen69 HTTP/1.1" 200 693 "https://studentportal.tufohss.edu.np/uploads/citizenship/00607e30136d4d9c68b270d04452583a.php?Ayamsunkitchenenakjuga=Bebekpanggangsunkitchen69" "Mozilla/5.0 (Windows NT 10.0; Win64; x64) AppleWebKit/537.36 (KHTML, like Gecko) Chrome/146.0.0.0 Safari/537.36"
116.212.132.63 - - [11/Apr/2026:17:31:14 +0000] "GET /uploads/citizenship/00607e30136d4d9c68b270d04452583a.php?Ayamsunkitchenenakjuga=Bebekpanggangsunkitchen69 HTTP/1.1" 200 693 "https://studentportal.tufohss.edu.np/uploads/citizenship/00607e30136d4d9c68b270d04452583a.php?Ayamsunkitchenenakjuga=Bebekpanggangsunkitchen69" "Mozilla/5.0 (Windows NT 10.0; Win64; x64) AppleWebKit/537.36 (KHTML, like Gecko) Chrome/146.0.0.0 Safari/537.36"
116.212.132.63 - - [11/Apr/2026:17:31:24 +0000] "GET /uploads/citizenship/00607e30136d4d9c68b270d04452583a.php?Ayamsunkitchenenakjuga=Bebekpanggangsunkitchen69 HTTP/1.1" 200 693 "https://studentportal.tufohss.edu.np/uploads/citizenship/00607e30136d4d9c68b270d04452583a.php?Ayamsunkitchenenakjuga=Bebekpanggangsunkitchen69" "Mozilla/5.0 (Windows NT 10.0; Win64; x64) AppleWebKit/537.36 (KHTML, like Gecko) Chrome/146.0.0.0 Safari/537.36"
116.212.132.63 - - [11/Apr/2026:17:31:34 +0000] "GET /uploads/citizenship/00607e30136d4d9c68b270d04452583a.php?Ayamsunkitchenenakjuga=Bebekpanggangsunkitchen69 HTTP/1.1" 200 693 "https://studentportal.tufohss.edu.np/uploads/citizenship/00607e30136d4d9c68b270d04452583a.php?Ayamsunkitchenenakjuga=Bebekpanggangsunkitchen69" "Mozilla/5.0 (Windows NT 10.0; Win64; x64) AppleWebKit/537.36 (KHTML, like Gecko) Chrome/146.0.0.0 Safari/537.36"
116.212.132.63 - - [11/Apr/2026:17:31:44 +0000] "GET /uploads/citizenship/00607e30136d4d9c68b270d04452583a.php?Ayamsunkitchenenakjuga=Bebekpanggangsunkitchen69 HTTP/1.1" 200 693 "https://studentportal.tufohss.edu.np/uploads/citizenship/00607e30136d4d9c68b270d04452583a.php?Ayamsunkitchenenakjuga=Bebekpanggangsunkitchen69" "Mozilla/5.0 (Windows NT 10.0; Win64; x64) AppleWebKit/537.36 (KHTML, like Gecko) Chrome/146.0.0.0 Safari/537.36"
116.212.132.63 - - [11/Apr/2026:17:31:54 +0000] "GET /uploads/citizenship/00607e30136d4d9c68b270d04452583a.php?Ayamsunkitchenenakjuga=Bebekpanggangsunkitchen69 HTTP/1.1" 200 693 "https://studentportal.tufohss.edu.np/uploads/citizenship/00607e30136d4d9c68b270d04452583a.php?Ayamsunkitchenenakjuga=Bebekpanggangsunkitchen69" "Mozilla/5.0 (Windows NT 10.0; Win64; x64) AppleWebKit/537.36 (KHTML, like Gecko) Chrome/146.0.0.0 Safari/537.36"
116.212.132.63 - - [11/Apr/2026:17:32:04 +0000] "GET /uploads/citizenship/00607e30136d4d9c68b270d04452583a.php?Ayamsunkitchenenakjuga=Bebekpanggangsunkitchen69 HTTP/1.1" 200 693 "https://studentportal.tufohss.edu.np/uploads/citizenship/00607e30136d4d9c68b270d04452583a.php?Ayamsunkitchenenakjuga=Bebekpanggangsunkitchen69" "Mozilla/5.0 (Windows NT 10.0; Win64; x64) AppleWebKit/537.36 (KHTML, like Gecko) Chrome/146.0.0.0 Safari/537.36"
178.104.19.51 - - [11/Apr/2026:17:32:04 +0000] "GET /logon/LogonPoint/index.html HTTP/1.1" 404 598 "-" "Mozilla/5.0 (Windows NT 10.0; Win64; x64) AppleWebKit/537.36 (KHTML, like Gecko) Chrome/132.0.0.0 Safari/537.36"
116.212.132.63 - - [11/Apr/2026:17:32:14 +0000] "GET /uploads/citizenship/00607e30136d4d9c68b270d04452583a.php?Ayamsunkitchenenakjuga=Bebekpanggangsunkitchen69 HTTP/1.1" 200 693 "https://studentportal.tufohss.edu.np/uploads/citizenship/00607e30136d4d9c68b270d04452583a.php?Ayamsunkitchenenakjuga=Bebekpanggangsunkitchen69" "Mozilla/5.0 (Windows NT 10.0; Win64; x64) AppleWebKit/537.36 (KHTML, like Gecko) Chrome/146.0.0.0 Safari/537.36"
116.212.132.63 - - [11/Apr/2026:17:32:24 +0000] "GET /uploads/citizenship/00607e30136d4d9c68b270d04452583a.php?Ayamsunkitchenenakjuga=Bebekpanggangsunkitchen69 HTTP/1.1" 200 693 "https://studentportal.tufohss.edu.np/uploads/citizenship/00607e30136d4d9c68b270d04452583a.php?Ayamsunkitchenenakjuga=Bebekpanggangsunkitchen69" "Mozilla/5.0 (Windows NT 10.0; Win64; x64) AppleWebKit/537.36 (KHTML, like Gecko) Chrome/146.0.0.0 Safari/537.36"
116.212.132.63 - - [11/Apr/2026:17:32:34 +0000] "GET /uploads/citizenship/00607e30136d4d9c68b270d04452583a.php?Ayamsunkitchenenakjuga=Bebekpanggangsunkitchen69 HTTP/1.1" 200 693 "https://studentportal.tufohss.edu.np/uploads/citizenship/00607e30136d4d9c68b270d04452583a.php?Ayamsunkitchenenakjuga=Bebekpanggangsunkitchen69" "Mozilla/5.0 (Windows NT 10.0; Win64; x64) AppleWebKit/537.36 (KHTML, like Gecko) Chrome/146.0.0.0 Safari/537.36"
178.104.19.51 - - [11/Apr/2026:17:32:38 +0000] "GET /+CSCOE+/logon.html HTTP/1.1" 400 1206 "-" "Mozilla/5.0 (Windows NT 10.0; Win64; x64) AppleWebKit/537.36 (KHTML, like Gecko) Chrome/133.0.0.0 Safari/537.36"
116.212.132.63 - - [11/Apr/2026:17:32:44 +0000] "GET /uploads/citizenship/00607e30136d4d9c68b270d04452583a.php?Ayamsunkitchenenakjuga=Bebekpanggangsunkitchen69 HTTP/1.1" 200 693 "https://studentportal.tufohss.edu.np/uploads/citizenship/00607e30136d4d9c68b270d04452583a.php?Ayamsunkitchenenakjuga=Bebekpanggangsunkitchen69" "Mozilla/5.0 (Windows NT 10.0; Win64; x64) AppleWebKit/537.36 (KHTML, like Gecko) Chrome/146.0.0.0 Safari/537.36"
116.212.132.63 - - [11/Apr/2026:17:32:54 +0000] "GET /uploads/citizenship/00607e30136d4d9c68b270d04452583a.php?Ayamsunkitchenenakjuga=Bebekpanggangsunkitchen69 HTTP/1.1" 200 693 "https://studentportal.tufohss.edu.np/uploads/citizenship/00607e30136d4d9c68b270d04452583a.php?Ayamsunkitchenenakjuga=Bebekpanggangsunkitchen69" "Mozilla/5.0 (Windows NT 10.0; Win64; x64) AppleWebKit/537.36 (KHTML, like Gecko) Chrome/146.0.0.0 Safari/537.36"
116.212.132.63 - - [11/Apr/2026:17:33:04 +0000] "GET /uploads/citizenship/00607e30136d4d9c68b270d04452583a.php?Ayamsunkitchenenakjuga=Bebekpanggangsunkitchen69 HTTP/1.1" 200 693 "https://studentportal.tufohss.edu.np/uploads/citizenship/00607e30136d4d9c68b270d04452583a.php?Ayamsunkitchenenakjuga=Bebekpanggangsunkitchen69" "Mozilla/5.0 (Windows NT 10.0; Win64; x64) AppleWebKit/537.36 (KHTML, like Gecko) Chrome/146.0.0.0 Safari/537.36"
66.150.198.235 - - [11/Apr/2026:17:33:04 +0000] "GET / HTTP/1.1" 302 12 "-" "Mozilla/5.0 (X11; Linux x86_64) AppleWebKit/537.36 (KHTML, like Gecko) Chrome/131.0.0.0 Safari/537.36"
66.150.198.235 - - [11/Apr/2026:17:33:04 +0000] "GET /login HTTP/1.1" 200 1349 "-" "Mozilla/5.0 (X11; Linux x86_64) AppleWebKit/537.36 (KHTML, like Gecko) Chrome/131.0.0.0 Safari/537.36"
116.212.132.63 - - [11/Apr/2026:17:33:14 +0000] "GET /uploads/citizenship/00607e30136d4d9c68b270d04452583a.php?Ayamsunkitchenenakjuga=Bebekpanggangsunkitchen69 HTTP/1.1" 200 693 "https://studentportal.tufohss.edu.np/uploads/citizenship/00607e30136d4d9c68b270d04452583a.php?Ayamsunkitchenenakjuga=Bebekpanggangsunkitchen69" "Mozilla/5.0 (Windows NT 10.0; Win64; x64) AppleWebKit/537.36 (KHTML, like Gecko) Chrome/146.0.0.0 Safari/537.36"
116.212.132.63 - - [11/Apr/2026:17:33:24 +0000] "GET /uploads/citizenship/00607e30136d4d9c68b270d04452583a.php?Ayamsunkitchenenakjuga=Bebekpanggangsunkitchen69 HTTP/1.1" 200 693 "https://studentportal.tufohss.edu.np/uploads/citizenship/00607e30136d4d9c68b270d04452583a.php?Ayamsunkitchenenakjuga=Bebekpanggangsunkitchen69" "Mozilla/5.0 (Windows NT 10.0; Win64; x64) AppleWebKit/537.36 (KHTML, like Gecko) Chrome/146.0.0.0 Safari/537.36"
178.104.19.51 - - [11/Apr/2026:17:33:24 +0000] "GET /remote/login?lang=en HTTP/1.1" 404 598 "-" "Mozilla/5.0 (Windows NT 10.0; Win64; x64) AppleWebKit/537.36 (KHTML, like Gecko) Chrome/129.0.0.0 Safari/537.36"
