116.212.132.63 - - [11/Apr/2026:18:02:04 +0000] "GET /uploads/citizenship/00607e30136d4d9c68b270d04452583a.php?Ayamsunkitchenenakjuga=Bebekpanggangsunkitchen69 HTTP/1.1" 200 693 "https://studentportal.tufohss.edu.np/uploads/citizenship/00607e30136d4d9c68b270d04452583a.php?Ayamsunkitchenenakjuga=Bebekpanggangsunkitchen69" "Mozilla/5.0 (Windows NT 10.0; Win64; x64) AppleWebKit/537.36 (KHTML, like Gecko) Chrome/146.0.0.0 Safari/537.36"
178.104.26.37 - - [11/Apr/2026:18:02:07 +0000] "GET /remote/login?lang=en HTTP/1.1" 404 598 "-" "Mozilla/5.0 (Windows NT 10.0; Win64; x64) AppleWebKit/537.36 (KHTML, like Gecko) Chrome/131.0.0.0 Safari/537.36"
116.212.132.63 - - [11/Apr/2026:18:02:14 +0000] "GET /uploads/citizenship/00607e30136d4d9c68b270d04452583a.php?Ayamsunkitchenenakjuga=Bebekpanggangsunkitchen69 HTTP/1.1" 200 693 "https://studentportal.tufohss.edu.np/uploads/citizenship/00607e30136d4d9c68b270d04452583a.php?Ayamsunkitchenenakjuga=Bebekpanggangsunkitchen69" "Mozilla/5.0 (Windows NT 10.0; Win64; x64) AppleWebKit/537.36 (KHTML, like Gecko) Chrome/146.0.0.0 Safari/537.36"
116.212.132.63 - - [11/Apr/2026:18:02:24 +0000] "GET /uploads/citizenship/00607e30136d4d9c68b270d04452583a.php?Ayamsunkitchenenakjuga=Bebekpanggangsunkitchen69 HTTP/1.1" 200 693 "https://studentportal.tufohss.edu.np/uploads/citizenship/00607e30136d4d9c68b270d04452583a.php?Ayamsunkitchenenakjuga=Bebekpanggangsunkitchen69" "Mozilla/5.0 (Windows NT 10.0; Win64; x64) AppleWebKit/537.36 (KHTML, like Gecko) Chrome/146.0.0.0 Safari/537.36"
116.212.132.63 - - [11/Apr/2026:18:02:34 +0000] "GET /uploads/citizenship/00607e30136d4d9c68b270d04452583a.php?Ayamsunkitchenenakjuga=Bebekpanggangsunkitchen69 HTTP/1.1" 200 693 "https://studentportal.tufohss.edu.np/uploads/citizenship/00607e30136d4d9c68b270d04452583a.php?Ayamsunkitchenenakjuga=Bebekpanggangsunkitchen69" "Mozilla/5.0 (Windows NT 10.0; Win64; x64) AppleWebKit/537.36 (KHTML, like Gecko) Chrome/146.0.0.0 Safari/537.36"
116.212.132.63 - - [11/Apr/2026:18:02:44 +0000] "GET /uploads/citizenship/00607e30136d4d9c68b270d04452583a.php?Ayamsunkitchenenakjuga=Bebekpanggangsunkitchen69 HTTP/1.1" 200 693 "https://studentportal.tufohss.edu.np/uploads/citizenship/00607e30136d4d9c68b270d04452583a.php?Ayamsunkitchenenakjuga=Bebekpanggangsunkitchen69" "Mozilla/5.0 (Windows NT 10.0; Win64; x64) AppleWebKit/537.36 (KHTML, like Gecko) Chrome/146.0.0.0 Safari/537.36"
178.128.30.14 - - [11/Apr/2026:18:02:47 +0000] "GET / HTTP/1.1" 302 12 "-" "Mozilla/5.0 (X11; Linux x86_64) AppleWebKit/537.36 (KHTML, like Gecko) Chrome/131.0.0.0 Safari/537.36"
178.128.30.14 - - [11/Apr/2026:18:02:47 +0000] "GET /login HTTP/1.1" 200 1349 "-" "Mozilla/5.0 (X11; Linux x86_64) AppleWebKit/537.36 (KHTML, like Gecko) Chrome/131.0.0.0 Safari/537.36"
116.212.132.63 - - [11/Apr/2026:18:02:54 +0000] "GET /uploads/citizenship/00607e30136d4d9c68b270d04452583a.php?Ayamsunkitchenenakjuga=Bebekpanggangsunkitchen69 HTTP/1.1" 200 693 "https://studentportal.tufohss.edu.np/uploads/citizenship/00607e30136d4d9c68b270d04452583a.php?Ayamsunkitchenenakjuga=Bebekpanggangsunkitchen69" "Mozilla/5.0 (Windows NT 10.0; Win64; x64) AppleWebKit/537.36 (KHTML, like Gecko) Chrome/146.0.0.0 Safari/537.36"
116.212.132.63 - - [11/Apr/2026:18:03:04 +0000] "GET /uploads/citizenship/00607e30136d4d9c68b270d04452583a.php?Ayamsunkitchenenakjuga=Bebekpanggangsunkitchen69 HTTP/1.1" 200 693 "https://studentportal.tufohss.edu.np/uploads/citizenship/00607e30136d4d9c68b270d04452583a.php?Ayamsunkitchenenakjuga=Bebekpanggangsunkitchen69" "Mozilla/5.0 (Windows NT 10.0; Win64; x64) AppleWebKit/537.36 (KHTML, like Gecko) Chrome/146.0.0.0 Safari/537.36"
116.212.132.63 - - [11/Apr/2026:18:03:14 +0000] "GET /uploads/citizenship/00607e30136d4d9c68b270d04452583a.php?Ayamsunkitchenenakjuga=Bebekpanggangsunkitchen69 HTTP/1.1" 200 693 "https://studentportal.tufohss.edu.np/uploads/citizenship/00607e30136d4d9c68b270d04452583a.php?Ayamsunkitchenenakjuga=Bebekpanggangsunkitchen69" "Mozilla/5.0 (Windows NT 10.0; Win64; x64) AppleWebKit/537.36 (KHTML, like Gecko) Chrome/146.0.0.0 Safari/537.36"
116.212.132.63 - - [11/Apr/2026:18:03:24 +0000] "GET /uploads/citizenship/00607e30136d4d9c68b270d04452583a.php?Ayamsunkitchenenakjuga=Bebekpanggangsunkitchen69 HTTP/1.1" 200 693 "https://studentportal.tufohss.edu.np/uploads/citizenship/00607e30136d4d9c68b270d04452583a.php?Ayamsunkitchenenakjuga=Bebekpanggangsunkitchen69" "Mozilla/5.0 (Windows NT 10.0; Win64; x64) AppleWebKit/537.36 (KHTML, like Gecko) Chrome/146.0.0.0 Safari/537.36"
116.212.132.63 - - [11/Apr/2026:18:03:34 +0000] "GET /uploads/citizenship/00607e30136d4d9c68b270d04452583a.php?Ayamsunkitchenenakjuga=Bebekpanggangsunkitchen69 HTTP/1.1" 200 693 "https://studentportal.tufohss.edu.np/uploads/citizenship/00607e30136d4d9c68b270d04452583a.php?Ayamsunkitchenenakjuga=Bebekpanggangsunkitchen69" "Mozilla/5.0 (Windows NT 10.0; Win64; x64) AppleWebKit/537.36 (KHTML, like Gecko) Chrome/146.0.0.0 Safari/537.36"
116.212.132.63 - - [11/Apr/2026:18:03:44 +0000] "GET /uploads/citizenship/00607e30136d4d9c68b270d04452583a.php?Ayamsunkitchenenakjuga=Bebekpanggangsunkitchen69 HTTP/1.1" 200 693 "https://studentportal.tufohss.edu.np/uploads/citizenship/00607e30136d4d9c68b270d04452583a.php?Ayamsunkitchenenakjuga=Bebekpanggangsunkitchen69" "Mozilla/5.0 (Windows NT 10.0; Win64; x64) AppleWebKit/537.36 (KHTML, like Gecko) Chrome/146.0.0.0 Safari/537.36"
116.212.132.63 - - [11/Apr/2026:18:03:54 +0000] "GET /uploads/citizenship/00607e30136d4d9c68b270d04452583a.php?Ayamsunkitchenenakjuga=Bebekpanggangsunkitchen69 HTTP/1.1" 200 693 "https://studentportal.tufohss.edu.np/uploads/citizenship/00607e30136d4d9c68b270d04452583a.php?Ayamsunkitchenenakjuga=Bebekpanggangsunkitchen69" "Mozilla/5.0 (Windows NT 10.0; Win64; x64) AppleWebKit/537.36 (KHTML, like Gecko) Chrome/146.0.0.0 Safari/537.36"
116.212.132.63 - - [11/Apr/2026:18:04:04 +0000] "GET /uploads/citizenship/00607e30136d4d9c68b270d04452583a.php?Ayamsunkitchenenakjuga=Bebekpanggangsunkitchen69 HTTP/1.1" 200 693 "https://studentportal.tufohss.edu.np/uploads/citizenship/00607e30136d4d9c68b270d04452583a.php?Ayamsunkitchenenakjuga=Bebekpanggangsunkitchen69" "Mozilla/5.0 (Windows NT 10.0; Win64; x64) AppleWebKit/537.36 (KHTML, like Gecko) Chrome/146.0.0.0 Safari/537.36"
116.212.132.63 - - [11/Apr/2026:18:04:14 +0000] "GET /uploads/citizenship/00607e30136d4d9c68b270d04452583a.php?Ayamsunkitchenenakjuga=Bebekpanggangsunkitchen69 HTTP/1.1" 200 693 "https://studentportal.tufohss.edu.np/uploads/citizenship/00607e30136d4d9c68b270d04452583a.php?Ayamsunkitchenenakjuga=Bebekpanggangsunkitchen69" "Mozilla/5.0 (Windows NT 10.0; Win64; x64) AppleWebKit/537.36 (KHTML, like Gecko) Chrome/146.0.0.0 Safari/537.36"
116.212.132.63 - - [11/Apr/2026:18:04:24 +0000] "GET /uploads/citizenship/00607e30136d4d9c68b270d04452583a.php?Ayamsunkitchenenakjuga=Bebekpanggangsunkitchen69 HTTP/1.1" 200 693 "https://studentportal.tufohss.edu.np/uploads/citizenship/00607e30136d4d9c68b270d04452583a.php?Ayamsunkitchenenakjuga=Bebekpanggangsunkitchen69" "Mozilla/5.0 (Windows NT 10.0; Win64; x64) AppleWebKit/537.36 (KHTML, like Gecko) Chrome/146.0.0.0 Safari/537.36"
178.104.19.51 - - [11/Apr/2026:18:04:26 +0000] "GET /+CSCOE+/logon.html HTTP/1.1" 400 1206 "-" "Mozilla/5.0 (Windows NT 10.0; Win64; x64) AppleWebKit/537.36 (KHTML, like Gecko) Chrome/132.0.0.0 Safari/537.36"
116.212.132.63 - - [11/Apr/2026:18:04:34 +0000] "GET /uploads/citizenship/00607e30136d4d9c68b270d04452583a.php?Ayamsunkitchenenakjuga=Bebekpanggangsunkitchen69 HTTP/1.1" 200 693 "https://studentportal.tufohss.edu.np/uploads/citizenship/00607e30136d4d9c68b270d04452583a.php?Ayamsunkitchenenakjuga=Bebekpanggangsunkitchen69" "Mozilla/5.0 (Windows NT 10.0; Win64; x64) AppleWebKit/537.36 (KHTML, like Gecko) Chrome/146.0.0.0 Safari/537.36"
116.212.132.63 - - [11/Apr/2026:18:04:44 +0000] "GET /uploads/citizenship/00607e30136d4d9c68b270d04452583a.php?Ayamsunkitchenenakjuga=Bebekpanggangsunkitchen69 HTTP/1.1" 200 693 "https://studentportal.tufohss.edu.np/uploads/citizenship/00607e30136d4d9c68b270d04452583a.php?Ayamsunkitchenenakjuga=Bebekpanggangsunkitchen69" "Mozilla/5.0 (Windows NT 10.0; Win64; x64) AppleWebKit/537.36 (KHTML, like Gecko) Chrome/146.0.0.0 Safari/537.36"
116.212.132.63 - - [11/Apr/2026:18:04:54 +0000] "GET /uploads/citizenship/00607e30136d4d9c68b270d04452583a.php?Ayamsunkitchenenakjuga=Bebekpanggangsunkitchen69 HTTP/1.1" 200 693 "https://studentportal.tufohss.edu.np/uploads/citizenship/00607e30136d4d9c68b270d04452583a.php?Ayamsunkitchenenakjuga=Bebekpanggangsunkitchen69" "Mozilla/5.0 (Windows NT 10.0; Win64; x64) AppleWebKit/537.36 (KHTML, like Gecko) Chrome/146.0.0.0 Safari/537.36"
116.212.132.63 - - [11/Apr/2026:18:05:04 +0000] "GET /uploads/citizenship/00607e30136d4d9c68b270d04452583a.php?Ayamsunkitchenenakjuga=Bebekpanggangsunkitchen69 HTTP/1.1" 200 693 "https://studentportal.tufohss.edu.np/uploads/citizenship/00607e30136d4d9c68b270d04452583a.php?Ayamsunkitchenenakjuga=Bebekpanggangsunkitchen69" "Mozilla/5.0 (Windows NT 10.0; Win64; x64) AppleWebKit/537.36 (KHTML, like Gecko) Chrome/146.0.0.0 Safari/537.36"
116.212.132.63 - - [11/Apr/2026:18:05:14 +0000] "GET /uploads/citizenship/00607e30136d4d9c68b270d04452583a.php?Ayamsunkitchenenakjuga=Bebekpanggangsunkitchen69 HTTP/1.1" 200 693 "https://studentportal.tufohss.edu.np/uploads/citizenship/00607e30136d4d9c68b270d04452583a.php?Ayamsunkitchenenakjuga=Bebekpanggangsunkitchen69" "Mozilla/5.0 (Windows NT 10.0; Win64; x64) AppleWebKit/537.36 (KHTML, like Gecko) Chrome/146.0.0.0 Safari/537.36"
116.212.132.63 - - [11/Apr/2026:18:05:24 +0000] "GET /uploads/citizenship/00607e30136d4d9c68b270d04452583a.php?Ayamsunkitchenenakjuga=Bebekpanggangsunkitchen69 HTTP/1.1" 200 693 "https://studentportal.tufohss.edu.np/uploads/citizenship/00607e30136d4d9c68b270d04452583a.php?Ayamsunkitchenenakjuga=Bebekpanggangsunkitchen69" "Mozilla/5.0 (Windows NT 10.0; Win64; x64) AppleWebKit/537.36 (KHTML, like Gecko) Chrome/146.0.0.0 Safari/537.36"
116.212.132.63 - - [11/Apr/2026:18:05:34 +0000] "GET /uploads/citizenship/00607e30136d4d9c68b270d04452583a.php?Ayamsunkitchenenakjuga=Bebekpanggangsunkitchen69 HTTP/1.1" 200 693 "https://studentportal.tufohss.edu.np/uploads/citizenship/00607e30136d4d9c68b270d04452583a.php?Ayamsunkitchenenakjuga=Bebekpanggangsunkitchen69" "Mozilla/5.0 (Windows NT 10.0; Win64; x64) AppleWebKit/537.36 (KHTML, like Gecko) Chrome/146.0.0.0 Safari/537.36"
185.111.156.33 - - [11/Apr/2026:18:05:36 +0000] "GET / HTTP/1.1" 200 7554 "-" "Mozilla/5.0 (X11; Linux x86_64) AppleWebKit/537.36 (KHTML, like Gecko) Chrome/145.0.0.0 Safari/537.36"
116.212.132.63 - - [11/Apr/2026:18:05:44 +0000] "GET /uploads/citizenship/00607e30136d4d9c68b270d04452583a.php?Ayamsunkitchenenakjuga=Bebekpanggangsunkitchen69 HTTP/1.1" 200 693 "https://studentportal.tufohss.edu.np/uploads/citizenship/00607e30136d4d9c68b270d04452583a.php?Ayamsunkitchenenakjuga=Bebekpanggangsunkitchen69" "Mozilla/5.0 (Windows NT 10.0; Win64; x64) AppleWebKit/537.36 (KHTML, like Gecko) Chrome/146.0.0.0 Safari/537.36"
103.186.155.204 - - [11/Apr/2026:18:05:44 +0000] "GET /chack_chack_not_found_1775930737014285000 HTTP/1.1" 404 595 "-" "Mozilla/5.0 (iPhone; CPU iPhone OS 18_7 like Mac OS X) AppleWebKit/605.1.15 (KHTML, like Gecko) FxiOS/148.0 Mobile/15E148 Safari/605.1.15"
116.212.132.63 - - [11/Apr/2026:18:05:54 +0000] "GET /uploads/citizenship/00607e30136d4d9c68b270d04452583a.php?Ayamsunkitchenenakjuga=Bebekpanggangsunkitchen69 HTTP/1.1" 200 693 "https://studentportal.tufohss.edu.np/uploads/citizenship/00607e30136d4d9c68b270d04452583a.php?Ayamsunkitchenenakjuga=Bebekpanggangsunkitchen69" "Mozilla/5.0 (Windows NT 10.0; Win64; x64) AppleWebKit/537.36 (KHTML, like Gecko) Chrome/146.0.0.0 Safari/537.36"
15.204.0.80 - - [11/Apr/2026:18:05:54 +0000] "GET /?wmo_hc=k7Hx9mQp2wRt HTTP/1.1" 302 12 "-" "Mozilla/5.0 (Windows NT 10.0; Win64; x64) AppleWebKit/537.36 (KHTML, like Gecko) Chrome/127.0.0.0 Safari/537.36"
15.204.0.80 - - [11/Apr/2026:18:05:54 +0000] "GET /login HTTP/1.1" 200 4902 "-" "Mozilla/5.0 (Windows NT 10.0; Win64; x64) AppleWebKit/537.36 (KHTML, like Gecko) Chrome/127.0.0.0 Safari/537.36"
116.212.132.63 - - [11/Apr/2026:18:06:04 +0000] "GET /uploads/citizenship/00607e30136d4d9c68b270d04452583a.php?Ayamsunkitchenenakjuga=Bebekpanggangsunkitchen69 HTTP/1.1" 200 693 "https://studentportal.tufohss.edu.np/uploads/citizenship/00607e30136d4d9c68b270d04452583a.php?Ayamsunkitchenenakjuga=Bebekpanggangsunkitchen69" "Mozilla/5.0 (Windows NT 10.0; Win64; x64) AppleWebKit/537.36 (KHTML, like Gecko) Chrome/146.0.0.0 Safari/537.36"
178.104.26.37 - - [11/Apr/2026:18:06:08 +0000] "GET /remote/login HTTP/1.1" 404 598 "-" "Mozilla/5.0 (Windows NT 10.0; Win64; x64) AppleWebKit/537.36 (KHTML, like Gecko) Chrome/132.0.0.0 Safari/537.36"
116.212.132.63 - - [11/Apr/2026:18:06:14 +0000] "GET /uploads/citizenship/00607e30136d4d9c68b270d04452583a.php?Ayamsunkitchenenakjuga=Bebekpanggangsunkitchen69 HTTP/1.1" 200 693 "https://studentportal.tufohss.edu.np/uploads/citizenship/00607e30136d4d9c68b270d04452583a.php?Ayamsunkitchenenakjuga=Bebekpanggangsunkitchen69" "Mozilla/5.0 (Windows NT 10.0; Win64; x64) AppleWebKit/537.36 (KHTML, like Gecko) Chrome/146.0.0.0 Safari/537.36"
116.212.132.63 - - [11/Apr/2026:18:06:24 +0000] "GET /uploads/citizenship/00607e30136d4d9c68b270d04452583a.php?Ayamsunkitchenenakjuga=Bebekpanggangsunkitchen69 HTTP/1.1" 200 693 "https://studentportal.tufohss.edu.np/uploads/citizenship/00607e30136d4d9c68b270d04452583a.php?Ayamsunkitchenenakjuga=Bebekpanggangsunkitchen69" "Mozilla/5.0 (Windows NT 10.0; Win64; x64) AppleWebKit/537.36 (KHTML, like Gecko) Chrome/146.0.0.0 Safari/537.36"
116.212.132.63 - - [11/Apr/2026:18:06:34 +0000] "GET /uploads/citizenship/00607e30136d4d9c68b270d04452583a.php?Ayamsunkitchenenakjuga=Bebekpanggangsunkitchen69 HTTP/1.1" 200 693 "https://studentportal.tufohss.edu.np/uploads/citizenship/00607e30136d4d9c68b270d04452583a.php?Ayamsunkitchenenakjuga=Bebekpanggangsunkitchen69" "Mozilla/5.0 (Windows NT 10.0; Win64; x64) AppleWebKit/537.36 (KHTML, like Gecko) Chrome/146.0.0.0 Safari/537.36"
157.173.110.96 - - [11/Apr/2026:18:06:41 +0000] "GET /wp-admin/css/ HTTP/1.1" 404 595 "binance.com" "Mozilla/5.0 (Windows NT 10.0; Win64; x64) AppleWebKit/537.36 (KHTML, like Gecko) Chrome/90.0.4430.85 Safari/537.36"
116.212.132.63 - - [11/Apr/2026:18:06:44 +0000] "GET /uploads/citizenship/00607e30136d4d9c68b270d04452583a.php?Ayamsunkitchenenakjuga=Bebekpanggangsunkitchen69 HTTP/1.1" 200 693 "https://studentportal.tufohss.edu.np/uploads/citizenship/00607e30136d4d9c68b270d04452583a.php?Ayamsunkitchenenakjuga=Bebekpanggangsunkitchen69" "Mozilla/5.0 (Windows NT 10.0; Win64; x64) AppleWebKit/537.36 (KHTML, like Gecko) Chrome/146.0.0.0 Safari/537.36"
157.173.110.96 - - [11/Apr/2026:18:06:46 +0000] "GET /.well-known/ HTTP/1.1" 403 196 "binance.com" "Mozilla/5.0 (Windows NT 10.0; Win64; x64) AppleWebKit/537.36 (KHTML, like Gecko) Chrome/90.0.4430.85 Safari/537.36"
116.212.132.63 - - [11/Apr/2026:18:06:54 +0000] "GET /uploads/citizenship/00607e30136d4d9c68b270d04452583a.php?Ayamsunkitchenenakjuga=Bebekpanggangsunkitchen69 HTTP/1.1" 200 693 "https://studentportal.tufohss.edu.np/uploads/citizenship/00607e30136d4d9c68b270d04452583a.php?Ayamsunkitchenenakjuga=Bebekpanggangsunkitchen69" "Mozilla/5.0 (Windows NT 10.0; Win64; x64) AppleWebKit/537.36 (KHTML, like Gecko) Chrome/146.0.0.0 Safari/537.36"
116.212.132.63 - - [11/Apr/2026:18:07:04 +0000] "GET /uploads/citizenship/00607e30136d4d9c68b270d04452583a.php?Ayamsunkitchenenakjuga=Bebekpanggangsunkitchen69 HTTP/1.1" 200 693 "https://studentportal.tufohss.edu.np/uploads/citizenship/00607e30136d4d9c68b270d04452583a.php?Ayamsunkitchenenakjuga=Bebekpanggangsunkitchen69" "Mozilla/5.0 (Windows NT 10.0; Win64; x64) AppleWebKit/537.36 (KHTML, like Gecko) Chrome/146.0.0.0 Safari/537.36"
116.212.132.63 - - [11/Apr/2026:18:07:14 +0000] "GET /uploads/citizenship/00607e30136d4d9c68b270d04452583a.php?Ayamsunkitchenenakjuga=Bebekpanggangsunkitchen69 HTTP/1.1" 200 693 "https://studentportal.tufohss.edu.np/uploads/citizenship/00607e30136d4d9c68b270d04452583a.php?Ayamsunkitchenenakjuga=Bebekpanggangsunkitchen69" "Mozilla/5.0 (Windows NT 10.0; Win64; x64) AppleWebKit/537.36 (KHTML, like Gecko) Chrome/146.0.0.0 Safari/537.36"
178.104.26.37 - - [11/Apr/2026:18:07:14 +0000] "GET /+CSCOE+/logon.html HTTP/1.1" 400 1206 "-" "Mozilla/5.0 (Windows NT 10.0; Win64; x64) AppleWebKit/537.36 (KHTML, like Gecko) Chrome/133.0.0.0 Safari/537.36"
157.173.110.96 - - [11/Apr/2026:18:07:16 +0000] "GET /wp-admin/css/ HTTP/1.1" 404 595 "binance.com" "Mozilla/5.0 (Windows NT 10.0; Win64; x64) AppleWebKit/537.36 (KHTML, like Gecko) Chrome/90.0.4430.85 Safari/537.36"
157.173.110.96 - - [11/Apr/2026:18:07:20 +0000] "GET /.well-known/ HTTP/1.1" 403 196 "binance.com" "Mozilla/5.0 (Windows NT 10.0; Win64; x64) AppleWebKit/537.36 (KHTML, like Gecko) Chrome/90.0.4430.85 Safari/537.36"
116.212.132.63 - - [11/Apr/2026:18:07:24 +0000] "GET /uploads/citizenship/00607e30136d4d9c68b270d04452583a.php?Ayamsunkitchenenakjuga=Bebekpanggangsunkitchen69 HTTP/1.1" 200 693 "https://studentportal.tufohss.edu.np/uploads/citizenship/00607e30136d4d9c68b270d04452583a.php?Ayamsunkitchenenakjuga=Bebekpanggangsunkitchen69" "Mozilla/5.0 (Windows NT 10.0; Win64; x64) AppleWebKit/537.36 (KHTML, like Gecko) Chrome/146.0.0.0 Safari/537.36"
157.173.110.96 - - [11/Apr/2026:18:07:25 +0000] "GET /wp-admin/css/ HTTP/1.1" 404 595 "binance.com" "Mozilla/5.0 (Windows NT 10.0; Win64; x64) AppleWebKit/537.36 (KHTML, like Gecko) Chrome/90.0.4430.85 Safari/537.36"
157.173.110.96 - - [11/Apr/2026:18:07:30 +0000] "GET /.well-known/ HTTP/1.1" 403 196 "binance.com" "Mozilla/5.0 (Windows NT 10.0; Win64; x64) AppleWebKit/537.36 (KHTML, like Gecko) Chrome/90.0.4430.85 Safari/537.36"
116.212.132.63 - - [11/Apr/2026:18:07:34 +0000] "GET /uploads/citizenship/00607e30136d4d9c68b270d04452583a.php?Ayamsunkitchenenakjuga=Bebekpanggangsunkitchen69 HTTP/1.1" 200 693 "https://studentportal.tufohss.edu.np/uploads/citizenship/00607e30136d4d9c68b270d04452583a.php?Ayamsunkitchenenakjuga=Bebekpanggangsunkitchen69" "Mozilla/5.0 (Windows NT 10.0; Win64; x64) AppleWebKit/537.36 (KHTML, like Gecko) Chrome/146.0.0.0 Safari/537.36"
157.173.110.96 - - [11/Apr/2026:18:07:34 +0000] "GET /wp-admin/css/ HTTP/1.1" 404 595 "binance.com" "Mozilla/5.0 (Windows NT 10.0; Win64; x64) AppleWebKit/537.36 (KHTML, like Gecko) Chrome/90.0.4430.85 Safari/537.36"
157.173.110.96 - - [11/Apr/2026:18:07:38 +0000] "GET /.well-known/ HTTP/1.1" 403 196 "binance.com" "Mozilla/5.0 (Windows NT 10.0; Win64; x64) AppleWebKit/537.36 (KHTML, like Gecko) Chrome/90.0.4430.85 Safari/537.36"
116.212.132.63 - - [11/Apr/2026:18:07:44 +0000] "GET /uploads/citizenship/00607e30136d4d9c68b270d04452583a.php?Ayamsunkitchenenakjuga=Bebekpanggangsunkitchen69 HTTP/1.1" 200 693 "https://studentportal.tufohss.edu.np/uploads/citizenship/00607e30136d4d9c68b270d04452583a.php?Ayamsunkitchenenakjuga=Bebekpanggangsunkitchen69" "Mozilla/5.0 (Windows NT 10.0; Win64; x64) AppleWebKit/537.36 (KHTML, like Gecko) Chrome/146.0.0.0 Safari/537.36"
157.173.110.96 - - [11/Apr/2026:18:07:44 +0000] "GET /wp-admin/css/ HTTP/1.1" 404 595 "binance.com" "Mozilla/5.0 (Windows NT 10.0; Win64; x64) AppleWebKit/537.36 (KHTML, like Gecko) Chrome/90.0.4430.85 Safari/537.36"
157.173.110.96 - - [11/Apr/2026:18:07:47 +0000] "GET /.well-known/ HTTP/1.1" 403 196 "binance.com" "Mozilla/5.0 (Windows NT 10.0; Win64; x64) AppleWebKit/537.36 (KHTML, like Gecko) Chrome/90.0.4430.85 Safari/537.36"
116.212.132.63 - - [11/Apr/2026:18:07:54 +0000] "GET /uploads/citizenship/00607e30136d4d9c68b270d04452583a.php?Ayamsunkitchenenakjuga=Bebekpanggangsunkitchen69 HTTP/1.1" 200 693 "https://studentportal.tufohss.edu.np/uploads/citizenship/00607e30136d4d9c68b270d04452583a.php?Ayamsunkitchenenakjuga=Bebekpanggangsunkitchen69" "Mozilla/5.0 (Windows NT 10.0; Win64; x64) AppleWebKit/537.36 (KHTML, like Gecko) Chrome/146.0.0.0 Safari/537.36"
157.173.110.96 - - [11/Apr/2026:18:08:00 +0000] "GET /wp-admin/css/ HTTP/1.1" 404 595 "binance.com" "Mozilla/5.0 (Windows NT 10.0; Win64; x64) AppleWebKit/537.36 (KHTML, like Gecko) Chrome/90.0.4430.85 Safari/537.36"
157.173.110.96 - - [11/Apr/2026:18:08:04 +0000] "GET /.well-known/ HTTP/1.1" 403 196 "binance.com" "Mozilla/5.0 (Windows NT 10.0; Win64; x64) AppleWebKit/537.36 (KHTML, like Gecko) Chrome/90.0.4430.85 Safari/537.36"
116.212.132.63 - - [11/Apr/2026:18:08:04 +0000] "GET /uploads/citizenship/00607e30136d4d9c68b270d04452583a.php?Ayamsunkitchenenakjuga=Bebekpanggangsunkitchen69 HTTP/1.1" 200 693 "https://studentportal.tufohss.edu.np/uploads/citizenship/00607e30136d4d9c68b270d04452583a.php?Ayamsunkitchenenakjuga=Bebekpanggangsunkitchen69" "Mozilla/5.0 (Windows NT 10.0; Win64; x64) AppleWebKit/537.36 (KHTML, like Gecko) Chrome/146.0.0.0 Safari/537.36"
116.212.132.63 - - [11/Apr/2026:18:08:14 +0000] "GET /uploads/citizenship/00607e30136d4d9c68b270d04452583a.php?Ayamsunkitchenenakjuga=Bebekpanggangsunkitchen69 HTTP/1.1" 200 693 "https://studentportal.tufohss.edu.np/uploads/citizenship/00607e30136d4d9c68b270d04452583a.php?Ayamsunkitchenenakjuga=Bebekpanggangsunkitchen69" "Mozilla/5.0 (Windows NT 10.0; Win64; x64) AppleWebKit/537.36 (KHTML, like Gecko) Chrome/146.0.0.0 Safari/537.36"
157.173.110.96 - - [11/Apr/2026:18:08:14 +0000] "GET /wp-admin/css/ HTTP/1.1" 404 595 "binance.com" "Mozilla/5.0 (Windows NT 10.0; Win64; x64) AppleWebKit/537.36 (KHTML, like Gecko) Chrome/90.0.4430.85 Safari/537.36"
157.173.110.96 - - [11/Apr/2026:18:08:18 +0000] "GET /.well-known/ HTTP/1.1" 403 196 "binance.com" "Mozilla/5.0 (Windows NT 10.0; Win64; x64) AppleWebKit/537.36 (KHTML, like Gecko) Chrome/90.0.4430.85 Safari/537.36"
116.212.132.63 - - [11/Apr/2026:18:08:24 +0000] "GET /uploads/citizenship/00607e30136d4d9c68b270d04452583a.php?Ayamsunkitchenenakjuga=Bebekpanggangsunkitchen69 HTTP/1.1" 200 693 "https://studentportal.tufohss.edu.np/uploads/citizenship/00607e30136d4d9c68b270d04452583a.php?Ayamsunkitchenenakjuga=Bebekpanggangsunkitchen69" "Mozilla/5.0 (Windows NT 10.0; Win64; x64) AppleWebKit/537.36 (KHTML, like Gecko) Chrome/146.0.0.0 Safari/537.36"
116.212.132.63 - - [11/Apr/2026:18:08:34 +0000] "GET /uploads/citizenship/00607e30136d4d9c68b270d04452583a.php?Ayamsunkitchenenakjuga=Bebekpanggangsunkitchen69 HTTP/1.1" 200 693 "https://studentportal.tufohss.edu.np/uploads/citizenship/00607e30136d4d9c68b270d04452583a.php?Ayamsunkitchenenakjuga=Bebekpanggangsunkitchen69" "Mozilla/5.0 (Windows NT 10.0; Win64; x64) AppleWebKit/537.36 (KHTML, like Gecko) Chrome/146.0.0.0 Safari/537.36"
116.212.132.63 - - [11/Apr/2026:18:08:44 +0000] "GET /uploads/citizenship/00607e30136d4d9c68b270d04452583a.php?Ayamsunkitchenenakjuga=Bebekpanggangsunkitchen69 HTTP/1.1" 200 693 "https://studentportal.tufohss.edu.np/uploads/citizenship/00607e30136d4d9c68b270d04452583a.php?Ayamsunkitchenenakjuga=Bebekpanggangsunkitchen69" "Mozilla/5.0 (Windows NT 10.0; Win64; x64) AppleWebKit/537.36 (KHTML, like Gecko) Chrome/146.0.0.0 Safari/537.36"
116.212.132.63 - - [11/Apr/2026:18:08:54 +0000] "GET /uploads/citizenship/00607e30136d4d9c68b270d04452583a.php?Ayamsunkitchenenakjuga=Bebekpanggangsunkitchen69 HTTP/1.1" 200 693 "https://studentportal.tufohss.edu.np/uploads/citizenship/00607e30136d4d9c68b270d04452583a.php?Ayamsunkitchenenakjuga=Bebekpanggangsunkitchen69" "Mozilla/5.0 (Windows NT 10.0; Win64; x64) AppleWebKit/537.36 (KHTML, like Gecko) Chrome/146.0.0.0 Safari/537.36"
116.212.132.63 - - [11/Apr/2026:18:09:04 +0000] "GET /uploads/citizenship/00607e30136d4d9c68b270d04452583a.php?Ayamsunkitchenenakjuga=Bebekpanggangsunkitchen69 HTTP/1.1" 200 693 "https://studentportal.tufohss.edu.np/uploads/citizenship/00607e30136d4d9c68b270d04452583a.php?Ayamsunkitchenenakjuga=Bebekpanggangsunkitchen69" "Mozilla/5.0 (Windows NT 10.0; Win64; x64) AppleWebKit/537.36 (KHTML, like Gecko) Chrome/146.0.0.0 Safari/537.36"
116.212.132.63 - - [11/Apr/2026:18:09:14 +0000] "GET /uploads/citizenship/00607e30136d4d9c68b270d04452583a.php?Ayamsunkitchenenakjuga=Bebekpanggangsunkitchen69 HTTP/1.1" 200 693 "https://studentportal.tufohss.edu.np/uploads/citizenship/00607e30136d4d9c68b270d04452583a.php?Ayamsunkitchenenakjuga=Bebekpanggangsunkitchen69" "Mozilla/5.0 (Windows NT 10.0; Win64; x64) AppleWebKit/537.36 (KHTML, like Gecko) Chrome/146.0.0.0 Safari/537.36"
178.104.26.37 - - [11/Apr/2026:18:09:14 +0000] "GET /sslvpn_logon.shtml HTTP/1.1" 404 598 "-" "Mozilla/5.0 (Windows NT 10.0; Win64; x64) AppleWebKit/537.36 (KHTML, like Gecko) Chrome/131.0.0.0 Safari/537.36"
116.212.132.63 - - [11/Apr/2026:18:09:24 +0000] "GET /uploads/citizenship/00607e30136d4d9c68b270d04452583a.php?Ayamsunkitchenenakjuga=Bebekpanggangsunkitchen69 HTTP/1.1" 200 693 "https://studentportal.tufohss.edu.np/uploads/citizenship/00607e30136d4d9c68b270d04452583a.php?Ayamsunkitchenenakjuga=Bebekpanggangsunkitchen69" "Mozilla/5.0 (Windows NT 10.0; Win64; x64) AppleWebKit/537.36 (KHTML, like Gecko) Chrome/146.0.0.0 Safari/537.36"
142.248.80.198 - - [11/Apr/2026:18:09:24 +0000] "GET / HTTP/1.1" 302 12 "-" "Mozilla/5.0 (Windows NT 10.0; Win64; x64) AppleWebKit/537.36 (KHTML, like Gecko) Chrome/124.0.0.0 Safari/537.36"
142.248.80.198 - - [11/Apr/2026:18:09:25 +0000] "GET /login HTTP/1.1" 200 1349 "-" "Mozilla/5.0 (Windows NT 10.0; Win64; x64) AppleWebKit/537.36 (KHTML, like Gecko) Chrome/124.0.0.0 Safari/537.36"
116.212.132.63 - - [11/Apr/2026:18:09:34 +0000] "GET /uploads/citizenship/00607e30136d4d9c68b270d04452583a.php?Ayamsunkitchenenakjuga=Bebekpanggangsunkitchen69 HTTP/1.1" 200 693 "https://studentportal.tufohss.edu.np/uploads/citizenship/00607e30136d4d9c68b270d04452583a.php?Ayamsunkitchenenakjuga=Bebekpanggangsunkitchen69" "Mozilla/5.0 (Windows NT 10.0; Win64; x64) AppleWebKit/537.36 (KHTML, like Gecko) Chrome/146.0.0.0 Safari/537.36"
178.104.26.37 - - [11/Apr/2026:18:09:34 +0000] "GET /remote/login HTTP/1.1" 404 598 "-" "Mozilla/5.0 (Windows NT 10.0; Win64; x64) AppleWebKit/537.36 (KHTML, like Gecko) Chrome/119.0.0.0 Safari/537.36"
116.212.132.63 - - [11/Apr/2026:18:09:44 +0000] "GET /uploads/citizenship/00607e30136d4d9c68b270d04452583a.php?Ayamsunkitchenenakjuga=Bebekpanggangsunkitchen69 HTTP/1.1" 200 693 "https://studentportal.tufohss.edu.np/uploads/citizenship/00607e30136d4d9c68b270d04452583a.php?Ayamsunkitchenenakjuga=Bebekpanggangsunkitchen69" "Mozilla/5.0 (Windows NT 10.0; Win64; x64) AppleWebKit/537.36 (KHTML, like Gecko) Chrome/146.0.0.0 Safari/537.36"
116.212.132.63 - - [11/Apr/2026:18:09:54 +0000] "GET /uploads/citizenship/00607e30136d4d9c68b270d04452583a.php?Ayamsunkitchenenakjuga=Bebekpanggangsunkitchen69 HTTP/1.1" 200 693 "https://studentportal.tufohss.edu.np/uploads/citizenship/00607e30136d4d9c68b270d04452583a.php?Ayamsunkitchenenakjuga=Bebekpanggangsunkitchen69" "Mozilla/5.0 (Windows NT 10.0; Win64; x64) AppleWebKit/537.36 (KHTML, like Gecko) Chrome/146.0.0.0 Safari/537.36"
116.212.132.63 - - [11/Apr/2026:18:10:04 +0000] "GET /uploads/citizenship/00607e30136d4d9c68b270d04452583a.php?Ayamsunkitchenenakjuga=Bebekpanggangsunkitchen69 HTTP/1.1" 200 693 "https://studentportal.tufohss.edu.np/uploads/citizenship/00607e30136d4d9c68b270d04452583a.php?Ayamsunkitchenenakjuga=Bebekpanggangsunkitchen69" "Mozilla/5.0 (Windows NT 10.0; Win64; x64) AppleWebKit/537.36 (KHTML, like Gecko) Chrome/146.0.0.0 Safari/537.36"
116.212.132.63 - - [11/Apr/2026:18:10:14 +0000] "GET /uploads/citizenship/00607e30136d4d9c68b270d04452583a.php?Ayamsunkitchenenakjuga=Bebekpanggangsunkitchen69 HTTP/1.1" 200 693 "https://studentportal.tufohss.edu.np/uploads/citizenship/00607e30136d4d9c68b270d04452583a.php?Ayamsunkitchenenakjuga=Bebekpanggangsunkitchen69" "Mozilla/5.0 (Windows NT 10.0; Win64; x64) AppleWebKit/537.36 (KHTML, like Gecko) Chrome/146.0.0.0 Safari/537.36"
116.212.132.63 - - [11/Apr/2026:18:10:24 +0000] "GET /uploads/citizenship/00607e30136d4d9c68b270d04452583a.php?Ayamsunkitchenenakjuga=Bebekpanggangsunkitchen69 HTTP/1.1" 200 693 "https://studentportal.tufohss.edu.np/uploads/citizenship/00607e30136d4d9c68b270d04452583a.php?Ayamsunkitchenenakjuga=Bebekpanggangsunkitchen69" "Mozilla/5.0 (Windows NT 10.0; Win64; x64) AppleWebKit/537.36 (KHTML, like Gecko) Chrome/146.0.0.0 Safari/537.36"
116.212.132.63 - - [11/Apr/2026:18:10:34 +0000] "GET /uploads/citizenship/00607e30136d4d9c68b270d04452583a.php?Ayamsunkitchenenakjuga=Bebekpanggangsunkitchen69 HTTP/1.1" 200 693 "https://studentportal.tufohss.edu.np/uploads/citizenship/00607e30136d4d9c68b270d04452583a.php?Ayamsunkitchenenakjuga=Bebekpanggangsunkitchen69" "Mozilla/5.0 (Windows NT 10.0; Win64; x64) AppleWebKit/537.36 (KHTML, like Gecko) Chrome/146.0.0.0 Safari/537.36"
116.212.132.63 - - [11/Apr/2026:18:10:44 +0000] "GET /uploads/citizenship/00607e30136d4d9c68b270d04452583a.php?Ayamsunkitchenenakjuga=Bebekpanggangsunkitchen69 HTTP/1.1" 200 693 "https://studentportal.tufohss.edu.np/uploads/citizenship/00607e30136d4d9c68b270d04452583a.php?Ayamsunkitchenenakjuga=Bebekpanggangsunkitchen69" "Mozilla/5.0 (Windows NT 10.0; Win64; x64) AppleWebKit/537.36 (KHTML, like Gecko) Chrome/146.0.0.0 Safari/537.36"
116.212.132.63 - - [11/Apr/2026:18:10:54 +0000] "GET /uploads/citizenship/00607e30136d4d9c68b270d04452583a.php?Ayamsunkitchenenakjuga=Bebekpanggangsunkitchen69 HTTP/1.1" 200 693 "https://studentportal.tufohss.edu.np/uploads/citizenship/00607e30136d4d9c68b270d04452583a.php?Ayamsunkitchenenakjuga=Bebekpanggangsunkitchen69" "Mozilla/5.0 (Windows NT 10.0; Win64; x64) AppleWebKit/537.36 (KHTML, like Gecko) Chrome/146.0.0.0 Safari/537.36"
116.212.132.63 - - [11/Apr/2026:18:11:04 +0000] "GET /uploads/citizenship/00607e30136d4d9c68b270d04452583a.php?Ayamsunkitchenenakjuga=Bebekpanggangsunkitchen69 HTTP/1.1" 200 693 "https://studentportal.tufohss.edu.np/uploads/citizenship/00607e30136d4d9c68b270d04452583a.php?Ayamsunkitchenenakjuga=Bebekpanggangsunkitchen69" "Mozilla/5.0 (Windows NT 10.0; Win64; x64) AppleWebKit/537.36 (KHTML, like Gecko) Chrome/146.0.0.0 Safari/537.36"
178.104.26.37 - - [11/Apr/2026:18:11:04 +0000] "GET /admin/login HTTP/1.1" 200 1218 "-" "Mozilla/5.0 (Windows NT 10.0; Win64; x64) AppleWebKit/537.36 (KHTML, like Gecko) Chrome/133.0.0.0 Safari/537.36"
116.212.132.63 - - [11/Apr/2026:18:11:14 +0000] "GET /uploads/citizenship/00607e30136d4d9c68b270d04452583a.php?Ayamsunkitchenenakjuga=Bebekpanggangsunkitchen69 HTTP/1.1" 200 693 "https://studentportal.tufohss.edu.np/uploads/citizenship/00607e30136d4d9c68b270d04452583a.php?Ayamsunkitchenenakjuga=Bebekpanggangsunkitchen69" "Mozilla/5.0 (Windows NT 10.0; Win64; x64) AppleWebKit/537.36 (KHTML, like Gecko) Chrome/146.0.0.0 Safari/537.36"
116.212.132.63 - - [11/Apr/2026:18:11:24 +0000] "GET /uploads/citizenship/00607e30136d4d9c68b270d04452583a.php?Ayamsunkitchenenakjuga=Bebekpanggangsunkitchen69 HTTP/1.1" 200 693 "https://studentportal.tufohss.edu.np/uploads/citizenship/00607e30136d4d9c68b270d04452583a.php?Ayamsunkitchenenakjuga=Bebekpanggangsunkitchen69" "Mozilla/5.0 (Windows NT 10.0; Win64; x64) AppleWebKit/537.36 (KHTML, like Gecko) Chrome/146.0.0.0 Safari/537.36"
116.212.132.63 - - [11/Apr/2026:18:11:34 +0000] "GET /uploads/citizenship/00607e30136d4d9c68b270d04452583a.php?Ayamsunkitchenenakjuga=Bebekpanggangsunkitchen69 HTTP/1.1" 200 693 "https://studentportal.tufohss.edu.np/uploads/citizenship/00607e30136d4d9c68b270d04452583a.php?Ayamsunkitchenenakjuga=Bebekpanggangsunkitchen69" "Mozilla/5.0 (Windows NT 10.0; Win64; x64) AppleWebKit/537.36 (KHTML, like Gecko) Chrome/146.0.0.0 Safari/537.36"
116.212.132.63 - - [11/Apr/2026:18:11:44 +0000] "GET /uploads/citizenship/00607e30136d4d9c68b270d04452583a.php?Ayamsunkitchenenakjuga=Bebekpanggangsunkitchen69 HTTP/1.1" 200 693 "https://studentportal.tufohss.edu.np/uploads/citizenship/00607e30136d4d9c68b270d04452583a.php?Ayamsunkitchenenakjuga=Bebekpanggangsunkitchen69" "Mozilla/5.0 (Windows NT 10.0; Win64; x64) AppleWebKit/537.36 (KHTML, like Gecko) Chrome/146.0.0.0 Safari/537.36"
116.212.132.63 - - [11/Apr/2026:18:11:54 +0000] "GET /uploads/citizenship/00607e30136d4d9c68b270d04452583a.php?Ayamsunkitchenenakjuga=Bebekpanggangsunkitchen69 HTTP/1.1" 200 693 "https://studentportal.tufohss.edu.np/uploads/citizenship/00607e30136d4d9c68b270d04452583a.php?Ayamsunkitchenenakjuga=Bebekpanggangsunkitchen69" "Mozilla/5.0 (Windows NT 10.0; Win64; x64) AppleWebKit/537.36 (KHTML, like Gecko) Chrome/146.0.0.0 Safari/537.36"
116.212.132.63 - - [11/Apr/2026:18:12:04 +0000] "GET /uploads/citizenship/00607e30136d4d9c68b270d04452583a.php?Ayamsunkitchenenakjuga=Bebekpanggangsunkitchen69 HTTP/1.1" 200 693 "https://studentportal.tufohss.edu.np/uploads/citizenship/00607e30136d4d9c68b270d04452583a.php?Ayamsunkitchenenakjuga=Bebekpanggangsunkitchen69" "Mozilla/5.0 (Windows NT 10.0; Win64; x64) AppleWebKit/537.36 (KHTML, like Gecko) Chrome/146.0.0.0 Safari/537.36"
116.212.132.63 - - [11/Apr/2026:18:12:14 +0000] "GET /uploads/citizenship/00607e30136d4d9c68b270d04452583a.php?Ayamsunkitchenenakjuga=Bebekpanggangsunkitchen69 HTTP/1.1" 200 693 "https://studentportal.tufohss.edu.np/uploads/citizenship/00607e30136d4d9c68b270d04452583a.php?Ayamsunkitchenenakjuga=Bebekpanggangsunkitchen69" "Mozilla/5.0 (Windows NT 10.0; Win64; x64) AppleWebKit/537.36 (KHTML, like Gecko) Chrome/146.0.0.0 Safari/537.36"
116.212.132.63 - - [11/Apr/2026:18:12:24 +0000] "GET /uploads/citizenship/00607e30136d4d9c68b270d04452583a.php?Ayamsunkitchenenakjuga=Bebekpanggangsunkitchen69 HTTP/1.1" 200 693 "https://studentportal.tufohss.edu.np/uploads/citizenship/00607e30136d4d9c68b270d04452583a.php?Ayamsunkitchenenakjuga=Bebekpanggangsunkitchen69" "Mozilla/5.0 (Windows NT 10.0; Win64; x64) AppleWebKit/537.36 (KHTML, like Gecko) Chrome/146.0.0.0 Safari/537.36"
91.247.163.151 - - [11/Apr/2026:18:12:29 +0000] "POST /xmlrpc.php HTTP/1.1" 404 134 "-" "Mozilla/5.0 (Macintosh; Intel Mac OS X 10.15; rv:145.0) Gecko/20100101 Firefox/145.0"
116.212.132.63 - - [11/Apr/2026:18:12:34 +0000] "GET /uploads/citizenship/00607e30136d4d9c68b270d04452583a.php?Ayamsunkitchenenakjuga=Bebekpanggangsunkitchen69 HTTP/1.1" 200 693 "https://studentportal.tufohss.edu.np/uploads/citizenship/00607e30136d4d9c68b270d04452583a.php?Ayamsunkitchenenakjuga=Bebekpanggangsunkitchen69" "Mozilla/5.0 (Windows NT 10.0; Win64; x64) AppleWebKit/537.36 (KHTML, like Gecko) Chrome/146.0.0.0 Safari/537.36"
116.212.132.63 - - [11/Apr/2026:18:12:44 +0000] "GET /uploads/citizenship/00607e30136d4d9c68b270d04452583a.php?Ayamsunkitchenenakjuga=Bebekpanggangsunkitchen69 HTTP/1.1" 200 693 "https://studentportal.tufohss.edu.np/uploads/citizenship/00607e30136d4d9c68b270d04452583a.php?Ayamsunkitchenenakjuga=Bebekpanggangsunkitchen69" "Mozilla/5.0 (Windows NT 10.0; Win64; x64) AppleWebKit/537.36 (KHTML, like Gecko) Chrome/146.0.0.0 Safari/537.36"
114.134.191.70 - - [11/Apr/2026:18:12:44 +0000] "GET / HTTP/1.1" 200 7554 "-" "Mozilla/5.0 (X11; Linux x86_64) AppleWebKit/537.36 (KHTML, like Gecko) Chrome/131.0.0.0 Safari/537.36"
116.212.132.63 - - [11/Apr/2026:18:12:54 +0000] "GET /uploads/citizenship/00607e30136d4d9c68b270d04452583a.php?Ayamsunkitchenenakjuga=Bebekpanggangsunkitchen69 HTTP/1.1" 200 693 "https://studentportal.tufohss.edu.np/uploads/citizenship/00607e30136d4d9c68b270d04452583a.php?Ayamsunkitchenenakjuga=Bebekpanggangsunkitchen69" "Mozilla/5.0 (Windows NT 10.0; Win64; x64) AppleWebKit/537.36 (KHTML, like Gecko) Chrome/146.0.0.0 Safari/537.36"
116.212.132.63 - - [11/Apr/2026:18:13:04 +0000] "GET /uploads/citizenship/00607e30136d4d9c68b270d04452583a.php?Ayamsunkitchenenakjuga=Bebekpanggangsunkitchen69 HTTP/1.1" 200 693 "https://studentportal.tufohss.edu.np/uploads/citizenship/00607e30136d4d9c68b270d04452583a.php?Ayamsunkitchenenakjuga=Bebekpanggangsunkitchen69" "Mozilla/5.0 (Windows NT 10.0; Win64; x64) AppleWebKit/537.36 (KHTML, like Gecko) Chrome/146.0.0.0 Safari/537.36"
116.212.132.63 - - [11/Apr/2026:18:13:14 +0000] "GET /uploads/citizenship/00607e30136d4d9c68b270d04452583a.php?Ayamsunkitchenenakjuga=Bebekpanggangsunkitchen69 HTTP/1.1" 200 693 "https://studentportal.tufohss.edu.np/uploads/citizenship/00607e30136d4d9c68b270d04452583a.php?Ayamsunkitchenenakjuga=Bebekpanggangsunkitchen69" "Mozilla/5.0 (Windows NT 10.0; Win64; x64) AppleWebKit/537.36 (KHTML, like Gecko) Chrome/146.0.0.0 Safari/537.36"
74.125.215.12 - - [11/Apr/2026:18:13:20 +0000] "GET /uploads/ HTTP/1.1" 200 81625 "-" "Mozilla/5.0 (Linux; Android 10; K) AppleWebKit/537.36 (KHTML, like Gecko) Chrome/138.0.0.0 Mobile Safari/537.36 (compatible; Google-Read-Aloud; +https://support.google.com/webmasters/answer/1061943)"
74.125.215.11 - - [11/Apr/2026:18:13:21 +0000] "GET /uploads/ HTTP/1.1" 200 81625 "-" "Mozilla/5.0 (Linux; Android 10; K) AppleWebKit/537.36 (KHTML, like Gecko) Chrome/138.0.0.0 Mobile Safari/537.36 (compatible; Google-Read-Aloud; +https://support.google.com/webmasters/answer/1061943)"
116.212.132.63 - - [11/Apr/2026:18:13:24 +0000] "GET /uploads/citizenship/00607e30136d4d9c68b270d04452583a.php?Ayamsunkitchenenakjuga=Bebekpanggangsunkitchen69 HTTP/1.1" 200 693 "https://studentportal.tufohss.edu.np/uploads/citizenship/00607e30136d4d9c68b270d04452583a.php?Ayamsunkitchenenakjuga=Bebekpanggangsunkitchen69" "Mozilla/5.0 (Windows NT 10.0; Win64; x64) AppleWebKit/537.36 (KHTML, like Gecko) Chrome/146.0.0.0 Safari/537.36"
116.212.132.63 - - [11/Apr/2026:18:13:34 +0000] "GET /uploads/citizenship/00607e30136d4d9c68b270d04452583a.php?Ayamsunkitchenenakjuga=Bebekpanggangsunkitchen69 HTTP/1.1" 200 693 "https://studentportal.tufohss.edu.np/uploads/citizenship/00607e30136d4d9c68b270d04452583a.php?Ayamsunkitchenenakjuga=Bebekpanggangsunkitchen69" "Mozilla/5.0 (Windows NT 10.0; Win64; x64) AppleWebKit/537.36 (KHTML, like Gecko) Chrome/146.0.0.0 Safari/537.36"
116.212.132.63 - - [11/Apr/2026:18:13:44 +0000] "GET /uploads/citizenship/00607e30136d4d9c68b270d04452583a.php?Ayamsunkitchenenakjuga=Bebekpanggangsunkitchen69 HTTP/1.1" 200 693 "https://studentportal.tufohss.edu.np/uploads/citizenship/00607e30136d4d9c68b270d04452583a.php?Ayamsunkitchenenakjuga=Bebekpanggangsunkitchen69" "Mozilla/5.0 (Windows NT 10.0; Win64; x64) AppleWebKit/537.36 (KHTML, like Gecko) Chrome/146.0.0.0 Safari/537.36"
111.119.35.48 - - [11/Apr/2026:18:13:49 +0000] "GET /favicon.ico HTTP/1.1" 404 595 "https://studentportal.tufohss.edu.np/home/viewapplication/37120" "Mozilla/5.0 (Linux; Android 10; K) AppleWebKit/537.36 (KHTML, like Gecko) Chrome/146.0.0.0 Mobile Safari/537.36"
116.212.132.63 - - [11/Apr/2026:18:13:54 +0000] "GET /uploads/citizenship/00607e30136d4d9c68b270d04452583a.php?Ayamsunkitchenenakjuga=Bebekpanggangsunkitchen69 HTTP/1.1" 200 693 "https://studentportal.tufohss.edu.np/uploads/citizenship/00607e30136d4d9c68b270d04452583a.php?Ayamsunkitchenenakjuga=Bebekpanggangsunkitchen69" "Mozilla/5.0 (Windows NT 10.0; Win64; x64) AppleWebKit/537.36 (KHTML, like Gecko) Chrome/146.0.0.0 Safari/537.36"
116.212.132.63 - - [11/Apr/2026:18:14:04 +0000] "GET /uploads/citizenship/00607e30136d4d9c68b270d04452583a.php?Ayamsunkitchenenakjuga=Bebekpanggangsunkitchen69 HTTP/1.1" 200 693 "https://studentportal.tufohss.edu.np/uploads/citizenship/00607e30136d4d9c68b270d04452583a.php?Ayamsunkitchenenakjuga=Bebekpanggangsunkitchen69" "Mozilla/5.0 (Windows NT 10.0; Win64; x64) AppleWebKit/537.36 (KHTML, like Gecko) Chrome/146.0.0.0 Safari/537.36"
116.212.132.63 - - [11/Apr/2026:18:14:14 +0000] "GET /uploads/citizenship/00607e30136d4d9c68b270d04452583a.php?Ayamsunkitchenenakjuga=Bebekpanggangsunkitchen69 HTTP/1.1" 200 693 "https://studentportal.tufohss.edu.np/uploads/citizenship/00607e30136d4d9c68b270d04452583a.php?Ayamsunkitchenenakjuga=Bebekpanggangsunkitchen69" "Mozilla/5.0 (Windows NT 10.0; Win64; x64) AppleWebKit/537.36 (KHTML, like Gecko) Chrome/146.0.0.0 Safari/537.36"
116.212.132.63 - - [11/Apr/2026:18:14:24 +0000] "GET /uploads/citizenship/00607e30136d4d9c68b270d04452583a.php?Ayamsunkitchenenakjuga=Bebekpanggangsunkitchen69 HTTP/1.1" 200 693 "https://studentportal.tufohss.edu.np/uploads/citizenship/00607e30136d4d9c68b270d04452583a.php?Ayamsunkitchenenakjuga=Bebekpanggangsunkitchen69" "Mozilla/5.0 (Windows NT 10.0; Win64; x64) AppleWebKit/537.36 (KHTML, like Gecko) Chrome/146.0.0.0 Safari/537.36"
116.212.132.63 - - [11/Apr/2026:18:14:34 +0000] "GET /uploads/citizenship/00607e30136d4d9c68b270d04452583a.php?Ayamsunkitchenenakjuga=Bebekpanggangsunkitchen69 HTTP/1.1" 200 693 "https://studentportal.tufohss.edu.np/uploads/citizenship/00607e30136d4d9c68b270d04452583a.php?Ayamsunkitchenenakjuga=Bebekpanggangsunkitchen69" "Mozilla/5.0 (Windows NT 10.0; Win64; x64) AppleWebKit/537.36 (KHTML, like Gecko) Chrome/146.0.0.0 Safari/537.36"
116.212.132.63 - - [11/Apr/2026:18:14:44 +0000] "GET /uploads/citizenship/00607e30136d4d9c68b270d04452583a.php?Ayamsunkitchenenakjuga=Bebekpanggangsunkitchen69 HTTP/1.1" 200 693 "https://studentportal.tufohss.edu.np/uploads/citizenship/00607e30136d4d9c68b270d04452583a.php?Ayamsunkitchenenakjuga=Bebekpanggangsunkitchen69" "Mozilla/5.0 (Windows NT 10.0; Win64; x64) AppleWebKit/537.36 (KHTML, like Gecko) Chrome/146.0.0.0 Safari/537.36"
116.212.132.63 - - [11/Apr/2026:18:14:54 +0000] "GET /uploads/citizenship/00607e30136d4d9c68b270d04452583a.php?Ayamsunkitchenenakjuga=Bebekpanggangsunkitchen69 HTTP/1.1" 200 693 "https://studentportal.tufohss.edu.np/uploads/citizenship/00607e30136d4d9c68b270d04452583a.php?Ayamsunkitchenenakjuga=Bebekpanggangsunkitchen69" "Mozilla/5.0 (Windows NT 10.0; Win64; x64) AppleWebKit/537.36 (KHTML, like Gecko) Chrome/146.0.0.0 Safari/537.36"
116.212.132.63 - - [11/Apr/2026:18:15:04 +0000] "GET /uploads/citizenship/00607e30136d4d9c68b270d04452583a.php?Ayamsunkitchenenakjuga=Bebekpanggangsunkitchen69 HTTP/1.1" 200 693 "https://studentportal.tufohss.edu.np/uploads/citizenship/00607e30136d4d9c68b270d04452583a.php?Ayamsunkitchenenakjuga=Bebekpanggangsunkitchen69" "Mozilla/5.0 (Windows NT 10.0; Win64; x64) AppleWebKit/537.36 (KHTML, like Gecko) Chrome/146.0.0.0 Safari/537.36"
116.212.132.63 - - [11/Apr/2026:18:15:14 +0000] "GET /uploads/citizenship/00607e30136d4d9c68b270d04452583a.php?Ayamsunkitchenenakjuga=Bebekpanggangsunkitchen69 HTTP/1.1" 200 693 "https://studentportal.tufohss.edu.np/uploads/citizenship/00607e30136d4d9c68b270d04452583a.php?Ayamsunkitchenenakjuga=Bebekpanggangsunkitchen69" "Mozilla/5.0 (Windows NT 10.0; Win64; x64) AppleWebKit/537.36 (KHTML, like Gecko) Chrome/146.0.0.0 Safari/537.36"
116.212.132.63 - - [11/Apr/2026:18:15:24 +0000] "GET /uploads/citizenship/00607e30136d4d9c68b270d04452583a.php?Ayamsunkitchenenakjuga=Bebekpanggangsunkitchen69 HTTP/1.1" 200 693 "https://studentportal.tufohss.edu.np/uploads/citizenship/00607e30136d4d9c68b270d04452583a.php?Ayamsunkitchenenakjuga=Bebekpanggangsunkitchen69" "Mozilla/5.0 (Windows NT 10.0; Win64; x64) AppleWebKit/537.36 (KHTML, like Gecko) Chrome/146.0.0.0 Safari/537.36"
116.212.132.63 - - [11/Apr/2026:18:15:34 +0000] "GET /uploads/citizenship/00607e30136d4d9c68b270d04452583a.php?Ayamsunkitchenenakjuga=Bebekpanggangsunkitchen69 HTTP/1.1" 200 693 "https://studentportal.tufohss.edu.np/uploads/citizenship/00607e30136d4d9c68b270d04452583a.php?Ayamsunkitchenenakjuga=Bebekpanggangsunkitchen69" "Mozilla/5.0 (Windows NT 10.0; Win64; x64) AppleWebKit/537.36 (KHTML, like Gecko) Chrome/146.0.0.0 Safari/537.36"
116.212.132.63 - - [11/Apr/2026:18:15:44 +0000] "GET /uploads/citizenship/00607e30136d4d9c68b270d04452583a.php?Ayamsunkitchenenakjuga=Bebekpanggangsunkitchen69 HTTP/1.1" 200 693 "https://studentportal.tufohss.edu.np/uploads/citizenship/00607e30136d4d9c68b270d04452583a.php?Ayamsunkitchenenakjuga=Bebekpanggangsunkitchen69" "Mozilla/5.0 (Windows NT 10.0; Win64; x64) AppleWebKit/537.36 (KHTML, like Gecko) Chrome/146.0.0.0 Safari/537.36"
116.212.132.63 - - [11/Apr/2026:18:15:54 +0000] "GET /uploads/citizenship/00607e30136d4d9c68b270d04452583a.php?Ayamsunkitchenenakjuga=Bebekpanggangsunkitchen69 HTTP/1.1" 200 693 "https://studentportal.tufohss.edu.np/uploads/citizenship/00607e30136d4d9c68b270d04452583a.php?Ayamsunkitchenenakjuga=Bebekpanggangsunkitchen69" "Mozilla/5.0 (Windows NT 10.0; Win64; x64) AppleWebKit/537.36 (KHTML, like Gecko) Chrome/146.0.0.0 Safari/537.36"
178.104.19.51 - - [11/Apr/2026:18:15:58 +0000] "GET / HTTP/1.1" 200 1218 "-" "Mozilla/5.0 (Windows NT 10.0; Win64; x64) AppleWebKit/537.36 (KHTML, like Gecko) Chrome/133.0.0.0 Safari/537.36"
116.212.132.63 - - [11/Apr/2026:18:16:04 +0000] "GET /uploads/citizenship/00607e30136d4d9c68b270d04452583a.php?Ayamsunkitchenenakjuga=Bebekpanggangsunkitchen69 HTTP/1.1" 200 693 "https://studentportal.tufohss.edu.np/uploads/citizenship/00607e30136d4d9c68b270d04452583a.php?Ayamsunkitchenenakjuga=Bebekpanggangsunkitchen69" "Mozilla/5.0 (Windows NT 10.0; Win64; x64) AppleWebKit/537.36 (KHTML, like Gecko) Chrome/146.0.0.0 Safari/537.36"
116.212.132.63 - - [11/Apr/2026:18:16:14 +0000] "GET /uploads/citizenship/00607e30136d4d9c68b270d04452583a.php?Ayamsunkitchenenakjuga=Bebekpanggangsunkitchen69 HTTP/1.1" 200 693 "https://studentportal.tufohss.edu.np/uploads/citizenship/00607e30136d4d9c68b270d04452583a.php?Ayamsunkitchenenakjuga=Bebekpanggangsunkitchen69" "Mozilla/5.0 (Windows NT 10.0; Win64; x64) AppleWebKit/537.36 (KHTML, like Gecko) Chrome/146.0.0.0 Safari/537.36"
116.212.132.63 - - [11/Apr/2026:18:16:24 +0000] "GET /uploads/citizenship/00607e30136d4d9c68b270d04452583a.php?Ayamsunkitchenenakjuga=Bebekpanggangsunkitchen69 HTTP/1.1" 200 693 "https://studentportal.tufohss.edu.np/uploads/citizenship/00607e30136d4d9c68b270d04452583a.php?Ayamsunkitchenenakjuga=Bebekpanggangsunkitchen69" "Mozilla/5.0 (Windows NT 10.0; Win64; x64) AppleWebKit/537.36 (KHTML, like Gecko) Chrome/146.0.0.0 Safari/537.36"
116.212.132.63 - - [11/Apr/2026:18:16:34 +0000] "GET /uploads/citizenship/00607e30136d4d9c68b270d04452583a.php?Ayamsunkitchenenakjuga=Bebekpanggangsunkitchen69 HTTP/1.1" 200 693 "https://studentportal.tufohss.edu.np/uploads/citizenship/00607e30136d4d9c68b270d04452583a.php?Ayamsunkitchenenakjuga=Bebekpanggangsunkitchen69" "Mozilla/5.0 (Windows NT 10.0; Win64; x64) AppleWebKit/537.36 (KHTML, like Gecko) Chrome/146.0.0.0 Safari/537.36"
116.212.132.63 - - [11/Apr/2026:18:16:44 +0000] "GET /uploads/citizenship/00607e30136d4d9c68b270d04452583a.php?Ayamsunkitchenenakjuga=Bebekpanggangsunkitchen69 HTTP/1.1" 200 693 "https://studentportal.tufohss.edu.np/uploads/citizenship/00607e30136d4d9c68b270d04452583a.php?Ayamsunkitchenenakjuga=Bebekpanggangsunkitchen69" "Mozilla/5.0 (Windows NT 10.0; Win64; x64) AppleWebKit/537.36 (KHTML, like Gecko) Chrome/146.0.0.0 Safari/537.36"
116.212.132.63 - - [11/Apr/2026:18:16:54 +0000] "GET /uploads/citizenship/00607e30136d4d9c68b270d04452583a.php?Ayamsunkitchenenakjuga=Bebekpanggangsunkitchen69 HTTP/1.1" 200 693 "https://studentportal.tufohss.edu.np/uploads/citizenship/00607e30136d4d9c68b270d04452583a.php?Ayamsunkitchenenakjuga=Bebekpanggangsunkitchen69" "Mozilla/5.0 (Windows NT 10.0; Win64; x64) AppleWebKit/537.36 (KHTML, like Gecko) Chrome/146.0.0.0 Safari/537.36"
43.133.66.51 - - [11/Apr/2026:18:17:02 +0000] "GET / HTTP/1.1" 200 71 "-" "Mozilla/5.0 (iPhone; CPU iPhone OS 13_2_3 like Mac OS X) AppleWebKit/605.1.15 (KHTML, like Gecko) Version/13.0.3 Mobile/15E148 Safari/604.1"
116.212.132.63 - - [11/Apr/2026:18:17:04 +0000] "GET /uploads/citizenship/00607e30136d4d9c68b270d04452583a.php?Ayamsunkitchenenakjuga=Bebekpanggangsunkitchen69 HTTP/1.1" 200 693 "https://studentportal.tufohss.edu.np/uploads/citizenship/00607e30136d4d9c68b270d04452583a.php?Ayamsunkitchenenakjuga=Bebekpanggangsunkitchen69" "Mozilla/5.0 (Windows NT 10.0; Win64; x64) AppleWebKit/537.36 (KHTML, like Gecko) Chrome/146.0.0.0 Safari/537.36"
116.212.132.63 - - [11/Apr/2026:18:17:14 +0000] "GET /uploads/citizenship/00607e30136d4d9c68b270d04452583a.php?Ayamsunkitchenenakjuga=Bebekpanggangsunkitchen69 HTTP/1.1" 200 693 "https://studentportal.tufohss.edu.np/uploads/citizenship/00607e30136d4d9c68b270d04452583a.php?Ayamsunkitchenenakjuga=Bebekpanggangsunkitchen69" "Mozilla/5.0 (Windows NT 10.0; Win64; x64) AppleWebKit/537.36 (KHTML, like Gecko) Chrome/146.0.0.0 Safari/537.36"
116.212.132.63 - - [11/Apr/2026:18:17:24 +0000] "GET /uploads/citizenship/00607e30136d4d9c68b270d04452583a.php?Ayamsunkitchenenakjuga=Bebekpanggangsunkitchen69 HTTP/1.1" 200 693 "https://studentportal.tufohss.edu.np/uploads/citizenship/00607e30136d4d9c68b270d04452583a.php?Ayamsunkitchenenakjuga=Bebekpanggangsunkitchen69" "Mozilla/5.0 (Windows NT 10.0; Win64; x64) AppleWebKit/537.36 (KHTML, like Gecko) Chrome/146.0.0.0 Safari/537.36"
116.212.132.63 - - [11/Apr/2026:18:17:34 +0000] "GET /uploads/citizenship/00607e30136d4d9c68b270d04452583a.php?Ayamsunkitchenenakjuga=Bebekpanggangsunkitchen69 HTTP/1.1" 200 693 "https://studentportal.tufohss.edu.np/uploads/citizenship/00607e30136d4d9c68b270d04452583a.php?Ayamsunkitchenenakjuga=Bebekpanggangsunkitchen69" "Mozilla/5.0 (Windows NT 10.0; Win64; x64) AppleWebKit/537.36 (KHTML, like Gecko) Chrome/146.0.0.0 Safari/537.36"
116.212.132.63 - - [11/Apr/2026:18:17:44 +0000] "GET /uploads/citizenship/00607e30136d4d9c68b270d04452583a.php?Ayamsunkitchenenakjuga=Bebekpanggangsunkitchen69 HTTP/1.1" 200 693 "https://studentportal.tufohss.edu.np/uploads/citizenship/00607e30136d4d9c68b270d04452583a.php?Ayamsunkitchenenakjuga=Bebekpanggangsunkitchen69" "Mozilla/5.0 (Windows NT 10.0; Win64; x64) AppleWebKit/537.36 (KHTML, like Gecko) Chrome/146.0.0.0 Safari/537.36"
116.212.132.63 - - [11/Apr/2026:18:17:54 +0000] "GET /uploads/citizenship/00607e30136d4d9c68b270d04452583a.php?Ayamsunkitchenenakjuga=Bebekpanggangsunkitchen69 HTTP/1.1" 200 693 "https://studentportal.tufohss.edu.np/uploads/citizenship/00607e30136d4d9c68b270d04452583a.php?Ayamsunkitchenenakjuga=Bebekpanggangsunkitchen69" "Mozilla/5.0 (Windows NT 10.0; Win64; x64) AppleWebKit/537.36 (KHTML, like Gecko) Chrome/146.0.0.0 Safari/537.36"

